<?xml version="1.0"?>
<link_info>
   <banner>TI ARM Linker PC v15.12.1.LTS</banner>
   <copyright>Copyright (c) 1996-2015 Texas Instruments Incorporated</copyright>
   <link_time>0x58952517</link_time>
   <link_errors>0x0</link_errors>
   <output_file>PWMandTCP.out</output_file>
   <entry_point>
      <name>_c_int00</name>
      <address>0x2000c685</address>
   </entry_point>
   <input_file_list>
      <input_file id="fl-2">
         <path>.\</path>
         <kind>object</kind>
         <file>main.obj</file>
         <name>main.obj</name>
      </input_file>
      <input_file id="fl-3">
         <path>.\</path>
         <kind>object</kind>
         <file>network_common.obj</file>
         <name>network_common.obj</name>
      </input_file>
      <input_file id="fl-4">
         <path>.\</path>
         <kind>object</kind>
         <file>pinmux.obj</file>
         <name>pinmux.obj</name>
      </input_file>
      <input_file id="fl-5">
         <path>.\</path>
         <kind>object</kind>
         <file>startup_ccs.obj</file>
         <name>startup_ccs.obj</name>
      </input_file>
      <input_file id="fl-6">
         <path>.\</path>
         <kind>object</kind>
         <file>uart_if.obj</file>
         <name>uart_if.obj</name>
      </input_file>
      <input_file id="fl-7">
         <path>.\</path>
         <kind>object</kind>
         <file>udma_if.obj</file>
         <name>udma_if.obj</name>
      </input_file>
      <input_file id="fl-c3">
         <path>C:\TI\ccsv6\tools\compiler\ti-cgt-arm_15.12.1.LTS\lib\</path>
         <kind>archive</kind>
         <file>rtsv7M4_T_le_eabi.lib</file>
         <name>boot.obj</name>
      </input_file>
      <input_file id="fl-c4">
         <path>C:\TI\ccsv6\tools\compiler\ti-cgt-arm_15.12.1.LTS\lib\</path>
         <kind>archive</kind>
         <file>rtsv7M4_T_le_eabi.lib</file>
         <name>copy_decompress_none.obj</name>
      </input_file>
      <input_file id="fl-c5">
         <path>C:\TI\ccsv6\tools\compiler\ti-cgt-arm_15.12.1.LTS\lib\</path>
         <kind>archive</kind>
         <file>rtsv7M4_T_le_eabi.lib</file>
         <name>copy_decompress_rle.obj</name>
      </input_file>
      <input_file id="fl-c6">
         <path>C:\TI\ccsv6\tools\compiler\ti-cgt-arm_15.12.1.LTS\lib\</path>
         <kind>archive</kind>
         <file>rtsv7M4_T_le_eabi.lib</file>
         <name>copy_zero_init.obj</name>
      </input_file>
      <input_file id="fl-c7">
         <path>C:\TI\ccsv6\tools\compiler\ti-cgt-arm_15.12.1.LTS\lib\</path>
         <kind>archive</kind>
         <file>rtsv7M4_T_le_eabi.lib</file>
         <name>exit.obj</name>
      </input_file>
      <input_file id="fl-c8">
         <path>C:\TI\ccsv6\tools\compiler\ti-cgt-arm_15.12.1.LTS\lib\</path>
         <kind>archive</kind>
         <file>rtsv7M4_T_le_eabi.lib</file>
         <name>memcpy_t2.obj</name>
      </input_file>
      <input_file id="fl-c9">
         <path>C:\TI\ccsv6\tools\compiler\ti-cgt-arm_15.12.1.LTS\lib\</path>
         <kind>archive</kind>
         <file>rtsv7M4_T_le_eabi.lib</file>
         <name>memmov.obj</name>
      </input_file>
      <input_file id="fl-ca">
         <path>C:\TI\ccsv6\tools\compiler\ti-cgt-arm_15.12.1.LTS\lib\</path>
         <kind>archive</kind>
         <file>rtsv7M4_T_le_eabi.lib</file>
         <name>memory.obj</name>
      </input_file>
      <input_file id="fl-cb">
         <path>C:\TI\ccsv6\tools\compiler\ti-cgt-arm_15.12.1.LTS\lib\</path>
         <kind>archive</kind>
         <file>rtsv7M4_T_le_eabi.lib</file>
         <name>memset_t2.obj</name>
      </input_file>
      <input_file id="fl-cc">
         <path>C:\TI\ccsv6\tools\compiler\ti-cgt-arm_15.12.1.LTS\lib\</path>
         <kind>archive</kind>
         <file>rtsv7M4_T_le_eabi.lib</file>
         <name>mpu_init.obj</name>
      </input_file>
      <input_file id="fl-cd">
         <path>C:\TI\ccsv6\tools\compiler\ti-cgt-arm_15.12.1.LTS\lib\</path>
         <kind>archive</kind>
         <file>rtsv7M4_T_le_eabi.lib</file>
         <name>pre_init.obj</name>
      </input_file>
      <input_file id="fl-ce">
         <path>C:\TI\ccsv6\tools\compiler\ti-cgt-arm_15.12.1.LTS\lib\</path>
         <kind>archive</kind>
         <file>rtsv7M4_T_le_eabi.lib</file>
         <name>stkdepth_vars.obj</name>
      </input_file>
      <input_file id="fl-cf">
         <path>C:\TI\ccsv6\tools\compiler\ti-cgt-arm_15.12.1.LTS\lib\</path>
         <kind>archive</kind>
         <file>rtsv7M4_T_le_eabi.lib</file>
         <name>strlen.obj</name>
      </input_file>
      <input_file id="fl-d0">
         <path>C:\TI\ccsv6\tools\compiler\ti-cgt-arm_15.12.1.LTS\lib\</path>
         <kind>archive</kind>
         <file>rtsv7M4_T_le_eabi.lib</file>
         <name>strtok.obj</name>
      </input_file>
      <input_file id="fl-d1">
         <path>C:\TI\ccsv6\tools\compiler\ti-cgt-arm_15.12.1.LTS\lib\</path>
         <kind>archive</kind>
         <file>rtsv7M4_T_le_eabi.lib</file>
         <name>strtoul.obj</name>
      </input_file>
      <input_file id="fl-d2">
         <path>C:\TI\ccsv6\tools\compiler\ti-cgt-arm_15.12.1.LTS\lib\</path>
         <kind>archive</kind>
         <file>rtsv7M4_T_le_eabi.lib</file>
         <name>vsnprintf.obj</name>
      </input_file>
      <input_file id="fl-d3">
         <path>C:\TI\ccsv6\tools\compiler\ti-cgt-arm_15.12.1.LTS\lib\</path>
         <kind>archive</kind>
         <file>rtsv7M4_T_le_eabi.lib</file>
         <name>_lock.obj</name>
      </input_file>
      <input_file id="fl-d4">
         <path>C:\TI\ccsv6\tools\compiler\ti-cgt-arm_15.12.1.LTS\lib\</path>
         <kind>archive</kind>
         <file>rtsv7M4_T_le_eabi.lib</file>
         <name>_printfi.obj</name>
      </input_file>
      <input_file id="fl-d5">
         <path>C:\TI\ccsv6\tools\compiler\ti-cgt-arm_15.12.1.LTS\lib\</path>
         <kind>archive</kind>
         <file>rtsv7M4_T_le_eabi.lib</file>
         <name>args_main.obj</name>
      </input_file>
      <input_file id="fl-d6">
         <path>C:\TI\ccsv6\tools\compiler\ti-cgt-arm_15.12.1.LTS\lib\</path>
         <kind>archive</kind>
         <file>rtsv7M4_T_le_eabi.lib</file>
         <name>atoi.obj</name>
      </input_file>
      <input_file id="fl-d7">
         <path>C:\TI\ccsv6\tools\compiler\ti-cgt-arm_15.12.1.LTS\lib\</path>
         <kind>archive</kind>
         <file>rtsv7M4_T_le_eabi.lib</file>
         <name>autoinit.obj</name>
      </input_file>
      <input_file id="fl-d8">
         <path>C:\TI\ccsv6\tools\compiler\ti-cgt-arm_15.12.1.LTS\lib\</path>
         <kind>archive</kind>
         <file>rtsv7M4_T_le_eabi.lib</file>
         <name>cpy_tbl.obj</name>
      </input_file>
      <input_file id="fl-d9">
         <path>C:\TI\ccsv6\tools\compiler\ti-cgt-arm_15.12.1.LTS\lib\</path>
         <kind>archive</kind>
         <file>rtsv7M4_T_le_eabi.lib</file>
         <name>ctype.obj</name>
      </input_file>
      <input_file id="fl-da">
         <path>C:\TI\ccsv6\tools\compiler\ti-cgt-arm_15.12.1.LTS\lib\</path>
         <kind>archive</kind>
         <file>rtsv7M4_T_le_eabi.lib</file>
         <name>errno.obj</name>
      </input_file>
      <input_file id="fl-db">
         <path>C:\TI\ccsv6\tools\compiler\ti-cgt-arm_15.12.1.LTS\lib\</path>
         <kind>archive</kind>
         <file>rtsv7M4_T_le_eabi.lib</file>
         <name>fd_add_t2.obj</name>
      </input_file>
      <input_file id="fl-dc">
         <path>C:\TI\ccsv6\tools\compiler\ti-cgt-arm_15.12.1.LTS\lib\</path>
         <kind>archive</kind>
         <file>rtsv7M4_T_le_eabi.lib</file>
         <name>fd_cmp_t2.obj</name>
      </input_file>
      <input_file id="fl-dd">
         <path>C:\TI\ccsv6\tools\compiler\ti-cgt-arm_15.12.1.LTS\lib\</path>
         <kind>archive</kind>
         <file>rtsv7M4_T_le_eabi.lib</file>
         <name>fd_div_t2.obj</name>
      </input_file>
      <input_file id="fl-de">
         <path>C:\TI\ccsv6\tools\compiler\ti-cgt-arm_15.12.1.LTS\lib\</path>
         <kind>archive</kind>
         <file>rtsv7M4_T_le_eabi.lib</file>
         <name>fd_mul_t2.obj</name>
      </input_file>
      <input_file id="fl-df">
         <path>C:\TI\ccsv6\tools\compiler\ti-cgt-arm_15.12.1.LTS\lib\</path>
         <kind>archive</kind>
         <file>rtsv7M4_T_le_eabi.lib</file>
         <name>fd_toi_t2.obj</name>
      </input_file>
      <input_file id="fl-e0">
         <path>C:\TI\ccsv6\tools\compiler\ti-cgt-arm_15.12.1.LTS\lib\</path>
         <kind>archive</kind>
         <file>rtsv7M4_T_le_eabi.lib</file>
         <name>i_tofd_t2.obj</name>
      </input_file>
      <input_file id="fl-e1">
         <path>C:\TI\ccsv6\tools\compiler\ti-cgt-arm_15.12.1.LTS\lib\</path>
         <kind>archive</kind>
         <file>rtsv7M4_T_le_eabi.lib</file>
         <name>ltoa.obj</name>
      </input_file>
      <input_file id="fl-e2">
         <path>C:\TI\ccsv6\tools\compiler\ti-cgt-arm_15.12.1.LTS\lib\</path>
         <kind>archive</kind>
         <file>rtsv7M4_T_le_eabi.lib</file>
         <name>memccpy.obj</name>
      </input_file>
      <input_file id="fl-e3">
         <path>C:\TI\ccsv6\tools\compiler\ti-cgt-arm_15.12.1.LTS\lib\</path>
         <kind>archive</kind>
         <file>rtsv7M4_T_le_eabi.lib</file>
         <name>s_frexp.obj</name>
      </input_file>
      <input_file id="fl-e4">
         <path>C:\TI\ccsv6\tools\compiler\ti-cgt-arm_15.12.1.LTS\lib\</path>
         <kind>archive</kind>
         <file>rtsv7M4_T_le_eabi.lib</file>
         <name>s_scalbn.obj</name>
      </input_file>
      <input_file id="fl-e5">
         <path>C:\TI\ccsv6\tools\compiler\ti-cgt-arm_15.12.1.LTS\lib\</path>
         <kind>archive</kind>
         <file>rtsv7M4_T_le_eabi.lib</file>
         <name>startup.obj</name>
      </input_file>
      <input_file id="fl-e6">
         <path>C:\TI\ccsv6\tools\compiler\ti-cgt-arm_15.12.1.LTS\lib\</path>
         <kind>archive</kind>
         <file>rtsv7M4_T_le_eabi.lib</file>
         <name>strchr.obj</name>
      </input_file>
      <input_file id="fl-e7">
         <path>C:\TI\ccsv6\tools\compiler\ti-cgt-arm_15.12.1.LTS\lib\</path>
         <kind>archive</kind>
         <file>rtsv7M4_T_le_eabi.lib</file>
         <name>strcspn.obj</name>
      </input_file>
      <input_file id="fl-e8">
         <path>C:\TI\ccsv6\tools\compiler\ti-cgt-arm_15.12.1.LTS\lib\</path>
         <kind>archive</kind>
         <file>rtsv7M4_T_le_eabi.lib</file>
         <name>strspn.obj</name>
      </input_file>
      <input_file id="fl-e9">
         <path>C:\TI\ccsv6\tools\compiler\ti-cgt-arm_15.12.1.LTS\lib\</path>
         <kind>archive</kind>
         <file>rtsv7M4_T_le_eabi.lib</file>
         <name>ull_div_t2.obj</name>
      </input_file>
      <input_file id="fl-ea">
         <path>C:\TI\ccsv6\tools\compiler\ti-cgt-arm_15.12.1.LTS\lib\</path>
         <kind>archive</kind>
         <file>rtsv7M4_T_le_eabi.lib</file>
         <name>s_copysign.obj</name>
      </input_file>
      <input_file id="fl-eb">
         <path>C:\TI\CC3200SDK_1.2.0\cc3200-sdk\simplelink\ccs\NON_OS\</path>
         <kind>archive</kind>
         <file>simplelink.a</file>
         <name>device.obj</name>
      </input_file>
      <input_file id="fl-ec">
         <path>C:\TI\CC3200SDK_1.2.0\cc3200-sdk\simplelink\ccs\NON_OS\</path>
         <kind>archive</kind>
         <file>simplelink.a</file>
         <name>driver.obj</name>
      </input_file>
      <input_file id="fl-ed">
         <path>C:\TI\CC3200SDK_1.2.0\cc3200-sdk\simplelink\ccs\NON_OS\</path>
         <kind>archive</kind>
         <file>simplelink.a</file>
         <name>netapp.obj</name>
      </input_file>
      <input_file id="fl-ee">
         <path>C:\TI\CC3200SDK_1.2.0\cc3200-sdk\simplelink\ccs\NON_OS\</path>
         <kind>archive</kind>
         <file>simplelink.a</file>
         <name>netcfg.obj</name>
      </input_file>
      <input_file id="fl-ef">
         <path>C:\TI\CC3200SDK_1.2.0\cc3200-sdk\simplelink\ccs\NON_OS\</path>
         <kind>archive</kind>
         <file>simplelink.a</file>
         <name>nonos.obj</name>
      </input_file>
      <input_file id="fl-f0">
         <path>C:\TI\CC3200SDK_1.2.0\cc3200-sdk\simplelink\ccs\NON_OS\</path>
         <kind>archive</kind>
         <file>simplelink.a</file>
         <name>socket.obj</name>
      </input_file>
      <input_file id="fl-f1">
         <path>C:\TI\CC3200SDK_1.2.0\cc3200-sdk\simplelink\ccs\NON_OS\</path>
         <kind>archive</kind>
         <file>simplelink.a</file>
         <name>wlan.obj</name>
      </input_file>
      <input_file id="fl-f2">
         <path>C:\TI\CC3200SDK_1.2.0\cc3200-sdk\simplelink\ccs\NON_OS\</path>
         <kind>archive</kind>
         <file>simplelink.a</file>
         <name>cc_pal.obj</name>
      </input_file>
      <input_file id="fl-f3">
         <path>C:\TI\CC3200SDK_1.2.0\cc3200-sdk\driverlib\ccs\Release\</path>
         <kind>archive</kind>
         <file>driverlib.a</file>
         <name>gpio.obj</name>
      </input_file>
      <input_file id="fl-f4">
         <path>C:\TI\CC3200SDK_1.2.0\cc3200-sdk\driverlib\ccs\Release\</path>
         <kind>archive</kind>
         <file>driverlib.a</file>
         <name>interrupt.obj</name>
      </input_file>
      <input_file id="fl-f5">
         <path>C:\TI\CC3200SDK_1.2.0\cc3200-sdk\driverlib\ccs\Release\</path>
         <kind>archive</kind>
         <file>driverlib.a</file>
         <name>pin.obj</name>
      </input_file>
      <input_file id="fl-f6">
         <path>C:\TI\CC3200SDK_1.2.0\cc3200-sdk\driverlib\ccs\Release\</path>
         <kind>archive</kind>
         <file>driverlib.a</file>
         <name>prcm.obj</name>
      </input_file>
      <input_file id="fl-f7">
         <path>C:\TI\CC3200SDK_1.2.0\cc3200-sdk\driverlib\ccs\Release\</path>
         <kind>archive</kind>
         <file>driverlib.a</file>
         <name>spi.obj</name>
      </input_file>
      <input_file id="fl-f8">
         <path>C:\TI\CC3200SDK_1.2.0\cc3200-sdk\driverlib\ccs\Release\</path>
         <kind>archive</kind>
         <file>driverlib.a</file>
         <name>timer.obj</name>
      </input_file>
      <input_file id="fl-f9">
         <path>C:\TI\CC3200SDK_1.2.0\cc3200-sdk\driverlib\ccs\Release\</path>
         <kind>archive</kind>
         <file>driverlib.a</file>
         <name>uart.obj</name>
      </input_file>
      <input_file id="fl-fa">
         <path>C:\TI\CC3200SDK_1.2.0\cc3200-sdk\driverlib\ccs\Release\</path>
         <kind>archive</kind>
         <file>driverlib.a</file>
         <name>udma.obj</name>
      </input_file>
      <input_file id="fl-fb">
         <path>C:\TI\CC3200SDK_1.2.0\cc3200-sdk\driverlib\ccs\Release\</path>
         <kind>archive</kind>
         <file>driverlib.a</file>
         <name>utils.obj</name>
      </input_file>
      <input_file id="fl-fc">
         <path>C:\TI\CC3200SDK_1.2.0\cc3200-sdk\driverlib\ccs\Release\</path>
         <kind>archive</kind>
         <file>driverlib.a</file>
         <name>cpu.obj</name>
      </input_file>
      <input_file id="fl-fd">
         <path>C:\TI\CC3200SDK_1.2.0\cc3200-sdk\driverlib\ccs\Release\</path>
         <kind>archive</kind>
         <file>driverlib.a</file>
         <name>flash.obj</name>
      </input_file>
   </input_file_list>
   <object_component_list>
      <object_component id="oc-f">
         <name>.intvecs</name>
         <load_address>0x20004000</load_address>
         <run_address>0x20004000</run_address>
         <size>0x400</size>
         <input_file_ref idref="fl-5"/>
      </object_component>
      <object_component id="oc-ac">
         <name>.text</name>
         <load_address>0x20004400</load_address>
         <run_address>0x20004400</run_address>
         <size>0x175c</size>
         <input_file_ref idref="fl-2"/>
      </object_component>
      <object_component id="oc-44b">
         <name>.text</name>
         <load_address>0x20005b5c</load_address>
         <run_address>0x20005b5c</run_address>
         <size>0x10fc</size>
         <input_file_ref idref="fl-d4"/>
      </object_component>
      <object_component id="oc-6a6">
         <name>.text:_SlDrvMsgRead</name>
         <load_address>0x20006c58</load_address>
         <run_address>0x20006c58</run_address>
         <size>0x590</size>
         <input_file_ref idref="fl-ec"/>
      </object_component>
      <object_component id="oc-25c">
         <name>.text</name>
         <load_address>0x200071e8</load_address>
         <run_address>0x200071e8</run_address>
         <size>0x3dc</size>
         <input_file_ref idref="fl-ca"/>
      </object_component>
      <object_component id="oc-104">
         <name>.text</name>
         <load_address>0x200075c4</load_address>
         <run_address>0x200075c4</run_address>
         <size>0x280</size>
         <input_file_ref idref="fl-6"/>
      </object_component>
      <object_component id="oc-1c2">
         <name>.text:sl_WlanConnect</name>
         <load_address>0x20007844</load_address>
         <run_address>0x20007844</run_address>
         <size>0x260</size>
         <input_file_ref idref="fl-f1"/>
      </object_component>
      <object_component id="oc-71b">
         <name>.text:_SlDrvRxHdrRead</name>
         <load_address>0x20007aa4</load_address>
         <run_address>0x20007aa4</run_address>
         <size>0x23c</size>
         <input_file_ref idref="fl-ec"/>
      </object_component>
      <object_component id="oc-5f5">
         <name>.text</name>
         <load_address>0x20007ce0</load_address>
         <run_address>0x20007ce0</run_address>
         <size>0x1f4</size>
         <input_file_ref idref="fl-e9"/>
      </object_component>
      <object_component id="oc-36a">
         <name>.text:_SlDrvDataReadOp</name>
         <load_address>0x20007ed4</load_address>
         <run_address>0x20007ed4</run_address>
         <size>0x1e4</size>
         <input_file_ref idref="fl-ec"/>
      </object_component>
      <object_component id="oc-2ae">
         <name>.text:_SlDrvReleasePoolObj</name>
         <load_address>0x200080b8</load_address>
         <run_address>0x200080b8</run_address>
         <size>0x1d0</size>
         <input_file_ref idref="fl-ec"/>
      </object_component>
      <object_component id="oc-1e4">
         <name>.text</name>
         <load_address>0x20008288</load_address>
         <run_address>0x20008288</run_address>
         <size>0x1cc</size>
         <input_file_ref idref="fl-7"/>
      </object_component>
      <object_component id="oc-61e">
         <name>.text</name>
         <load_address>0x20008454</load_address>
         <run_address>0x20008454</run_address>
         <size>0x1b6</size>
         <input_file_ref idref="fl-db"/>
      </object_component>
      <object_component id="oc-694">
         <name>.text:IntDefaultHandler</name>
         <load_address>0x2000860a</load_address>
         <run_address>0x2000860a</run_address>
         <size>0x2</size>
         <input_file_ref idref="fl-f4"/>
      </object_component>
      <object_component id="oc-284">
         <name>.text:_SlDrvDriverCBInit</name>
         <load_address>0x2000860c</load_address>
         <run_address>0x2000860c</run_address>
         <size>0x1b4</size>
         <input_file_ref idref="fl-ec"/>
      </object_component>
      <object_component id="oc-1b3">
         <name>.text:sl_Accept</name>
         <load_address>0x200087c0</load_address>
         <run_address>0x200087c0</run_address>
         <size>0x1a0</size>
         <input_file_ref idref="fl-f0"/>
      </object_component>
      <object_component id="oc-555">
         <name>.text:_SlDrvMsgWrite</name>
         <load_address>0x20008960</load_address>
         <run_address>0x20008960</run_address>
         <size>0x19c</size>
         <input_file_ref idref="fl-ec"/>
      </object_component>
      <object_component id="oc-4d9">
         <name>.text:_SlDrvWaitForPoolObj</name>
         <load_address>0x20008afc</load_address>
         <run_address>0x20008afc</run_address>
         <size>0x190</size>
         <input_file_ref idref="fl-ec"/>
      </object_component>
      <object_component id="oc-1da">
         <name>.text:PRCMCC3200MCUInit</name>
         <load_address>0x20008c8c</load_address>
         <run_address>0x20008c8c</run_address>
         <size>0x178</size>
         <input_file_ref idref="fl-f6"/>
      </object_component>
      <object_component id="oc-72d">
         <name>.text:_SlFindAndSetActiveObj</name>
         <load_address>0x20008e04</load_address>
         <run_address>0x20008e04</run_address>
         <size>0x170</size>
         <input_file_ref idref="fl-ec"/>
      </object_component>
      <object_component id="oc-184">
         <name>.text:sl_Connect</name>
         <load_address>0x20008f74</load_address>
         <run_address>0x20008f74</run_address>
         <size>0x16c</size>
         <input_file_ref idref="fl-f0"/>
      </object_component>
      <object_component id="oc-363">
         <name>.text:_SlDrvDataWriteOp</name>
         <load_address>0x200090e0</load_address>
         <run_address>0x200090e0</run_address>
         <size>0x150</size>
         <input_file_ref idref="fl-ec"/>
      </object_component>
      <object_component id="oc-28a">
         <name>.text:spi_Open</name>
         <load_address>0x20009230</load_address>
         <run_address>0x20009230</run_address>
         <size>0x148</size>
         <input_file_ref idref="fl-f2"/>
      </object_component>
      <object_component id="oc-604">
         <name>.text</name>
         <load_address>0x20009378</load_address>
         <run_address>0x20009378</run_address>
         <size>0x136</size>
         <input_file_ref idref="fl-dd"/>
      </object_component>
      <object_component id="oc-5b">
         <name>.text</name>
         <load_address>0x200094ae</load_address>
         <run_address>0x200094ae</run_address>
         <size>0x2</size>
         <input_file_ref idref="fl-cc"/>
      </object_component>
      <object_component id="oc-55b">
         <name>.text:_SlDrvMsgReadCmdCtx</name>
         <load_address>0x200094b0</load_address>
         <run_address>0x200094b0</run_address>
         <size>0x128</size>
         <input_file_ref idref="fl-ec"/>
      </object_component>
      <object_component id="oc-2ed">
         <name>.text:_SlDrvDriverCBDeinit</name>
         <load_address>0x200095d8</load_address>
         <run_address>0x200095d8</run_address>
         <size>0x124</size>
         <input_file_ref idref="fl-ec"/>
      </object_component>
      <object_component id="oc-190">
         <name>.text:sl_Send</name>
         <load_address>0x200096fc</load_address>
         <run_address>0x200096fc</run_address>
         <size>0x118</size>
         <input_file_ref idref="fl-f0"/>
      </object_component>
      <object_component id="oc-166">
         <name>.text</name>
         <load_address>0x20009814</load_address>
         <run_address>0x20009814</run_address>
         <size>0x114</size>
         <input_file_ref idref="fl-d1"/>
      </object_component>
      <object_component id="oc-789">
         <name>.text:_SlDrvNetAppEventHandler</name>
         <load_address>0x20009928</load_address>
         <run_address>0x20009928</run_address>
         <size>0x104</size>
         <input_file_ref idref="fl-ed"/>
      </object_component>
      <object_component id="oc-1ea">
         <name>.text</name>
         <load_address>0x20009a2c</load_address>
         <run_address>0x20009a2c</run_address>
         <size>0x104</size>
         <input_file_ref idref="fl-4"/>
      </object_component>
      <object_component id="oc-5ff">
         <name>.text</name>
         <load_address>0x20009b30</load_address>
         <run_address>0x20009b30</run_address>
         <size>0xfc</size>
         <input_file_ref idref="fl-de"/>
      </object_component>
      <object_component id="oc-727">
         <name>.text:spi_Read</name>
         <load_address>0x20009c2c</load_address>
         <run_address>0x20009c2c</run_address>
         <size>0xf0</size>
         <input_file_ref idref="fl-f2"/>
      </object_component>
      <object_component id="oc-400">
         <name>.text:uDMAChannelTransferSet</name>
         <load_address>0x20009d1c</load_address>
         <run_address>0x20009d1c</run_address>
         <size>0xf0</size>
         <input_file_ref idref="fl-fa"/>
      </object_component>
      <object_component id="oc-6ac">
         <name>.text:_SlAsyncEventGenericHandler</name>
         <load_address>0x20009e0c</load_address>
         <run_address>0x20009e0c</run_address>
         <size>0xe8</size>
         <input_file_ref idref="fl-ec"/>
      </object_component>
      <object_component id="oc-123">
         <name>.text:sl_Stop</name>
         <load_address>0x20009ef4</load_address>
         <run_address>0x20009ef4</run_address>
         <size>0xe4</size>
         <input_file_ref idref="fl-eb"/>
      </object_component>
      <object_component id="oc-111">
         <name>.text:sl_Start</name>
         <load_address>0x20009fd8</load_address>
         <run_address>0x20009fd8</run_address>
         <size>0xe0</size>
         <input_file_ref idref="fl-eb"/>
      </object_component>
      <object_component id="oc-721">
         <name>.text:_SlDrvClassifyRxMsg</name>
         <load_address>0x2000a0b8</load_address>
         <run_address>0x2000a0b8</run_address>
         <size>0xdc</size>
         <input_file_ref idref="fl-ec"/>
      </object_component>
      <object_component id="oc-53c">
         <name>.text:_SlDrvMsgReadSpawnCtx</name>
         <load_address>0x2000a194</load_address>
         <run_address>0x2000a194</run_address>
         <size>0xd4</size>
         <input_file_ref idref="fl-ec"/>
      </object_component>
      <object_component id="oc-629">
         <name>.text</name>
         <load_address>0x2000a268</load_address>
         <run_address>0x2000a268</run_address>
         <size>0xd0</size>
         <input_file_ref idref="fl-e4"/>
      </object_component>
      <object_component id="oc-7ce">
         <name>.text:_sl_HandleAsync_DnsGetHostByService</name>
         <load_address>0x2000a338</load_address>
         <run_address>0x2000a338</run_address>
         <size>0xcc</size>
         <input_file_ref idref="fl-ed"/>
      </object_component>
      <object_component id="oc-31c">
         <name>.text:sl_NetAppMDNSRegisterUnregisterService</name>
         <load_address>0x2000a404</load_address>
         <run_address>0x2000a404</run_address>
         <size>0xc8</size>
         <input_file_ref idref="fl-ed"/>
      </object_component>
      <object_component id="oc-514">
         <name>.text:_SlRemoveFromList</name>
         <load_address>0x2000a4cc</load_address>
         <run_address>0x2000a4cc</run_address>
         <size>0xc4</size>
         <input_file_ref idref="fl-ec"/>
      </object_component>
      <object_component id="oc-2d7">
         <name>.text:_SlDrvCmdOp</name>
         <load_address>0x2000a590</load_address>
         <run_address>0x2000a590</run_address>
         <size>0xc0</size>
         <input_file_ref idref="fl-ec"/>
      </object_component>
      <object_component id="oc-129">
         <name>.text:sl_DevGet</name>
         <load_address>0x2000a650</load_address>
         <run_address>0x2000a650</run_address>
         <size>0xb4</size>
         <input_file_ref idref="fl-eb"/>
      </object_component>
      <object_component id="oc-471">
         <name>.text:_SlNonOsSemGet</name>
         <load_address>0x2000a704</load_address>
         <run_address>0x2000a704</run_address>
         <size>0xac</size>
         <input_file_ref idref="fl-ef"/>
      </object_component>
      <object_component id="oc-4f3">
         <name>.text:IntDisable</name>
         <load_address>0x2000a7b0</load_address>
         <run_address>0x2000a7b0</run_address>
         <size>0xa8</size>
         <input_file_ref idref="fl-f4"/>
      </object_component>
      <object_component id="oc-1d4">
         <name>.text:IntEnable</name>
         <load_address>0x2000a858</load_address>
         <run_address>0x2000a858</run_address>
         <size>0xa8</size>
         <input_file_ref idref="fl-f4"/>
      </object_component>
      <object_component id="oc-50d">
         <name>.text:_SlDriverHandleError</name>
         <load_address>0x2000a900</load_address>
         <run_address>0x2000a900</run_address>
         <size>0xa4</size>
         <input_file_ref idref="fl-ec"/>
      </object_component>
      <object_component id="oc-48e">
         <name>.text:SPIConfigSetExpClk</name>
         <load_address>0x2000a9a4</load_address>
         <run_address>0x2000a9a4</run_address>
         <size>0xa0</size>
         <input_file_ref idref="fl-f7"/>
      </object_component>
      <object_component id="oc-36">
         <name>.text</name>
         <load_address>0x2000aa44</load_address>
         <run_address>0x2000aa44</run_address>
         <size>0x9c</size>
         <input_file_ref idref="fl-c8"/>
      </object_component>
      <object_component id="oc-1a1">
         <name>.text:sl_Bind</name>
         <load_address>0x2000aae0</load_address>
         <run_address>0x2000aae0</run_address>
         <size>0x9c</size>
         <input_file_ref idref="fl-f0"/>
      </object_component>
      <object_component id="oc-751">
         <name>.text:_SlDrvDeviceEventHandler</name>
         <load_address>0x2000ab7c</load_address>
         <run_address>0x2000ab7c</run_address>
         <size>0x9a</size>
         <input_file_ref idref="fl-eb"/>
      </object_component>
      <object_component id="oc-a4">
         <name>.text</name>
         <load_address>0x2000ac16</load_address>
         <run_address>0x2000ac16</run_address>
         <size>0x2</size>
         <input_file_ref idref="fl-e5"/>
      </object_component>
      <object_component id="oc-6b5">
         <name>.text:spi_Write</name>
         <load_address>0x2000ac18</load_address>
         <run_address>0x2000ac18</run_address>
         <size>0x98</size>
         <input_file_ref idref="fl-f2"/>
      </object_component>
      <object_component id="oc-22c">
         <name>.text:PRCMPeripheralClockGet</name>
         <load_address>0x2000acb0</load_address>
         <run_address>0x2000acb0</run_address>
         <size>0x94</size>
         <input_file_ref idref="fl-f6"/>
      </object_component>
      <object_component id="oc-7c8">
         <name>.text:_sl_HandleAsync_DnsGetHostByName</name>
         <load_address>0x2000ad44</load_address>
         <run_address>0x2000ad44</run_address>
         <size>0x90</size>
         <input_file_ref idref="fl-ed"/>
      </object_component>
      <object_component id="oc-78f">
         <name>.text:_sl_HandleAsync_PingResponse</name>
         <load_address>0x2000add4</load_address>
         <run_address>0x2000add4</run_address>
         <size>0x90</size>
         <input_file_ref idref="fl-ed"/>
      </object_component>
      <object_component id="oc-796">
         <name>.text:SetupDMAReceive</name>
         <load_address>0x2000ae64</load_address>
         <run_address>0x2000ae64</run_address>
         <size>0x8c</size>
         <input_file_ref idref="fl-f2"/>
      </object_component>
      <object_component id="oc-738">
         <name>.text:SetupDMASend</name>
         <load_address>0x2000aef0</load_address>
         <run_address>0x2000aef0</run_address>
         <size>0x8c</size>
         <input_file_ref idref="fl-f2"/>
      </object_component>
      <object_component id="oc-65c">
         <name>.text:_SlDrvIsTimeoutExpired</name>
         <load_address>0x2000af7c</load_address>
         <run_address>0x2000af7c</run_address>
         <size>0x8c</size>
         <input_file_ref idref="fl-ec"/>
      </object_component>
      <object_component id="oc-5e2">
         <name>.text:PinConfigSet</name>
         <load_address>0x2000b008</load_address>
         <run_address>0x2000b008</run_address>
         <size>0x88</size>
         <input_file_ref idref="fl-f5"/>
      </object_component>
      <object_component id="oc-23e">
         <name>.text</name>
         <load_address>0x2000b090</load_address>
         <run_address>0x2000b090</run_address>
         <size>0x88</size>
         <input_file_ref idref="fl-d2"/>
      </object_component>
      <object_component id="oc-196">
         <name>.text:sl_Recv</name>
         <load_address>0x2000b118</load_address>
         <run_address>0x2000b118</run_address>
         <size>0x88</size>
         <input_file_ref idref="fl-f0"/>
      </object_component>
      <object_component id="oc-5fa">
         <name>.text:__aeabi_cdcmple</name>
         <load_address>0x2000b1a0</load_address>
         <run_address>0x2000b1a0</run_address>
         <size>0x86</size>
         <input_file_ref idref="fl-dc"/>
      </object_component>
      <object_component id="oc-609">
         <name>.text:__aeabi_cdrcmple</name>
         <load_address>0x2000b226</load_address>
         <run_address>0x2000b226</run_address>
         <size>0x86</size>
         <input_file_ref idref="fl-dc"/>
      </object_component>
      <object_component id="oc-7f0">
         <name>.text:_sl_HandleAsync_Connect</name>
         <load_address>0x2000b2ac</load_address>
         <run_address>0x2000b2ac</run_address>
         <size>0x80</size>
         <input_file_ref idref="fl-f0"/>
      </object_component>
      <object_component id="oc-7b3">
         <name>.text:_sl_HandleAsync_InitComplete</name>
         <load_address>0x2000b32c</load_address>
         <run_address>0x2000b32c</run_address>
         <size>0x80</size>
         <input_file_ref idref="fl-eb"/>
      </object_component>
      <object_component id="oc-79c">
         <name>.text:spi_Read_CPU</name>
         <load_address>0x2000b3ac</load_address>
         <run_address>0x2000b3ac</run_address>
         <size>0x80</size>
         <input_file_ref idref="fl-f2"/>
      </object_component>
      <object_component id="oc-74a">
         <name>.text:spi_Write_CPU</name>
         <load_address>0x2000b42c</load_address>
         <run_address>0x2000b42c</run_address>
         <size>0x80</size>
         <input_file_ref idref="fl-f2"/>
      </object_component>
      <object_component id="oc-141">
         <name>.text:sl_NetCfgSet</name>
         <load_address>0x2000b4ac</load_address>
         <run_address>0x2000b4ac</run_address>
         <size>0x7c</size>
         <input_file_ref idref="fl-ee"/>
      </object_component>
      <object_component id="oc-1ad">
         <name>.text:sl_SetSockOpt</name>
         <load_address>0x2000b528</load_address>
         <run_address>0x2000b528</run_address>
         <size>0x7c</size>
         <input_file_ref idref="fl-f0"/>
      </object_component>
      <object_component id="oc-147">
         <name>.text:sl_WlanSet</name>
         <load_address>0x2000b5a4</load_address>
         <run_address>0x2000b5a4</run_address>
         <size>0x7c</size>
         <input_file_ref idref="fl-f1"/>
      </object_component>
      <object_component id="oc-4f">
         <name>.text</name>
         <load_address>0x2000b620</load_address>
         <run_address>0x2000b620</run_address>
         <size>0x7a</size>
         <input_file_ref idref="fl-cb"/>
      </object_component>
      <object_component id="oc-12f">
         <name>.text:sl_WlanPolicySet</name>
         <load_address>0x2000b69c</load_address>
         <run_address>0x2000b69c</run_address>
         <size>0x78</size>
         <input_file_ref idref="fl-f1"/>
      </object_component>
      <object_component id="oc-2e7">
         <name>.text:spi_Close</name>
         <load_address>0x2000b714</load_address>
         <run_address>0x2000b714</run_address>
         <size>0x78</size>
         <input_file_ref idref="fl-f2"/>
      </object_component>
      <object_component id="oc-232">
         <name>.text:UARTConfigSetExpClk</name>
         <load_address>0x2000b78c</load_address>
         <run_address>0x2000b78c</run_address>
         <size>0x76</size>
         <input_file_ref idref="fl-f9"/>
      </object_component>
      <object_component id="oc-117">
         <name>.text:_SlNonOsMainLoopTask</name>
         <load_address>0x2000b804</load_address>
         <run_address>0x2000b804</run_address>
         <size>0x74</size>
         <input_file_ref idref="fl-ef"/>
      </object_component>
      <object_component id="oc-67">
         <name>.text</name>
         <load_address>0x2000b878</load_address>
         <run_address>0x2000b878</run_address>
         <size>0x70</size>
         <input_file_ref idref="fl-d7"/>
      </object_component>
      <object_component id="oc-17e">
         <name>.text:sl_Socket</name>
         <load_address>0x2000b8e8</load_address>
         <run_address>0x2000b8e8</run_address>
         <size>0x70</size>
         <input_file_ref idref="fl-f0"/>
      </object_component>
      <object_component id="oc-80a">
         <name>.text:_SlDrvCmdSend</name>
         <load_address>0x2000b958</load_address>
         <run_address>0x2000b958</run_address>
         <size>0x6c</size>
         <input_file_ref idref="fl-ec"/>
      </object_component>
      <object_component id="oc-7da">
         <name>.text:_sl_NetAppSendTokenValue</name>
         <load_address>0x2000b9c4</load_address>
         <run_address>0x2000b9c4</run_address>
         <size>0x6c</size>
         <input_file_ref idref="fl-ed"/>
      </object_component>
      <object_component id="oc-159">
         <name>.text:sl_WlanRxFilterSet</name>
         <load_address>0x2000ba30</load_address>
         <run_address>0x2000ba30</run_address>
         <size>0x6c</size>
         <input_file_ref idref="fl-f1"/>
      </object_component>
      <object_component id="oc-42">
         <name>.text</name>
         <load_address>0x2000ba9c</load_address>
         <run_address>0x2000ba9c</run_address>
         <size>0x6a</size>
         <input_file_ref idref="fl-c5"/>
      </object_component>
      <object_component id="oc-536">
         <name>.text:_SlNonOsSpawn</name>
         <load_address>0x2000bb08</load_address>
         <run_address>0x2000bb08</run_address>
         <size>0x64</size>
         <input_file_ref idref="fl-ef"/>
      </object_component>
      <object_component id="oc-7ea">
         <name>.text:_sl_HandleAsync_Accept</name>
         <load_address>0x2000bb6c</load_address>
         <run_address>0x2000bb6c</run_address>
         <size>0x64</size>
         <input_file_ref idref="fl-f0"/>
      </object_component>
      <object_component id="oc-3d6">
         <name>.text:uDMAChannelAttributeDisable</name>
         <load_address>0x2000bbd0</load_address>
         <run_address>0x2000bbd0</run_address>
         <size>0x64</size>
         <input_file_ref idref="fl-fa"/>
      </object_component>
      <object_component id="oc-3fa">
         <name>.text:uDMAChannelAttributeEnable</name>
         <load_address>0x2000bc34</load_address>
         <run_address>0x2000bc34</run_address>
         <size>0x64</size>
         <input_file_ref idref="fl-fa"/>
      </object_component>
      <object_component id="oc-623">
         <name>.text</name>
         <load_address>0x2000bc98</load_address>
         <run_address>0x2000bc98</run_address>
         <size>0x5c</size>
         <input_file_ref idref="fl-e3"/>
      </object_component>
      <object_component id="oc-4ff">
         <name>.text:IntPendClear</name>
         <load_address>0x2000bcf4</load_address>
         <run_address>0x2000bcf4</run_address>
         <size>0x58</size>
         <input_file_ref idref="fl-f4"/>
      </object_component>
      <object_component id="oc-3a3">
         <name>.text:PRCMPeripheralReset</name>
         <load_address>0x2000bd4c</load_address>
         <run_address>0x2000bd4c</run_address>
         <size>0x58</size>
         <input_file_ref idref="fl-f6"/>
      </object_component>
      <object_component id="oc-613">
         <name>.text</name>
         <load_address>0x2000bda4</load_address>
         <run_address>0x2000bda4</run_address>
         <size>0x56</size>
         <input_file_ref idref="fl-e1"/>
      </object_component>
      <object_component id="oc-3b8">
         <name>.text:IntPrioritySet</name>
         <load_address>0x2000bdfc</load_address>
         <run_address>0x2000bdfc</run_address>
         <size>0x54</size>
         <input_file_ref idref="fl-f4"/>
      </object_component>
      <object_component id="oc-2c0">
         <name>.text:_SlDrvRxIrqHandler</name>
         <load_address>0x2000be50</load_address>
         <run_address>0x2000be50</run_address>
         <size>0x54</size>
         <input_file_ref idref="fl-ec"/>
      </object_component>
      <object_component id="oc-7f6">
         <name>.text:_sl_HandleAsync_Select</name>
         <load_address>0x2000bea4</load_address>
         <run_address>0x2000bea4</run_address>
         <size>0x54</size>
         <input_file_ref idref="fl-f0"/>
      </object_component>
      <object_component id="oc-73">
         <name>.text</name>
         <load_address>0x2000bef8</load_address>
         <run_address>0x2000bef8</run_address>
         <size>0x54</size>
         <input_file_ref idref="fl-c7"/>
      </object_component>
      <object_component id="oc-7b9">
         <name>.text:_sl_HandleAsync_Stop</name>
         <load_address>0x2000bf4c</load_address>
         <run_address>0x2000bf4c</run_address>
         <size>0x50</size>
         <input_file_ref idref="fl-eb"/>
      </object_component>
      <object_component id="oc-1a7">
         <name>.text:sl_Listen</name>
         <load_address>0x2000bf9c</load_address>
         <run_address>0x2000bf9c</run_address>
         <size>0x50</size>
         <input_file_ref idref="fl-f0"/>
      </object_component>
      <object_component id="oc-4b8">
         <name>.text:SPIIntEnable</name>
         <load_address>0x2000bfec</load_address>
         <run_address>0x2000bfec</run_address>
         <size>0x4c</size>
         <input_file_ref idref="fl-f7"/>
      </object_component>
      <object_component id="oc-6c0">
         <name>.text:SPIIntNumberGet</name>
         <load_address>0x2000c038</load_address>
         <run_address>0x2000c038</run_address>
         <size>0x4c</size>
         <input_file_ref idref="fl-f7"/>
      </object_component>
      <object_component id="oc-290">
         <name>.text:_SlDrvProtectAsyncRespSetting</name>
         <load_address>0x2000c084</load_address>
         <run_address>0x2000c084</run_address>
         <size>0x4c</size>
         <input_file_ref idref="fl-ec"/>
      </object_component>
      <object_component id="oc-34f">
         <name>.text:_sl_BuildAddress</name>
         <load_address>0x2000c0d0</load_address>
         <run_address>0x2000c0d0</run_address>
         <size>0x4c</size>
         <input_file_ref idref="fl-f0"/>
      </object_component>
      <object_component id="oc-63b">
         <name>.text</name>
         <load_address>0x2000c11c</load_address>
         <run_address>0x2000c11c</run_address>
         <size>0x4c</size>
         <input_file_ref idref="fl-d6"/>
      </object_component>
      <object_component id="oc-9e">
         <name>.text</name>
         <load_address>0x2000c168</load_address>
         <run_address>0x2000c168</run_address>
         <size>0x4c</size>
         <input_file_ref idref="fl-d8"/>
      </object_component>
      <object_component id="oc-3d0">
         <name>.text:uDMAChannelAssign</name>
         <load_address>0x2000c1b4</load_address>
         <run_address>0x2000c1b4</run_address>
         <size>0x4c</size>
         <input_file_ref idref="fl-fa"/>
      </object_component>
      <object_component id="oc-67e">
         <name>.text:SPIIntClear</name>
         <load_address>0x2000c200</load_address>
         <run_address>0x2000c200</run_address>
         <size>0x48</size>
         <input_file_ref idref="fl-f7"/>
      </object_component>
      <object_component id="oc-30a">
         <name>.text:_SlDrvBasicCmd</name>
         <load_address>0x2000c248</load_address>
         <run_address>0x2000c248</run_address>
         <size>0x48</size>
         <input_file_ref idref="fl-ec"/>
      </object_component>
      <object_component id="oc-60e">
         <name>.text</name>
         <load_address>0x2000c290</load_address>
         <run_address>0x2000c290</run_address>
         <size>0x48</size>
         <input_file_ref idref="fl-df"/>
      </object_component>
      <object_component id="oc-14d">
         <name>.text:sl_NetAppMDNSUnRegisterService</name>
         <load_address>0x2000c2d8</load_address>
         <run_address>0x2000c2d8</run_address>
         <size>0x48</size>
         <input_file_ref idref="fl-ed"/>
      </object_component>
      <object_component id="oc-672">
         <name>.text:SPIDmaMaskGet</name>
         <load_address>0x2000c320</load_address>
         <run_address>0x2000c320</run_address>
         <size>0x44</size>
         <input_file_ref idref="fl-f7"/>
      </object_component>
      <object_component id="oc-e0">
         <name>.text:TimerConfigure</name>
         <load_address>0x2000c364</load_address>
         <run_address>0x2000c364</run_address>
         <size>0x44</size>
         <input_file_ref idref="fl-f8"/>
      </object_component>
      <object_component id="oc-803">
         <name>.text:_SlDrvHandleHttpServerEvents</name>
         <load_address>0x2000c3a8</load_address>
         <run_address>0x2000c3a8</run_address>
         <size>0x44</size>
         <input_file_ref idref="fl-ec"/>
      </object_component>
      <object_component id="oc-2a8">
         <name>.text:_SlDrvSyncObjWaitTimeout</name>
         <load_address>0x2000c3ec</load_address>
         <run_address>0x2000c3ec</run_address>
         <size>0x44</size>
         <input_file_ref idref="fl-ec"/>
      </object_component>
      <object_component id="oc-7a9">
         <name>.text:cc_SetupTransfer</name>
         <load_address>0x2000c430</load_address>
         <run_address>0x2000c430</run_address>
         <size>0x44</size>
         <input_file_ref idref="fl-f2"/>
      </object_component>
      <object_component id="oc-18a">
         <name>.text:sl_Close</name>
         <load_address>0x2000c474</load_address>
         <run_address>0x2000c474</run_address>
         <size>0x44</size>
         <input_file_ref idref="fl-f0"/>
      </object_component>
      <object_component id="oc-135">
         <name>.text:sl_WlanProfileDel</name>
         <load_address>0x2000c4b8</load_address>
         <run_address>0x2000c4b8</run_address>
         <size>0x44</size>
         <input_file_ref idref="fl-f1"/>
      </object_component>
      <object_component id="oc-11d">
         <name>.text:sl_WlanSetMode</name>
         <load_address>0x2000c4fc</load_address>
         <run_address>0x2000c4fc</run_address>
         <size>0x44</size>
         <input_file_ref idref="fl-f1"/>
      </object_component>
      <object_component id="oc-178">
         <name>.text:sl_Htonl</name>
         <load_address>0x2000c540</load_address>
         <run_address>0x2000c540</run_address>
         <size>0x42</size>
         <input_file_ref idref="fl-f0"/>
      </object_component>
      <object_component id="oc-417">
         <name>.text:PinModeSet</name>
         <load_address>0x2000c584</load_address>
         <run_address>0x2000c584</run_address>
         <size>0x40</size>
         <input_file_ref idref="fl-f5"/>
      </object_component>
      <object_component id="oc-75d">
         <name>.text:_SlDrvHandleNetAppEvents</name>
         <load_address>0x2000c5c4</load_address>
         <run_address>0x2000c5c4</run_address>
         <size>0x40</size>
         <input_file_ref idref="fl-ec"/>
      </object_component>
      <object_component id="oc-757">
         <name>.text:_SlDrvHandleWlanEvents</name>
         <load_address>0x2000c604</load_address>
         <run_address>0x2000c604</run_address>
         <size>0x40</size>
         <input_file_ref idref="fl-ec"/>
      </object_component>
      <object_component id="oc-35d">
         <name>.text:_sl_TruncatePayloadByProtocol</name>
         <load_address>0x2000c644</load_address>
         <run_address>0x2000c644</run_address>
         <size>0x40</size>
         <input_file_ref idref="fl-f0"/>
      </object_component>
      <object_component id="oc-24">
         <name>.text</name>
         <load_address>0x2000c684</load_address>
         <run_address>0x2000c684</run_address>
         <size>0x40</size>
         <input_file_ref idref="fl-c3"/>
      </object_component>
      <object_component id="oc-160">
         <name>.text</name>
         <load_address>0x2000c6c4</load_address>
         <run_address>0x2000c6c4</run_address>
         <size>0x40</size>
         <input_file_ref idref="fl-d0"/>
      </object_component>
      <object_component id="oc-29c">
         <name>.text:NwpRegisterInterruptHandler</name>
         <load_address>0x2000c704</load_address>
         <run_address>0x2000c704</run_address>
         <size>0x3e</size>
         <input_file_ref idref="fl-f2"/>
      </object_component>
      <object_component id="oc-7e1">
         <name>.text:CopyPingResultsToReport</name>
         <load_address>0x2000c742</load_address>
         <run_address>0x2000c742</run_address>
         <size>0x3c</size>
         <input_file_ref idref="fl-ed"/>
      </object_component>
      <object_component id="oc-39d">
         <name>.text:PRCMPeripheralClkEnable</name>
         <load_address>0x2000c780</load_address>
         <run_address>0x2000c780</run_address>
         <size>0x3c</size>
         <input_file_ref idref="fl-f6"/>
      </object_component>
      <object_component id="oc-778">
         <name>.text:simplelink_timerA2_start</name>
         <load_address>0x2000c7bc</load_address>
         <run_address>0x2000c7bc</run_address>
         <size>0x3c</size>
         <input_file_ref idref="fl-f2"/>
      </object_component>
      <object_component id="oc-172">
         <name>.text:sl_Htons</name>
         <load_address>0x2000c7f8</load_address>
         <run_address>0x2000c7f8</run_address>
         <size>0x3c</size>
         <input_file_ref idref="fl-f0"/>
      </object_component>
      <object_component id="oc-3f4">
         <name>.text:uDMAChannelControlSet</name>
         <load_address>0x2000c834</load_address>
         <run_address>0x2000c834</run_address>
         <size>0x3c</size>
         <input_file_ref idref="fl-fa"/>
      </object_component>
      <object_component id="oc-296">
         <name>.text:NwpPowerOff</name>
         <load_address>0x2000c870</load_address>
         <run_address>0x2000c870</run_address>
         <size>0x38</size>
         <input_file_ref idref="fl-f2"/>
      </object_component>
      <object_component id="oc-429">
         <name>.text:GPIODirModeSet</name>
         <load_address>0x2000c8a8</load_address>
         <run_address>0x2000c8a8</run_address>
         <size>0x36</size>
         <input_file_ref idref="fl-f3"/>
      </object_component>
      <object_component id="oc-494">
         <name>.text:PRCMPeripheralStatusGet</name>
         <load_address>0x2000c8e0</load_address>
         <run_address>0x2000c8e0</run_address>
         <size>0x34</size>
         <input_file_ref idref="fl-f6"/>
      </object_component>
      <object_component id="oc-4ac">
         <name>.text:SPIFIFOLevelSet</name>
         <load_address>0x2000c914</load_address>
         <run_address>0x2000c914</run_address>
         <size>0x34</size>
         <input_file_ref idref="fl-f7"/>
      </object_component>
      <object_component id="oc-423">
         <name>.text:PinTypeGPIO</name>
         <load_address>0x2000c948</load_address>
         <run_address>0x2000c948</run_address>
         <size>0x30</size>
         <input_file_ref idref="fl-f5"/>
      </object_component>
      <object_component id="oc-43d">
         <name>.text:UARTDisable</name>
         <load_address>0x2000c978</load_address>
         <run_address>0x2000c978</run_address>
         <size>0x30</size>
         <input_file_ref idref="fl-f9"/>
      </object_component>
      <object_component id="oc-619">
         <name>.text</name>
         <load_address>0x2000c9a8</load_address>
         <run_address>0x2000c9a8</run_address>
         <size>0x2e</size>
         <input_file_ref idref="fl-e0"/>
      </object_component>
      <object_component id="oc-38b">
         <name>.text:PRCMSysResetCauseGet</name>
         <load_address>0x2000c9d8</load_address>
         <run_address>0x2000c9d8</run_address>
         <size>0x2c</size>
         <input_file_ref idref="fl-f6"/>
      </object_component>
      <object_component id="oc-549">
         <name>.text:_SlDrvObjGlobalLockWaitForever</name>
         <load_address>0x2000ca04</load_address>
         <run_address>0x2000ca04</run_address>
         <size>0x2c</size>
         <input_file_ref idref="fl-ec"/>
      </object_component>
      <object_component id="oc-4df">
         <name>.text:_SlDrvProtectionObjLockWaitForever</name>
         <load_address>0x2000ca30</load_address>
         <run_address>0x2000ca30</run_address>
         <size>0x2c</size>
         <input_file_ref idref="fl-ec"/>
      </object_component>
      <object_component id="oc-ec">
         <name>.text:TimerLoadSet</name>
         <load_address>0x2000ca5c</load_address>
         <run_address>0x2000ca5c</run_address>
         <size>0x2a</size>
         <input_file_ref idref="fl-f8"/>
      </object_component>
      <object_component id="oc-da">
         <name>.text:TimerMatchSet</name>
         <load_address>0x2000ca86</load_address>
         <run_address>0x2000ca86</run_address>
         <size>0x2a</size>
         <input_file_ref idref="fl-f8"/>
      </object_component>
      <object_component id="oc-e6">
         <name>.text:TimerPrescaleSet</name>
         <load_address>0x2000cab0</load_address>
         <run_address>0x2000cab0</run_address>
         <size>0x2a</size>
         <input_file_ref idref="fl-f8"/>
      </object_component>
      <object_component id="oc-329">
         <name>.text</name>
         <load_address>0x2000cada</load_address>
         <run_address>0x2000cada</run_address>
         <size>0x2a</size>
         <input_file_ref idref="fl-e8"/>
      </object_component>
      <object_component id="oc-fe">
         <name>.text:PRCMPeripheralClkDisable</name>
         <load_address>0x2000cb04</load_address>
         <run_address>0x2000cb04</run_address>
         <size>0x28</size>
         <input_file_ref idref="fl-f6"/>
      </object_component>
      <object_component id="oc-54f">
         <name>.text:_SlDrvGlobalObjUnLock</name>
         <load_address>0x2000cb2c</load_address>
         <run_address>0x2000cb2c</run_address>
         <size>0x28</size>
         <input_file_ref idref="fl-ec"/>
      </object_component>
      <object_component id="oc-4e5">
         <name>.text:_SlDrvProtectionObjUnLock</name>
         <load_address>0x2000cb54</load_address>
         <run_address>0x2000cb54</run_address>
         <size>0x28</size>
         <input_file_ref idref="fl-ec"/>
      </object_component>
      <object_component id="oc-355">
         <name>.text:_SlDrvSyncObjWaitForever</name>
         <load_address>0x2000cb7c</load_address>
         <run_address>0x2000cb7c</run_address>
         <size>0x28</size>
         <input_file_ref idref="fl-ec"/>
      </object_component>
      <object_component id="oc-52e">
         <name>.text</name>
         <load_address>0x2000cba4</load_address>
         <run_address>0x2000cba4</run_address>
         <size>0x26</size>
         <input_file_ref idref="fl-3"/>
      </object_component>
      <object_component id="oc-4ca">
         <name>.text:DmaSpiSwIntHandler</name>
         <load_address>0x2000cbcc</load_address>
         <run_address>0x2000cbcc</run_address>
         <size>0x24</size>
         <input_file_ref idref="fl-f2"/>
      </object_component>
      <object_component id="oc-4f9">
         <name>.text:IntUnregister</name>
         <load_address>0x2000cbf0</load_address>
         <run_address>0x2000cbf0</run_address>
         <size>0x24</size>
         <input_file_ref idref="fl-f4"/>
      </object_component>
      <object_component id="oc-443">
         <name>.text:UARTEnable</name>
         <load_address>0x2000cc14</load_address>
         <run_address>0x2000cc14</run_address>
         <size>0x24</size>
         <input_file_ref idref="fl-f9"/>
      </object_component>
      <object_component id="oc-5a6">
         <name>.text:_SlDrvObjLockWaitForever</name>
         <load_address>0x2000cc38</load_address>
         <run_address>0x2000cc38</run_address>
         <size>0x24</size>
         <input_file_ref idref="fl-ec"/>
      </object_component>
      <object_component id="oc-256">
         <name>.text</name>
         <load_address>0x2000cc5c</load_address>
         <run_address>0x2000cc5c</run_address>
         <size>0x24</size>
         <input_file_ref idref="fl-c9"/>
      </object_component>
      <object_component id="oc-32f">
         <name>.text</name>
         <load_address>0x2000cc80</load_address>
         <run_address>0x2000cc80</run_address>
         <size>0x24</size>
         <input_file_ref idref="fl-e7"/>
      </object_component>
      <object_component id="oc-488">
         <name>.text:SPIReset</name>
         <load_address>0x2000cca4</load_address>
         <run_address>0x2000cca4</run_address>
         <size>0x22</size>
         <input_file_ref idref="fl-f7"/>
      </object_component>
      <object_component id="oc-744">
         <name>.text:SPIWordCountSet</name>
         <load_address>0x2000ccc6</load_address>
         <run_address>0x2000ccc6</run_address>
         <size>0x22</size>
         <input_file_ref idref="fl-f7"/>
      </object_component>
      <object_component id="oc-1bb">
         <name>.text:GPIOPinWrite</name>
         <load_address>0x2000cce8</load_address>
         <run_address>0x2000cce8</run_address>
         <size>0x20</size>
         <input_file_ref idref="fl-f3"/>
      </object_component>
      <object_component id="oc-4b2">
         <name>.text:IntRegister</name>
         <load_address>0x2000cd08</load_address>
         <run_address>0x2000cd08</run_address>
         <size>0x20</size>
         <input_file_ref idref="fl-f4"/>
      </object_component>
      <object_component id="oc-2a2">
         <name>.text:NwpPowerOn</name>
         <load_address>0x2000cd28</load_address>
         <run_address>0x2000cd28</run_address>
         <size>0x20</size>
         <input_file_ref idref="fl-f2"/>
      </object_component>
      <object_component id="oc-705">
         <name>.text:TimerGetCurrentTimestamp</name>
         <load_address>0x2000cd48</load_address>
         <run_address>0x2000cd48</run_address>
         <size>0x20</size>
         <input_file_ref idref="fl-f2"/>
      </object_component>
      <object_component id="oc-5ac">
         <name>.text:_SlDrvObjUnLock</name>
         <load_address>0x2000cd68</load_address>
         <run_address>0x2000cd68</run_address>
         <size>0x20</size>
         <input_file_ref idref="fl-ec"/>
      </object_component>
      <object_component id="oc-51a">
         <name>.text:_SlDrvSyncObjSignal</name>
         <load_address>0x2000cd88</load_address>
         <run_address>0x2000cd88</run_address>
         <size>0x20</size>
         <input_file_ref idref="fl-ec"/>
      </object_component>
      <object_component id="oc-13b">
         <name>.text:sl_WlanDisconnect</name>
         <load_address>0x2000cda8</load_address>
         <run_address>0x2000cda8</run_address>
         <size>0x20</size>
         <input_file_ref idref="fl-f1"/>
      </object_component>
      <object_component id="oc-f8">
         <name>.text:TimerDisable</name>
         <load_address>0x2000cdc8</load_address>
         <run_address>0x2000cdc8</run_address>
         <size>0x1e</size>
         <input_file_ref idref="fl-f8"/>
      </object_component>
      <object_component id="oc-f2">
         <name>.text:TimerEnable</name>
         <load_address>0x2000cde6</load_address>
         <run_address>0x2000cde6</run_address>
         <size>0x1e</size>
         <input_file_ref idref="fl-f8"/>
      </object_component>
      <object_component id="oc-238">
         <name>.text:UARTCharPut</name>
         <load_address>0x2000ce04</load_address>
         <run_address>0x2000ce04</run_address>
         <size>0x1e</size>
         <input_file_ref idref="fl-f9"/>
      </object_component>
      <object_component id="oc-49a">
         <name>.text:cc_UDMAChannelSelect</name>
         <load_address>0x2000ce22</load_address>
         <run_address>0x2000ce22</run_address>
         <size>0x1e</size>
         <input_file_ref idref="fl-f2"/>
      </object_component>
      <object_component id="oc-77e">
         <name>.text:TimerValueGet</name>
         <load_address>0x2000ce40</load_address>
         <run_address>0x2000ce40</run_address>
         <size>0x1c</size>
         <input_file_ref idref="fl-f8"/>
      </object_component>
      <object_component id="oc-24a">
         <name>.text:UARTCharGetNonBlocking</name>
         <load_address>0x2000ce5c</load_address>
         <run_address>0x2000ce5c</run_address>
         <size>0x1c</size>
         <input_file_ref idref="fl-f9"/>
      </object_component>
      <object_component id="oc-656">
         <name>.text:_SlDrvStartMeasureTimeout</name>
         <load_address>0x2000ce78</load_address>
         <run_address>0x2000ce78</run_address>
         <size>0x1c</size>
         <input_file_ref idref="fl-ec"/>
      </object_component>
      <object_component id="oc-635">
         <name>.text</name>
         <load_address>0x2000ce94</load_address>
         <run_address>0x2000ce94</run_address>
         <size>0x1c</size>
         <input_file_ref idref="fl-e2"/>
      </object_component>
      <object_component id="oc-3e2">
         <name>.text:uDMAChannelDisable</name>
         <load_address>0x2000ceb0</load_address>
         <run_address>0x2000ceb0</run_address>
         <size>0x1c</size>
         <input_file_ref idref="fl-fa"/>
      </object_component>
      <object_component id="oc-406">
         <name>.text:uDMAChannelEnable</name>
         <load_address>0x2000cecc</load_address>
         <run_address>0x2000cecc</run_address>
         <size>0x1c</size>
         <input_file_ref idref="fl-fa"/>
      </object_component>
      <object_component id="oc-3dc">
         <name>.text:uDMAChannelRequest</name>
         <load_address>0x2000cee8</load_address>
         <run_address>0x2000cee8</run_address>
         <size>0x1c</size>
         <input_file_ref idref="fl-fa"/>
      </object_component>
      <object_component id="oc-41d">
         <name>.text:PinTypeTimer</name>
         <load_address>0x2000cf04</load_address>
         <run_address>0x2000cf04</run_address>
         <size>0x1a</size>
         <input_file_ref idref="fl-f5"/>
      </object_component>
      <object_component id="oc-42f">
         <name>.text:PinTypeUART</name>
         <load_address>0x2000cf1e</load_address>
         <run_address>0x2000cf1e</run_address>
         <size>0x1a</size>
         <input_file_ref idref="fl-f5"/>
      </object_component>
      <object_component id="oc-572">
         <name>.text:SPIDmaDisable</name>
         <load_address>0x2000cf38</load_address>
         <run_address>0x2000cf38</run_address>
         <size>0x1a</size>
         <input_file_ref idref="fl-f7"/>
      </object_component>
      <object_component id="oc-4a6">
         <name>.text:SPIDmaEnable</name>
         <load_address>0x2000cf52</load_address>
         <run_address>0x2000cf52</run_address>
         <size>0x1a</size>
         <input_file_ref idref="fl-f7"/>
      </object_component>
      <object_component id="oc-56c">
         <name>.text:SPIFIFODisable</name>
         <load_address>0x2000cf6c</load_address>
         <run_address>0x2000cf6c</run_address>
         <size>0x1a</size>
         <input_file_ref idref="fl-f7"/>
      </object_component>
      <object_component id="oc-4a0">
         <name>.text:SPIFIFOEnable</name>
         <load_address>0x2000cf86</load_address>
         <run_address>0x2000cf86</run_address>
         <size>0x1a</size>
         <input_file_ref idref="fl-f7"/>
      </object_component>
      <object_component id="oc-566">
         <name>.text:SPIIntUnregister</name>
         <load_address>0x2000cfa0</load_address>
         <run_address>0x2000cfa0</run_address>
         <size>0x1a</size>
         <input_file_ref idref="fl-f7"/>
      </object_component>
      <object_component id="oc-47c">
         <name>.text:SPICSDisable</name>
         <load_address>0x2000cfba</load_address>
         <run_address>0x2000cfba</run_address>
         <size>0x18</size>
         <input_file_ref idref="fl-f7"/>
      </object_component>
      <object_component id="oc-73e">
         <name>.text:SPICSEnable</name>
         <load_address>0x2000cfd2</load_address>
         <run_address>0x2000cfd2</run_address>
         <size>0x18</size>
         <input_file_ref idref="fl-f7"/>
      </object_component>
      <object_component id="oc-482">
         <name>.text:SPIDisable</name>
         <load_address>0x2000cfea</load_address>
         <run_address>0x2000cfea</run_address>
         <size>0x18</size>
         <input_file_ref idref="fl-f7"/>
      </object_component>
      <object_component id="oc-4be">
         <name>.text:SPIEnable</name>
         <load_address>0x2000d002</load_address>
         <run_address>0x2000d002</run_address>
         <size>0x18</size>
         <input_file_ref idref="fl-f7"/>
      </object_component>
      <object_component id="oc-244">
         <name>.text:UARTCharsAvail</name>
         <load_address>0x2000d01a</load_address>
         <run_address>0x2000d01a</run_address>
         <size>0x18</size>
         <input_file_ref idref="fl-f9"/>
      </object_component>
      <object_component id="oc-46b">
         <name>.text:_SlNonOsSemSet</name>
         <load_address>0x2000d032</load_address>
         <run_address>0x2000d032</run_address>
         <size>0x18</size>
         <input_file_ref idref="fl-ef"/>
      </object_component>
      <object_component id="oc-2b4">
         <name>.text:_sl_GetStartResponseConvert</name>
         <load_address>0x2000d04c</load_address>
         <run_address>0x2000d04c</run_address>
         <size>0x18</size>
         <input_file_ref idref="fl-eb"/>
      </object_component>
      <object_component id="oc-6d">
         <name>.text</name>
         <load_address>0x2000d064</load_address>
         <run_address>0x2000d064</run_address>
         <size>0x18</size>
         <input_file_ref idref="fl-d5"/>
      </object_component>
      <object_component id="oc-391">
         <name>.text:PRCMHIBRegRead</name>
         <load_address>0x2000d07c</load_address>
         <run_address>0x2000d07c</run_address>
         <size>0x16</size>
         <input_file_ref idref="fl-f6"/>
      </object_component>
      <object_component id="oc-397">
         <name>.text:PRCMHIBRegWrite</name>
         <load_address>0x2000d092</load_address>
         <run_address>0x2000d092</run_address>
         <size>0x16</size>
         <input_file_ref idref="fl-f6"/>
      </object_component>
      <object_component id="oc-16c">
         <name>.text:UARTCharGet</name>
         <load_address>0x2000d0a8</load_address>
         <run_address>0x2000d0a8</run_address>
         <size>0x16</size>
         <input_file_ref idref="fl-f9"/>
      </object_component>
      <object_component id="oc-378">
         <name>.text:_SlDrvMemZero</name>
         <load_address>0x2000d0be</load_address>
         <run_address>0x2000d0be</run_address>
         <size>0x16</size>
         <input_file_ref idref="fl-ec"/>
      </object_component>
      <object_component id="oc-62f">
         <name>.text</name>
         <load_address>0x2000d0d4</load_address>
         <run_address>0x2000d0d4</run_address>
         <size>0x16</size>
         <input_file_ref idref="fl-e6"/>
      </object_component>
      <object_component id="oc-3be">
         <name>.text:uDMAIntRegister</name>
         <load_address>0x2000d0ea</load_address>
         <run_address>0x2000d0ea</run_address>
         <size>0x16</size>
         <input_file_ref idref="fl-fa"/>
      </object_component>
      <object_component id="oc-380">
         <name>.text:CPUcpsie</name>
         <load_address>0x2000d100</load_address>
         <run_address>0x2000d100</run_address>
         <size>0x14</size>
         <input_file_ref idref="fl-fc"/>
      </object_component>
      <object_component id="oc-1c8">
         <name>.text:IntVTableBaseSet</name>
         <load_address>0x2000d114</load_address>
         <run_address>0x2000d114</run_address>
         <size>0x14</size>
         <input_file_ref idref="fl-f4"/>
      </object_component>
      <object_component id="oc-20f">
         <name>.text</name>
         <load_address>0x2000d128</load_address>
         <run_address>0x2000d128</run_address>
         <size>0x14</size>
         <input_file_ref idref="fl-d3"/>
      </object_component>
      <object_component id="oc-250">
         <name>.text</name>
         <load_address>0x2000d13c</load_address>
         <run_address>0x2000d13c</run_address>
         <size>0x14</size>
         <input_file_ref idref="fl-cf"/>
      </object_component>
      <object_component id="oc-3ca">
         <name>.text:uDMAControlBaseSet</name>
         <load_address>0x2000d150</load_address>
         <run_address>0x2000d150</run_address>
         <size>0x14</size>
         <input_file_ref idref="fl-fa"/>
      </object_component>
      <object_component id="oc-3b2">
         <name>.text:uDMAIntClear</name>
         <load_address>0x2000d164</load_address>
         <run_address>0x2000d164</run_address>
         <size>0x14</size>
         <input_file_ref idref="fl-fa"/>
      </object_component>
      <object_component id="oc-3e8">
         <name>.text:uDMAIntUnregister</name>
         <load_address>0x2000d178</load_address>
         <run_address>0x2000d178</run_address>
         <size>0x12</size>
         <input_file_ref idref="fl-fa"/>
      </object_component>
      <object_component id="oc-7d4">
         <name>.text:_SlDrvDispatchHttpServerEvents</name>
         <load_address>0x2000d18a</load_address>
         <run_address>0x2000d18a</run_address>
         <size>0x10</size>
         <input_file_ref idref="fl-ec"/>
      </object_component>
      <object_component id="oc-2fc">
         <name>.text:_SlDrvResetCmdExt</name>
         <load_address>0x2000d19a</load_address>
         <run_address>0x2000d19a</run_address>
         <size>0xe</size>
         <input_file_ref idref="fl-ec"/>
      </object_component>
      <object_component id="oc-12">
         <name>.text:decompress:none</name>
         <load_address>0x2000d1a8</load_address>
         <run_address>0x2000d1a8</run_address>
         <size>0xe</size>
         <input_file_ref idref="fl-c4"/>
      </object_component>
      <object_component id="oc-2d">
         <name>.text</name>
         <load_address>0x2000d1b6</load_address>
         <run_address>0x2000d1b6</run_address>
         <size>0xe</size>
         <input_file_ref idref="fl-5"/>
      </object_component>
      <object_component id="oc-4ec">
         <name>.text:NwpMaskInterrupt</name>
         <load_address>0x2000d1c4</load_address>
         <run_address>0x2000d1c4</run_address>
         <size>0xc</size>
         <input_file_ref idref="fl-f2"/>
      </object_component>
      <object_component id="oc-506">
         <name>.text:NwpUnMaskInterrupt</name>
         <load_address>0x2000d1d0</load_address>
         <run_address>0x2000d1d0</run_address>
         <size>0xc</size>
         <input_file_ref idref="fl-f2"/>
      </object_component>
      <object_component id="oc-3ee">
         <name>.text:uDMADisable</name>
         <load_address>0x2000d1dc</load_address>
         <run_address>0x2000d1dc</run_address>
         <size>0xc</size>
         <input_file_ref idref="fl-fa"/>
      </object_component>
      <object_component id="oc-3c4">
         <name>.text:uDMAEnable</name>
         <load_address>0x2000d1e8</load_address>
         <run_address>0x2000d1e8</run_address>
         <size>0xc</size>
         <input_file_ref idref="fl-fa"/>
      </object_component>
      <object_component id="oc-3ac">
         <name>.text:uDMAIntStatus</name>
         <load_address>0x2000d1f4</load_address>
         <run_address>0x2000d1f4</run_address>
         <size>0xc</size>
         <input_file_ref idref="fl-fa"/>
      </object_component>
      <object_component id="oc-1ce">
         <name>.text:IntMasterEnable</name>
         <load_address>0x2000d200</load_address>
         <run_address>0x2000d200</run_address>
         <size>0xa</size>
         <input_file_ref idref="fl-f4"/>
      </object_component>
      <object_component id="oc-6f0">
         <name>.text</name>
         <load_address>0x2000d20a</load_address>
         <run_address>0x2000d20a</run_address>
         <size>0x8</size>
         <input_file_ref idref="fl-ea"/>
      </object_component>
      <object_component id="oc-1b9">
         <name>.text:UtilsDelay</name>
         <load_address>0x2000d212</load_address>
         <run_address>0x2000d212</run_address>
         <size>0x6</size>
         <input_file_ref idref="fl-fb"/>
      </object_component>
      <object_component id="oc-18">
         <name>.text:decompress:rle24</name>
         <load_address>0x2000d218</load_address>
         <run_address>0x2000d218</run_address>
         <size>0x6</size>
         <input_file_ref idref="fl-c5"/>
      </object_component>
      <object_component id="oc-61">
         <name>.text</name>
         <load_address>0x2000d21e</load_address>
         <run_address>0x2000d21e</run_address>
         <size>0x4</size>
         <input_file_ref idref="fl-cd"/>
      </object_component>
      <object_component id="oc-33a">
         <name>.const:.string:_ctypes_</name>
         <load_address>0x2000d224</load_address>
         <run_address>0x2000d224</run_address>
         <size>0x101</size>
         <input_file_ref idref="fl-d9"/>
      </object_component>
      <object_component id="oc-5de">
         <name>.const:g_ulPinToPadMap</name>
         <load_address>0x2000d328</load_address>
         <run_address>0x2000d328</run_address>
         <size>0x100</size>
         <input_file_ref idref="fl-f5"/>
      </object_component>
      <object_component id="oc-5c0">
         <name>.const:g_pulRegs</name>
         <load_address>0x2000d428</load_address>
         <run_address>0x2000d428</run_address>
         <size>0xd4</size>
         <input_file_ref idref="fl-f4"/>
      </object_component>
      <object_component id="oc-228">
         <name>.const:PRCM_PeriphRegsList</name>
         <load_address>0x2000d4fc</load_address>
         <run_address>0x2000d4fc</run_address>
         <size>0xa8</size>
         <input_file_ref idref="fl-f6"/>
      </object_component>
      <object_component id="oc-6bb">
         <name>.const</name>
         <load_address>0x2000d5a4</load_address>
         <run_address>0x2000d5a4</run_address>
         <size>0x4c</size>
         <input_file_ref idref="fl-ec"/>
      </object_component>
      <object_component id="oc-734">
         <name>.const:OpcodeTranslateTable</name>
         <load_address>0x2000d5f0</load_address>
         <run_address>0x2000d5f0</run_address>
         <size>0x3c</size>
         <input_file_ref idref="fl-ec"/>
      </object_component>
      <object_component id="oc-2dd">
         <name>.const</name>
         <load_address>0x2000d62c</load_address>
         <run_address>0x2000d62c</run_address>
         <size>0x3c</size>
         <input_file_ref idref="fl-f1"/>
      </object_component>
      <object_component id="oc-7a3">
         <name>.const:_SlActionLookupTable</name>
         <load_address>0x2000d668</load_address>
         <run_address>0x2000d668</run_address>
         <size>0x38</size>
         <input_file_ref idref="fl-ec"/>
      </object_component>
      <object_component id="oc-346">
         <name>.const</name>
         <load_address>0x2000d6a0</load_address>
         <run_address>0x2000d6a0</run_address>
         <size>0x34</size>
         <input_file_ref idref="fl-f0"/>
      </object_component>
      <object_component id="oc-153">
         <name>.const:$P$T1$2</name>
         <load_address>0x2000d6d4</load_address>
         <run_address>0x2000d6d4</run_address>
         <size>0x2c</size>
         <input_file_ref idref="fl-2"/>
      </object_component>
      <object_component id="oc-582">
         <name>.const</name>
         <load_address>0x2000d700</load_address>
         <run_address>0x2000d700</run_address>
         <size>0x28</size>
         <input_file_ref idref="fl-ed"/>
      </object_component>
      <object_component id="oc-765">
         <name>.const:g_ppulSPIIntMap</name>
         <load_address>0x2000d728</load_address>
         <run_address>0x2000d728</run_address>
         <size>0x24</size>
         <input_file_ref idref="fl-f7"/>
      </object_component>
      <object_component id="oc-15f">
         <name>.const:.string:$P$T0$1</name>
         <load_address>0x2000d74c</load_address>
         <run_address>0x2000d74c</run_address>
         <size>0x22</size>
         <input_file_ref idref="fl-2"/>
      </object_component>
      <object_component id="oc-2f3">
         <name>.const</name>
         <load_address>0x2000d76e</load_address>
         <run_address>0x2000d76e</run_address>
         <size>0x1c</size>
         <input_file_ref idref="fl-eb"/>
      </object_component>
      <object_component id="oc-690">
         <name>.const:g_pulDisRegs</name>
         <load_address>0x2000d78c</load_address>
         <run_address>0x2000d78c</run_address>
         <size>0x18</size>
         <input_file_ref idref="fl-f4"/>
      </object_component>
      <object_component id="oc-387">
         <name>.const:g_pulEnRegs</name>
         <load_address>0x2000d7a4</load_address>
         <run_address>0x2000d7a4</run_address>
         <size>0x18</size>
         <input_file_ref idref="fl-f4"/>
      </object_component>
      <object_component id="oc-69b">
         <name>.const:g_pulUnpendRegs</name>
[...]
      </symbol>
      <symbol id="sm-b39">
         <name>_sl_NetAppSendTokenValue</name>
         <value>0x2000b9c5</value>
         <object_component_ref idref="oc-7da"/>
      </symbol>
      <symbol id="sm-b3a">
         <name>sl_NetAppMDNSRegisterUnregisterService</name>
         <value>0x2000a405</value>
         <object_component_ref idref="oc-31c"/>
      </symbol>
      <symbol id="sm-b5b">
         <name>sl_NetCfgSet</name>
         <value>0x2000b4ad</value>
         <object_component_ref idref="oc-141"/>
      </symbol>
      <symbol id="sm-ba3">
         <name>_SlNonOsSemSet</name>
         <value>0x2000d033</value>
         <object_component_ref idref="oc-46b"/>
      </symbol>
      <symbol id="sm-ba4">
         <name>_SlNonOsSpawn</name>
         <value>0x2000bb09</value>
         <object_component_ref idref="oc-536"/>
      </symbol>
      <symbol id="sm-ba5">
         <name>_SlNonOsSemGet</name>
         <value>0x2000a705</value>
         <object_component_ref idref="oc-471"/>
      </symbol>
      <symbol id="sm-ba6">
         <name>_SlNonOsMainLoopTask</name>
         <value>0x2000b805</value>
         <object_component_ref idref="oc-117"/>
      </symbol>
      <symbol id="sm-ba7">
         <name>g__SlNonOsCB</name>
         <value>0x20017efc</value>
         <object_component_ref idref="oc-2d2"/>
      </symbol>
      <symbol id="sm-cc6">
         <name>sl_Accept</name>
         <value>0x200087c1</value>
         <object_component_ref idref="oc-1b3"/>
      </symbol>
      <symbol id="sm-cc7">
         <name>sl_Recv</name>
         <value>0x2000b119</value>
         <object_component_ref idref="oc-196"/>
      </symbol>
      <symbol id="sm-cc8">
         <name>sl_Send</name>
         <value>0x200096fd</value>
         <object_component_ref idref="oc-190"/>
      </symbol>
      <symbol id="sm-cc9">
         <name>_sl_HandleAsync_Connect</name>
         <value>0x2000b2ad</value>
         <object_component_ref idref="oc-7f0"/>
      </symbol>
      <symbol id="sm-cca">
         <name>sl_Htonl</name>
         <value>0x2000c541</value>
         <object_component_ref idref="oc-178"/>
      </symbol>
      <symbol id="sm-ccb">
         <name>sl_Htons</name>
         <value>0x2000c7f9</value>
         <object_component_ref idref="oc-172"/>
      </symbol>
      <symbol id="sm-ccc">
         <name>sl_Connect</name>
         <value>0x20008f75</value>
         <object_component_ref idref="oc-184"/>
      </symbol>
      <symbol id="sm-ccd">
         <name>sl_Socket</name>
         <value>0x2000b8e9</value>
         <object_component_ref idref="oc-17e"/>
      </symbol>
      <symbol id="sm-cce">
         <name>_sl_HandleAsync_Select</name>
         <value>0x2000bea5</value>
         <object_component_ref idref="oc-7f6"/>
      </symbol>
      <symbol id="sm-ccf">
         <name>sl_Close</name>
         <value>0x2000c475</value>
         <object_component_ref idref="oc-18a"/>
      </symbol>
      <symbol id="sm-cd0">
         <name>_sl_HandleAsync_Accept</name>
         <value>0x2000bb6d</value>
         <object_component_ref idref="oc-7ea"/>
      </symbol>
      <symbol id="sm-cd1">
         <name>sl_SetSockOpt</name>
         <value>0x2000b529</value>
         <object_component_ref idref="oc-1ad"/>
      </symbol>
      <symbol id="sm-cd2">
         <name>sl_Listen</name>
         <value>0x2000bf9d</value>
         <object_component_ref idref="oc-1a7"/>
      </symbol>
      <symbol id="sm-cd3">
         <name>sl_Bind</name>
         <value>0x2000aae1</value>
         <object_component_ref idref="oc-1a1"/>
      </symbol>
      <symbol id="sm-d71">
         <name>sl_WlanDisconnect</name>
         <value>0x2000cda9</value>
         <object_component_ref idref="oc-13b"/>
      </symbol>
      <symbol id="sm-d72">
         <name>sl_WlanPolicySet</name>
         <value>0x2000b69d</value>
         <object_component_ref idref="oc-12f"/>
      </symbol>
      <symbol id="sm-d73">
         <name>sl_WlanProfileDel</name>
         <value>0x2000c4b9</value>
         <object_component_ref idref="oc-135"/>
      </symbol>
      <symbol id="sm-d74">
         <name>sl_WlanRxFilterSet</name>
         <value>0x2000ba31</value>
         <object_component_ref idref="oc-159"/>
      </symbol>
      <symbol id="sm-d75">
         <name>sl_WlanConnect</name>
         <value>0x20007845</value>
         <object_component_ref idref="oc-1c2"/>
      </symbol>
      <symbol id="sm-d76">
         <name>sl_WlanSet</name>
         <value>0x2000b5a5</value>
         <object_component_ref idref="oc-147"/>
      </symbol>
      <symbol id="sm-d77">
         <name>sl_WlanSetMode</name>
         <value>0x2000c4fd</value>
         <object_component_ref idref="oc-11d"/>
      </symbol>
      <symbol id="sm-e8b">
         <name>g_cDummy</name>
         <value>0x20017efa</value>
      </symbol>
      <symbol id="sm-e8c">
         <name>NwpMaskInterrupt</name>
         <value>0x2000d1c5</value>
         <object_component_ref idref="oc-4ec"/>
      </symbol>
      <symbol id="sm-e8d">
         <name>NwpRegisterInterruptHandler</name>
         <value>0x2000c705</value>
         <object_component_ref idref="oc-29c"/>
      </symbol>
      <symbol id="sm-e8e">
         <name>g_pHostIntHdl</name>
         <value>0x20017f80</value>
         <object_component_ref idref="oc-4c4"/>
      </symbol>
      <symbol id="sm-e8f">
         <name>simplelink_timerA2_start</name>
         <value>0x2000c7bd</value>
         <object_component_ref idref="oc-778"/>
      </symbol>
      <symbol id="sm-e90">
         <name>NwpUnMaskInterrupt</name>
         <value>0x2000d1d1</value>
         <object_component_ref idref="oc-506"/>
      </symbol>
      <symbol id="sm-e91">
         <name>g_ucDinDout</name>
         <value>0x20017e68</value>
         <object_component_ref idref="oc-4c7"/>
      </symbol>
      <symbol id="sm-e92">
         <name>NwpPowerOff</name>
         <value>0x2000c871</value>
         <object_component_ref idref="oc-296"/>
      </symbol>
      <symbol id="sm-e93">
         <name>TimerGetCurrentTimestamp</name>
         <value>0x2000cd49</value>
         <object_component_ref idref="oc-705"/>
      </symbol>
      <symbol id="sm-e94">
         <name>spi_Read</name>
         <value>0x20009c2d</value>
         <object_component_ref idref="oc-727"/>
      </symbol>
      <symbol id="sm-e95">
         <name>DmaSpiSwIntHandler</name>
         <value>0x2000cbcd</value>
         <object_component_ref idref="oc-4ca"/>
      </symbol>
      <symbol id="sm-e96">
         <name>NwpPowerOn</name>
         <value>0x2000cd29</value>
         <object_component_ref idref="oc-2a2"/>
      </symbol>
      <symbol id="sm-e97">
         <name>spi_Close</name>
         <value>0x2000b715</value>
         <object_component_ref idref="oc-2e7"/>
      </symbol>
      <symbol id="sm-e98">
         <name>spi_Write</name>
         <value>0x2000ac19</value>
         <object_component_ref idref="oc-6b5"/>
      </symbol>
      <symbol id="sm-e99">
         <name>spi_Open</name>
         <value>0x20009231</value>
         <object_component_ref idref="oc-28a"/>
      </symbol>
      <symbol id="sm-e9a">
         <name>g_ucDMAEnabled</name>
         <value>0x20017f84</value>
         <object_component_ref idref="oc-4c4"/>
      </symbol>
      <symbol id="sm-e9b">
         <name>g_SpiFd</name>
         <value>0x20017f7c</value>
         <object_component_ref idref="oc-4c4"/>
      </symbol>
      <symbol id="sm-eaf">
         <name>GPIODirModeSet</name>
         <value>0x2000c8a9</value>
         <object_component_ref idref="oc-429"/>
      </symbol>
      <symbol id="sm-eb0">
         <name>GPIOPinWrite</name>
         <value>0x2000cce9</value>
         <object_component_ref idref="oc-1bb"/>
      </symbol>
      <symbol id="sm-f3c">
         <name>IntPendClear</name>
         <value>0x2000bcf5</value>
         <object_component_ref idref="oc-4ff"/>
      </symbol>
      <symbol id="sm-f3d">
         <name>IntPrioritySet</name>
         <value>0x2000bdfd</value>
         <object_component_ref idref="oc-3b8"/>
      </symbol>
      <symbol id="sm-f3e">
         <name>IntVTableBaseSet</name>
         <value>0x2000d115</value>
         <object_component_ref idref="oc-1c8"/>
      </symbol>
      <symbol id="sm-f3f">
         <name>IntEnable</name>
         <value>0x2000a859</value>
         <object_component_ref idref="oc-1d4"/>
      </symbol>
      <symbol id="sm-f40">
         <name>IntDisable</name>
         <value>0x2000a7b1</value>
         <object_component_ref idref="oc-4f3"/>
      </symbol>
      <symbol id="sm-f41">
         <name>IntRegister</name>
         <value>0x2000cd09</value>
         <object_component_ref idref="oc-4b2"/>
      </symbol>
      <symbol id="sm-f42">
         <name>IntUnregister</name>
         <value>0x2000cbf1</value>
         <object_component_ref idref="oc-4f9"/>
      </symbol>
      <symbol id="sm-f43">
         <name>IntMasterEnable</name>
         <value>0x2000d201</value>
         <object_component_ref idref="oc-1ce"/>
      </symbol>
      <symbol id="sm-f82">
         <name>PinTypeUART</name>
         <value>0x2000cf1f</value>
         <object_component_ref idref="oc-42f"/>
      </symbol>
      <symbol id="sm-f83">
         <name>PinTypeTimer</name>
         <value>0x2000cf05</value>
         <object_component_ref idref="oc-41d"/>
      </symbol>
      <symbol id="sm-f84">
         <name>PinTypeGPIO</name>
         <value>0x2000c949</value>
         <object_component_ref idref="oc-423"/>
      </symbol>
      <symbol id="sm-f85">
         <name>PinConfigSet</name>
         <value>0x2000b009</value>
         <object_component_ref idref="oc-5e2"/>
      </symbol>
      <symbol id="sm-f86">
         <name>PinModeSet</name>
         <value>0x2000c585</value>
         <object_component_ref idref="oc-417"/>
      </symbol>
      <symbol id="sm-1019">
         <name>PRCMPeripheralReset</name>
         <value>0x2000bd4d</value>
         <object_component_ref idref="oc-3a3"/>
      </symbol>
      <symbol id="sm-101a">
         <name>PRCMPeripheralClkEnable</name>
         <value>0x2000c781</value>
         <object_component_ref idref="oc-39d"/>
      </symbol>
      <symbol id="sm-101b">
         <name>PRCMPeripheralClockGet</name>
         <value>0x2000acb1</value>
         <object_component_ref idref="oc-22c"/>
      </symbol>
      <symbol id="sm-101c">
         <name>PRCMCC3200MCUInit</name>
         <value>0x20008c8d</value>
         <object_component_ref idref="oc-1da"/>
      </symbol>
      <symbol id="sm-101d">
         <name>PRCMHIBRegWrite</name>
         <value>0x2000d093</value>
         <object_component_ref idref="oc-397"/>
      </symbol>
      <symbol id="sm-101e">
         <name>PRCMSysResetCauseGet</name>
         <value>0x2000c9d9</value>
         <object_component_ref idref="oc-38b"/>
      </symbol>
      <symbol id="sm-101f">
         <name>PRCMPeripheralStatusGet</name>
         <value>0x2000c8e1</value>
         <object_component_ref idref="oc-494"/>
      </symbol>
      <symbol id="sm-1020">
         <name>PRCMPeripheralClkDisable</name>
         <value>0x2000cb05</value>
         <object_component_ref idref="oc-fe"/>
      </symbol>
      <symbol id="sm-1021">
         <name>PRCMHIBRegRead</name>
         <value>0x2000d07d</value>
         <object_component_ref idref="oc-391"/>
      </symbol>
      <symbol id="sm-10dc">
         <name>SPIFIFODisable</name>
         <value>0x2000cf6d</value>
         <object_component_ref idref="oc-56c"/>
      </symbol>
      <symbol id="sm-10dd">
         <name>SPICSEnable</name>
         <value>0x2000cfd3</value>
         <object_component_ref idref="oc-73e"/>
      </symbol>
      <symbol id="sm-10de">
         <name>SPIDisable</name>
         <value>0x2000cfeb</value>
         <object_component_ref idref="oc-482"/>
      </symbol>
      <symbol id="sm-10df">
         <name>SPIFIFOEnable</name>
         <value>0x2000cf87</value>
         <object_component_ref idref="oc-4a0"/>
      </symbol>
      <symbol id="sm-10e0">
         <name>SPIWordCountSet</name>
         <value>0x2000ccc7</value>
         <object_component_ref idref="oc-744"/>
      </symbol>
      <symbol id="sm-10e1">
         <name>SPIEnable</name>
         <value>0x2000d003</value>
         <object_component_ref idref="oc-4be"/>
      </symbol>
      <symbol id="sm-10e2">
         <name>SPIDmaEnable</name>
         <value>0x2000cf53</value>
         <object_component_ref idref="oc-4a6"/>
      </symbol>
      <symbol id="sm-10e3">
         <name>SPIConfigSetExpClk</name>
         <value>0x2000a9a5</value>
         <object_component_ref idref="oc-48e"/>
      </symbol>
      <symbol id="sm-10e4">
         <name>SPIIntUnregister</name>
         <value>0x2000cfa1</value>
         <object_component_ref idref="oc-566"/>
      </symbol>
      <symbol id="sm-10e5">
         <name>SPIFIFOLevelSet</name>
         <value>0x2000c915</value>
         <object_component_ref idref="oc-4ac"/>
      </symbol>
      <symbol id="sm-10e6">
         <name>SPIDmaDisable</name>
         <value>0x2000cf39</value>
         <object_component_ref idref="oc-572"/>
      </symbol>
      <symbol id="sm-10e7">
         <name>SPIReset</name>
         <value>0x2000cca5</value>
         <object_component_ref idref="oc-488"/>
      </symbol>
      <symbol id="sm-10e8">
         <name>SPIIntEnable</name>
         <value>0x2000bfed</value>
         <object_component_ref idref="oc-4b8"/>
      </symbol>
      <symbol id="sm-10e9">
         <name>SPIIntClear</name>
         <value>0x2000c201</value>
         <object_component_ref idref="oc-67e"/>
      </symbol>
      <symbol id="sm-10ea">
         <name>SPICSDisable</name>
         <value>0x2000cfbb</value>
         <object_component_ref idref="oc-47c"/>
      </symbol>
      <symbol id="sm-112f">
         <name>TimerMatchSet</name>
         <value>0x2000ca87</value>
         <object_component_ref idref="oc-da"/>
      </symbol>
      <symbol id="sm-1130">
         <name>TimerLoadSet</name>
         <value>0x2000ca5d</value>
         <object_component_ref idref="oc-ec"/>
      </symbol>
      <symbol id="sm-1131">
         <name>TimerDisable</name>
         <value>0x2000cdc9</value>
         <object_component_ref idref="oc-f8"/>
      </symbol>
      <symbol id="sm-1132">
         <name>TimerEnable</name>
         <value>0x2000cde7</value>
         <object_component_ref idref="oc-f2"/>
      </symbol>
      <symbol id="sm-1133">
         <name>TimerValueGet</name>
         <value>0x2000ce41</value>
         <object_component_ref idref="oc-77e"/>
      </symbol>
      <symbol id="sm-1134">
         <name>TimerPrescaleSet</name>
         <value>0x2000cab1</value>
         <object_component_ref idref="oc-e6"/>
      </symbol>
      <symbol id="sm-1135">
         <name>TimerConfigure</name>
         <value>0x2000c365</value>
         <object_component_ref idref="oc-e0"/>
      </symbol>
      <symbol id="sm-117a">
         <name>UARTConfigSetExpClk</name>
         <value>0x2000b78d</value>
         <object_component_ref idref="oc-232"/>
      </symbol>
      <symbol id="sm-117b">
         <name>UARTDisable</name>
         <value>0x2000c979</value>
         <object_component_ref idref="oc-43d"/>
      </symbol>
      <symbol id="sm-117c">
         <name>UARTCharsAvail</name>
         <value>0x2000d01b</value>
         <object_component_ref idref="oc-244"/>
      </symbol>
      <symbol id="sm-117d">
         <name>UARTCharGetNonBlocking</name>
         <value>0x2000ce5d</value>
         <object_component_ref idref="oc-24a"/>
      </symbol>
      <symbol id="sm-117e">
         <name>UARTCharPut</name>
         <value>0x2000ce05</value>
         <object_component_ref idref="oc-238"/>
      </symbol>
      <symbol id="sm-117f">
         <name>UARTEnable</name>
         <value>0x2000cc15</value>
         <object_component_ref idref="oc-443"/>
      </symbol>
      <symbol id="sm-1180">
         <name>UARTCharGet</name>
         <value>0x2000d0a9</value>
         <object_component_ref idref="oc-16c"/>
      </symbol>
      <symbol id="sm-122d">
         <name>uDMAChannelControlSet</name>
         <value>0x2000c835</value>
         <object_component_ref idref="oc-3f4"/>
      </symbol>
      <symbol id="sm-122e">
         <name>uDMAIntClear</name>
         <value>0x2000d165</value>
         <object_component_ref idref="oc-3b2"/>
      </symbol>
      <symbol id="sm-122f">
         <name>uDMAChannelDisable</name>
         <value>0x2000ceb1</value>
         <object_component_ref idref="oc-3e2"/>
      </symbol>
      <symbol id="sm-1230">
         <name>uDMAIntUnregister</name>
         <value>0x2000d179</value>
         <object_component_ref idref="oc-3e8"/>
      </symbol>
      <symbol id="sm-1231">
         <name>uDMAChannelAttributeEnable</name>
         <value>0x2000bc35</value>
         <object_component_ref idref="oc-3fa"/>
      </symbol>
      <symbol id="sm-1232">
         <name>uDMADisable</name>
         <value>0x2000d1dd</value>
         <object_component_ref idref="oc-3ee"/>
      </symbol>
      <symbol id="sm-1233">
         <name>uDMAChannelTransferSet</name>
         <value>0x20009d1d</value>
         <object_component_ref idref="oc-400"/>
      </symbol>
      <symbol id="sm-1234">
         <name>uDMAIntStatus</name>
         <value>0x2000d1f5</value>
         <object_component_ref idref="oc-3ac"/>
      </symbol>
      <symbol id="sm-1235">
         <name>uDMAChannelAssign</name>
         <value>0x2000c1b5</value>
         <object_component_ref idref="oc-3d0"/>
      </symbol>
      <symbol id="sm-1236">
         <name>uDMAIntRegister</name>
         <value>0x2000d0eb</value>
         <object_component_ref idref="oc-3be"/>
      </symbol>
      <symbol id="sm-1237">
         <name>uDMAEnable</name>
         <value>0x2000d1e9</value>
         <object_component_ref idref="oc-3c4"/>
      </symbol>
      <symbol id="sm-1238">
         <name>uDMAControlBaseSet</name>
         <value>0x2000d151</value>
         <object_component_ref idref="oc-3ca"/>
      </symbol>
      <symbol id="sm-1239">
         <name>uDMAChannelAttributeDisable</name>
         <value>0x2000bbd1</value>
         <object_component_ref idref="oc-3d6"/>
      </symbol>
      <symbol id="sm-123a">
         <name>uDMAChannelEnable</name>
         <value>0x2000cecd</value>
         <object_component_ref idref="oc-406"/>
      </symbol>
      <symbol id="sm-123b">
         <name>uDMAChannelRequest</name>
         <value>0x2000cee9</value>
         <object_component_ref idref="oc-3dc"/>
      </symbol>
      <symbol id="sm-123f">
         <name>UtilsDelay</name>
         <value>0x2000d213</value>
         <object_component_ref idref="oc-1b9"/>
      </symbol>
      <symbol id="sm-1249">
         <name>CPUcpsie</name>
         <value>0x2000d101</value>
         <object_component_ref idref="oc-380"/>
      </symbol>
      <symbol id="sm-124b">
         <name>__TI_static_base__</name>
         <value>0x2000d870</value>
      </symbol>
      <symbol id="sm-124e">
         <name>SHT$$INIT_ARRAY$$Limit</name>
         <value>0x0</value>
      </symbol>
      <symbol id="sm-124f">
         <name>SHT$$INIT_ARRAY$$Base</name>
         <value>0x0</value>
      </symbol>
   </symbol_table>
   <title>Link successful</title>
</link_info>
