******************************************************************************
                  TI ARM Linker PC v15.12.1                    
******************************************************************************
>> Linked Fri Feb 03 16:49:27 2017

OUTPUT FILE NAME:   <PWMandTCP.out>
ENTRY POINT SYMBOL: "_c_int00"  address: 2000c685


MEMORY CONFIGURATION

         name            origin    length      used     unused   attr    fill
----------------------  --------  ---------  --------  --------  ----  --------
  SRAM_CODE             20004000   00013000  000098cd  00009733  RW X
  SRAM_DATA             20017000   00019000  0000179c  00017864  RW X


SEGMENT ALLOCATION MAP

run origin  load origin   length   init length attrs members
----------  ----------- ---------- ----------- ----- -------
20004000    20004000    000098d4   000098d4    r-x
  20004000    20004000    00000400   00000400    r-- .intvecs
  20004400    20004400    00008e22   00008e22    r-x .text
  2000d224    2000d224    00000647   00000647    r-- .const
  2000d870    2000d870    00000064   00000064    r-- .cinit
20017000    20017000    00000f9c   00000000    rw-
  20017000    20017000    00000800   00000000    rw- .sysmem
  20017800    20017800    000006fc   00000000    rw- .bss
  20017efc    20017efc    000000a0   00000000    rw- .data
2002f800    2002f800    00000800   00000000    rw-
  2002f800    2002f800    00000800   00000000    rw- .stack


SECTION ALLOCATION MAP

 output                                  attributes/
section   page    origin      length       input sections
--------  ----  ----------  ----------   ----------------
.intvecs   0    20004000    00000400     
                  20004000    00000400     startup_ccs.obj (.intvecs)

.init_array 
*          0    20004000    00000000     UNINITIALIZED

.text      0    20004400    00008e22     
                  20004400    0000175c     main.obj (.text)
                  20005b5c    000010fc     rtsv7M4_T_le_eabi.lib : _printfi.obj (.text)
                  20006c58    00000590     simplelink.a : driver.obj (.text:_SlDrvMsgRead)
                  200071e8    000003dc     rtsv7M4_T_le_eabi.lib : memory.obj (.text)
                  200075c4    00000280     uart_if.obj (.text)
                  20007844    00000260     simplelink.a : wlan.obj (.text:sl_WlanConnect)
                  20007aa4    0000023c                  : driver.obj (.text:_SlDrvRxHdrRead)
                  20007ce0    000001f4     rtsv7M4_T_le_eabi.lib : ull_div_t2.obj (.text)
                  20007ed4    000001e4     simplelink.a : driver.obj (.text:_SlDrvDataReadOp)
                  200080b8    000001d0                  : driver.obj (.text:_SlDrvReleasePoolObj)
                  20008288    000001cc     udma_if.obj (.text)
                  20008454    000001b6     rtsv7M4_T_le_eabi.lib : fd_add_t2.obj (.text)
                  2000860a    00000002     driverlib.a : interrupt.obj (.text:IntDefaultHandler)
                  2000860c    000001b4     simplelink.a : driver.obj (.text:_SlDrvDriverCBInit)
                  200087c0    000001a0                  : socket.obj (.text:sl_Accept)
                  20008960    0000019c                  : driver.obj (.text:_SlDrvMsgWrite)
                  20008afc    00000190                  : driver.obj (.text:_SlDrvWaitForPoolObj)
                  20008c8c    00000178     driverlib.a : prcm.obj (.text:PRCMCC3200MCUInit)
                  20008e04    00000170     simplelink.a : driver.obj (.text:_SlFindAndSetActiveObj)
                  20008f74    0000016c                  : socket.obj (.text:sl_Connect)
                  200090e0    00000150                  : driver.obj (.text:_SlDrvDataWriteOp)
                  20009230    00000148                  : cc_pal.obj (.text:spi_Open)
                  20009378    00000136     rtsv7M4_T_le_eabi.lib : fd_div_t2.obj (.text)
                  200094ae    00000002                           : mpu_init.obj (.text)
                  200094b0    00000128     simplelink.a : driver.obj (.text:_SlDrvMsgReadCmdCtx)
                  200095d8    00000124                  : driver.obj (.text:_SlDrvDriverCBDeinit)
                  200096fc    00000118                  : socket.obj (.text:sl_Send)
                  20009814    00000114     rtsv7M4_T_le_eabi.lib : strtoul.obj (.text)
                  20009928    00000104     simplelink.a : netapp.obj (.text:_SlDrvNetAppEventHandler)
                  20009a2c    00000104     pinmux.obj (.text)
                  20009b30    000000fc     rtsv7M4_T_le_eabi.lib : fd_mul_t2.obj (.text)
                  20009c2c    000000f0     simplelink.a : cc_pal.obj (.text:spi_Read)
                  20009d1c    000000f0     driverlib.a : udma.obj (.text:uDMAChannelTransferSet)
                  20009e0c    000000e8     simplelink.a : driver.obj (.text:_SlAsyncEventGenericHandler)
                  20009ef4    000000e4                  : device.obj (.text:sl_Stop)
                  20009fd8    000000e0                  : device.obj (.text:sl_Start)
                  2000a0b8    000000dc                  : driver.obj (.text:_SlDrvClassifyRxMsg)
                  2000a194    000000d4                  : driver.obj (.text:_SlDrvMsgReadSpawnCtx)
                  2000a268    000000d0     rtsv7M4_T_le_eabi.lib : s_scalbn.obj (.text)
                  2000a338    000000cc     simplelink.a : netapp.obj (.text:_sl_HandleAsync_DnsGetHostByService)
                  2000a404    000000c8                  : netapp.obj (.text:sl_NetAppMDNSRegisterUnregisterService)
                  2000a4cc    000000c4                  : driver.obj (.text:_SlRemoveFromList)
                  2000a590    000000c0                  : driver.obj (.text:_SlDrvCmdOp)
                  2000a650    000000b4                  : device.obj (.text:sl_DevGet)
                  2000a704    000000ac                  : nonos.obj (.text:_SlNonOsSemGet)
                  2000a7b0    000000a8     driverlib.a : interrupt.obj (.text:IntDisable)
                  2000a858    000000a8                 : interrupt.obj (.text:IntEnable)
                  2000a900    000000a4     simplelink.a : driver.obj (.text:_SlDriverHandleError)
                  2000a9a4    000000a0     driverlib.a : spi.obj (.text:SPIConfigSetExpClk)
                  2000aa44    0000009c     rtsv7M4_T_le_eabi.lib : memcpy_t2.obj (.text)
                  2000aae0    0000009c     simplelink.a : socket.obj (.text:sl_Bind)
                  2000ab7c    0000009a                  : device.obj (.text:_SlDrvDeviceEventHandler)
                  2000ac16    00000002     rtsv7M4_T_le_eabi.lib : startup.obj (.text)
                  2000ac18    00000098     simplelink.a : cc_pal.obj (.text:spi_Write)
                  2000acb0    00000094     driverlib.a : prcm.obj (.text:PRCMPeripheralClockGet)
                  2000ad44    00000090     simplelink.a : netapp.obj (.text:_sl_HandleAsync_DnsGetHostByName)
                  2000add4    00000090                  : netapp.obj (.text:_sl_HandleAsync_PingResponse)
                  2000ae64    0000008c                  : cc_pal.obj (.text:SetupDMAReceive)
                  2000aef0    0000008c                  : cc_pal.obj (.text:SetupDMASend)
                  2000af7c    0000008c                  : driver.obj (.text:_SlDrvIsTimeoutExpired)
                  2000b008    00000088     driverlib.a : pin.obj (.text:PinConfigSet)
                  2000b090    00000088     rtsv7M4_T_le_eabi.lib : vsnprintf.obj (.text)
                  2000b118    00000088     simplelink.a : socket.obj (.text:sl_Recv)
                  2000b1a0    00000086     rtsv7M4_T_le_eabi.lib : fd_cmp_t2.obj (.text:__aeabi_cdcmple)
                  2000b226    00000086                           : fd_cmp_t2.obj (.text:__aeabi_cdrcmple)
                  2000b2ac    00000080     simplelink.a : socket.obj (.text:_sl_HandleAsync_Connect)
                  2000b32c    00000080                  : device.obj (.text:_sl_HandleAsync_InitComplete)
                  2000b3ac    00000080                  : cc_pal.obj (.text:spi_Read_CPU)
                  2000b42c    00000080                  : cc_pal.obj (.text:spi_Write_CPU)
                  2000b4ac    0000007c                  : netcfg.obj (.text:sl_NetCfgSet)
                  2000b528    0000007c                  : socket.obj (.text:sl_SetSockOpt)
                  2000b5a4    0000007c                  : wlan.obj (.text:sl_WlanSet)
                  2000b620    0000007a     rtsv7M4_T_le_eabi.lib : memset_t2.obj (.text)
                  2000b69a    00000002     --HOLE-- [fill = 0]
                  2000b69c    00000078     simplelink.a : wlan.obj (.text:sl_WlanPolicySet)
                  2000b714    00000078                  : cc_pal.obj (.text:spi_Close)
                  2000b78c    00000076     driverlib.a : uart.obj (.text:UARTConfigSetExpClk)
                  2000b802    00000002     --HOLE-- [fill = 0]
                  2000b804    00000074     simplelink.a : nonos.obj (.text:_SlNonOsMainLoopTask)
                  2000b878    00000070     rtsv7M4_T_le_eabi.lib : autoinit.obj (.text)
                  2000b8e8    00000070     simplelink.a : socket.obj (.text:sl_Socket)
                  2000b958    0000006c                  : driver.obj (.text:_SlDrvCmdSend)
                  2000b9c4    0000006c                  : netapp.obj (.text:_sl_NetAppSendTokenValue)
                  2000ba30    0000006c                  : wlan.obj (.text:sl_WlanRxFilterSet)
                  2000ba9c    0000006a     rtsv7M4_T_le_eabi.lib : copy_decompress_rle.obj (.text)
                  2000bb06    00000002     --HOLE-- [fill = 0]
                  2000bb08    00000064     simplelink.a : nonos.obj (.text:_SlNonOsSpawn)
                  2000bb6c    00000064                  : socket.obj (.text:_sl_HandleAsync_Accept)
                  2000bbd0    00000064     driverlib.a : udma.obj (.text:uDMAChannelAttributeDisable)
                  2000bc34    00000064                 : udma.obj (.text:uDMAChannelAttributeEnable)
                  2000bc98    0000005c     rtsv7M4_T_le_eabi.lib : s_frexp.obj (.text)
                  2000bcf4    00000058     driverlib.a : interrupt.obj (.text:IntPendClear)
                  2000bd4c    00000058                 : prcm.obj (.text:PRCMPeripheralReset)
                  2000bda4    00000056     rtsv7M4_T_le_eabi.lib : ltoa.obj (.text)
                  2000bdfa    00000002     --HOLE-- [fill = 0]
                  2000bdfc    00000054     driverlib.a : interrupt.obj (.text:IntPrioritySet)
                  2000be50    00000054     simplelink.a : driver.obj (.text:_SlDrvRxIrqHandler)
                  2000bea4    00000054                  : socket.obj (.text:_sl_HandleAsync_Select)
                  2000bef8    00000054     rtsv7M4_T_le_eabi.lib : exit.obj (.text)
                  2000bf4c    00000050     simplelink.a : device.obj (.text:_sl_HandleAsync_Stop)
                  2000bf9c    00000050                  : socket.obj (.text:sl_Listen)
                  2000bfec    0000004c     driverlib.a : spi.obj (.text:SPIIntEnable)
                  2000c038    0000004c                 : spi.obj (.text:SPIIntNumberGet)
                  2000c084    0000004c     simplelink.a : driver.obj (.text:_SlDrvProtectAsyncRespSetting)
                  2000c0d0    0000004c                  : socket.obj (.text:_sl_BuildAddress)
                  2000c11c    0000004c     rtsv7M4_T_le_eabi.lib : atoi.obj (.text)
                  2000c168    0000004c                           : cpy_tbl.obj (.text)
                  2000c1b4    0000004c     driverlib.a : udma.obj (.text:uDMAChannelAssign)
                  2000c200    00000048                 : spi.obj (.text:SPIIntClear)
                  2000c248    00000048     simplelink.a : driver.obj (.text:_SlDrvBasicCmd)
                  2000c290    00000048     rtsv7M4_T_le_eabi.lib : fd_toi_t2.obj (.text)
                  2000c2d8    00000048     simplelink.a : netapp.obj (.text:sl_NetAppMDNSUnRegisterService)
                  2000c320    00000044     driverlib.a : spi.obj (.text:SPIDmaMaskGet)
                  2000c364    00000044                 : timer.obj (.text:TimerConfigure)
                  2000c3a8    00000044     simplelink.a : driver.obj (.text:_SlDrvHandleHttpServerEvents)
                  2000c3ec    00000044                  : driver.obj (.text:_SlDrvSyncObjWaitTimeout)
                  2000c430    00000044                  : cc_pal.obj (.text:cc_SetupTransfer)
                  2000c474    00000044                  : socket.obj (.text:sl_Close)
                  2000c4b8    00000044                  : wlan.obj (.text:sl_WlanProfileDel)
                  2000c4fc    00000044                  : wlan.obj (.text:sl_WlanSetMode)
                  2000c540    00000042                  : socket.obj (.text:sl_Htonl)
                  2000c582    00000002     --HOLE-- [fill = 0]
                  2000c584    00000040     driverlib.a : pin.obj (.text:PinModeSet)
                  2000c5c4    00000040     simplelink.a : driver.obj (.text:_SlDrvHandleNetAppEvents)
                  2000c604    00000040                  : driver.obj (.text:_SlDrvHandleWlanEvents)
                  2000c644    00000040                  : socket.obj (.text:_sl_TruncatePayloadByProtocol)
                  2000c684    00000040     rtsv7M4_T_le_eabi.lib : boot.obj (.text)
                  2000c6c4    00000040                           : strtok.obj (.text)
                  2000c704    0000003e     simplelink.a : cc_pal.obj (.text:NwpRegisterInterruptHandler)
                  2000c742    0000003c                  : netapp.obj (.text:CopyPingResultsToReport)
                  2000c77e    00000002     --HOLE-- [fill = 0]
                  2000c780    0000003c     driverlib.a : prcm.obj (.text:PRCMPeripheralClkEnable)
                  2000c7bc    0000003c     simplelink.a : cc_pal.obj (.text:simplelink_timerA2_start)
                  2000c7f8    0000003c                  : socket.obj (.text:sl_Htons)
                  2000c834    0000003c     driverlib.a : udma.obj (.text:uDMAChannelControlSet)
                  2000c870    00000038     simplelink.a : cc_pal.obj (.text:NwpPowerOff)
                  2000c8a8    00000036     driverlib.a : gpio.obj (.text:GPIODirModeSet)
                  2000c8de    00000002     --HOLE-- [fill = 0]
                  2000c8e0    00000034                 : prcm.obj (.text:PRCMPeripheralStatusGet)
                  2000c914    00000034                 : spi.obj (.text:SPIFIFOLevelSet)
                  2000c948    00000030                 : pin.obj (.text:PinTypeGPIO)
                  2000c978    00000030                 : uart.obj (.text:UARTDisable)
                  2000c9a8    0000002e     rtsv7M4_T_le_eabi.lib : i_tofd_t2.obj (.text)
                  2000c9d6    00000002     --HOLE-- [fill = 0]
                  2000c9d8    0000002c     driverlib.a : prcm.obj (.text:PRCMSysResetCauseGet)
                  2000ca04    0000002c     simplelink.a : driver.obj (.text:_SlDrvObjGlobalLockWaitForever)
                  2000ca30    0000002c                  : driver.obj (.text:_SlDrvProtectionObjLockWaitForever)
                  2000ca5c    0000002a     driverlib.a : timer.obj (.text:TimerLoadSet)
                  2000ca86    0000002a                 : timer.obj (.text:TimerMatchSet)
                  2000cab0    0000002a                 : timer.obj (.text:TimerPrescaleSet)
                  2000cada    0000002a     rtsv7M4_T_le_eabi.lib : strspn.obj (.text)
                  2000cb04    00000028     driverlib.a : prcm.obj (.text:PRCMPeripheralClkDisable)
                  2000cb2c    00000028     simplelink.a : driver.obj (.text:_SlDrvGlobalObjUnLock)
                  2000cb54    00000028                  : driver.obj (.text:_SlDrvProtectionObjUnLock)
                  2000cb7c    00000028                  : driver.obj (.text:_SlDrvSyncObjWaitForever)
                  2000cba4    00000026     network_common.obj (.text)
                  2000cbca    00000002     --HOLE-- [fill = 0]
                  2000cbcc    00000024     simplelink.a : cc_pal.obj (.text:DmaSpiSwIntHandler)
                  2000cbf0    00000024     driverlib.a : interrupt.obj (.text:IntUnregister)
                  2000cc14    00000024                 : uart.obj (.text:UARTEnable)
                  2000cc38    00000024     simplelink.a : driver.obj (.text:_SlDrvObjLockWaitForever)
                  2000cc5c    00000024     rtsv7M4_T_le_eabi.lib : memmov.obj (.text)
                  2000cc80    00000024                           : strcspn.obj (.text)
                  2000cca4    00000022     driverlib.a : spi.obj (.text:SPIReset)
                  2000ccc6    00000022                 : spi.obj (.text:SPIWordCountSet)
                  2000cce8    00000020                 : gpio.obj (.text:GPIOPinWrite)
                  2000cd08    00000020                 : interrupt.obj (.text:IntRegister)
                  2000cd28    00000020     simplelink.a : cc_pal.obj (.text:NwpPowerOn)
                  2000cd48    00000020                  : cc_pal.obj (.text:TimerGetCurrentTimestamp)
                  2000cd68    00000020                  : driver.obj (.text:_SlDrvObjUnLock)
                  2000cd88    00000020                  : driver.obj (.text:_SlDrvSyncObjSignal)
                  2000cda8    00000020                  : wlan.obj (.text:sl_WlanDisconnect)
                  2000cdc8    0000001e     driverlib.a : timer.obj (.text:TimerDisable)
                  2000cde6    0000001e                 : timer.obj (.text:TimerEnable)
                  2000ce04    0000001e                 : uart.obj (.text:UARTCharPut)
                  2000ce22    0000001e     simplelink.a : cc_pal.obj (.text:cc_UDMAChannelSelect)
                  2000ce40    0000001c     driverlib.a : timer.obj (.text:TimerValueGet)
                  2000ce5c    0000001c                 : uart.obj (.text:UARTCharGetNonBlocking)
                  2000ce78    0000001c     simplelink.a : driver.obj (.text:_SlDrvStartMeasureTimeout)
                  2000ce94    0000001c     rtsv7M4_T_le_eabi.lib : memccpy.obj (.text)
                  2000ceb0    0000001c     driverlib.a : udma.obj (.text:uDMAChannelDisable)
                  2000cecc    0000001c                 : udma.obj (.text:uDMAChannelEnable)
                  2000cee8    0000001c                 : udma.obj (.text:uDMAChannelRequest)
                  2000cf04    0000001a                 : pin.obj (.text:PinTypeTimer)
                  2000cf1e    0000001a                 : pin.obj (.text:PinTypeUART)
                  2000cf38    0000001a                 : spi.obj (.text:SPIDmaDisable)
                  2000cf52    0000001a                 : spi.obj (.text:SPIDmaEnable)
                  2000cf6c    0000001a                 : spi.obj (.text:SPIFIFODisable)
                  2000cf86    0000001a                 : spi.obj (.text:SPIFIFOEnable)
                  2000cfa0    0000001a                 : spi.obj (.text:SPIIntUnregister)
                  2000cfba    00000018                 : spi.obj (.text:SPICSDisable)
                  2000cfd2    00000018                 : spi.obj (.text:SPICSEnable)
                  2000cfea    00000018                 : spi.obj (.text:SPIDisable)
                  2000d002    00000018                 : spi.obj (.text:SPIEnable)
                  2000d01a    00000018                 : uart.obj (.text:UARTCharsAvail)
                  2000d032    00000018     simplelink.a : nonos.obj (.text:_SlNonOsSemSet)
                  2000d04a    00000002     --HOLE-- [fill = 0]
                  2000d04c    00000018                  : device.obj (.text:_sl_GetStartResponseConvert)
                  2000d064    00000018     rtsv7M4_T_le_eabi.lib : args_main.obj (.text)
                  2000d07c    00000016     driverlib.a : prcm.obj (.text:PRCMHIBRegRead)
                  2000d092    00000016                 : prcm.obj (.text:PRCMHIBRegWrite)
                  2000d0a8    00000016                 : uart.obj (.text:UARTCharGet)
                  2000d0be    00000016     simplelink.a : driver.obj (.text:_SlDrvMemZero)
                  2000d0d4    00000016     rtsv7M4_T_le_eabi.lib : strchr.obj (.text)
                  2000d0ea    00000016     driverlib.a : udma.obj (.text:uDMAIntRegister)
                  2000d100    00000014                 : cpu.obj (.text:CPUcpsie)
                  2000d114    00000014                 : interrupt.obj (.text:IntVTableBaseSet)
                  2000d128    00000014     rtsv7M4_T_le_eabi.lib : _lock.obj (.text)
                  2000d13c    00000014                           : strlen.obj (.text)
                  2000d150    00000014     driverlib.a : udma.obj (.text:uDMAControlBaseSet)
                  2000d164    00000014                 : udma.obj (.text:uDMAIntClear)
                  2000d178    00000012                 : udma.obj (.text:uDMAIntUnregister)
                  2000d18a    00000010     simplelink.a : driver.obj (.text:_SlDrvDispatchHttpServerEvents)
                  2000d19a    0000000e                  : driver.obj (.text:_SlDrvResetCmdExt)
                  2000d1a8    0000000e     rtsv7M4_T_le_eabi.lib : copy_decompress_none.obj (.text:decompress:none)
                  2000d1b6    0000000e     startup_ccs.obj (.text)
                  2000d1c4    0000000c     simplelink.a : cc_pal.obj (.text:NwpMaskInterrupt)
                  2000d1d0    0000000c                  : cc_pal.obj (.text:NwpUnMaskInterrupt)
                  2000d1dc    0000000c     driverlib.a : udma.obj (.text:uDMADisable)
                  2000d1e8    0000000c                 : udma.obj (.text:uDMAEnable)
                  2000d1f4    0000000c                 : udma.obj (.text:uDMAIntStatus)
                  2000d200    0000000a                 : interrupt.obj (.text:IntMasterEnable)
                  2000d20a    00000008     rtsv7M4_T_le_eabi.lib : s_copysign.obj (.text)
                  2000d212    00000006     driverlib.a : utils.obj (.text:UtilsDelay)
                  2000d218    00000006     rtsv7M4_T_le_eabi.lib : copy_decompress_rle.obj (.text:decompress:rle24)
                  2000d21e    00000004                           : pre_init.obj (.text)

.const     0    2000d224    00000647     
                  2000d224    00000101     rtsv7M4_T_le_eabi.lib : ctype.obj (.const:.string:_ctypes_)
                  2000d325    00000003     --HOLE-- [fill = 0]
                  2000d328    00000100     driverlib.a : pin.obj (.const:g_ulPinToPadMap)
                  2000d428    000000d4                 : interrupt.obj (.const:g_pulRegs)
                  2000d4fc    000000a8                 : prcm.obj (.const:PRCM_PeriphRegsList)
                  2000d5a4    0000004c     simplelink.a : driver.obj (.const)
                  2000d5f0    0000003c                  : driver.obj (.const:OpcodeTranslateTable)
                  2000d62c    0000003c                  : wlan.obj (.const)
                  2000d668    00000038                  : driver.obj (.const:_SlActionLookupTable)
                  2000d6a0    00000034                  : socket.obj (.const)
                  2000d6d4    0000002c     main.obj (.const:$P$T1$2)
                  2000d700    00000028     simplelink.a : netapp.obj (.const)
                  2000d728    00000024     driverlib.a : spi.obj (.const:g_ppulSPIIntMap)
                  2000d74c    00000022     main.obj (.const:.string:$P$T0$1)
                  2000d76e    0000001c     simplelink.a : device.obj (.const)
                  2000d78a    00000002     --HOLE-- [fill = 0]
                  2000d78c    00000018     driverlib.a : interrupt.obj (.const:g_pulDisRegs)
                  2000d7a4    00000018                 : interrupt.obj (.const:g_pulEnRegs)
                  2000d7bc    00000018                 : interrupt.obj (.const:g_pulUnpendRegs)
                  2000d7d4    00000018                 : spi.obj (.const:g_ulSPIDmaMaskMap)
                  2000d7ec    00000014     main.obj (.const:$P$T2$3)
                  2000d800    00000014     simplelink.a : nonos.obj (.const)
                  2000d814    00000010                  : socket.obj (.const:.string)
                  2000d824    0000000d     main.obj (.const:.string:$P$T3$4)
                  2000d831    0000000d     main.obj (.const:.string:$P$T5$6)
                  2000d83e    00000002     --HOLE-- [fill = 0]
                  2000d840    0000000c     main.obj (.const:$P$T7$8)
                  2000d84c    0000000c     main.obj (.const:.string:$P$T6$7)
                  2000d858    00000008     simplelink.a : netcfg.obj (.const)
                  2000d860    00000006     main.obj (.const:.string:$P$T4$5)
                  2000d866    00000005     main.obj (.const:.string:$P$T8$9)

.cinit     0    2000d870    00000064     
                  2000d870    0000003b     (.cinit..data.load) [load image, compression = rle]
                  2000d8ab    00000005     --HOLE-- [fill = 0]
                  2000d8b0    0000000b     (.cinit..bss.load) [load image, compression = rle]
                  2000d8bb    00000001     --HOLE-- [fill = 0]
                  2000d8bc    00000008     (__TI_handler_table)
                  2000d8c4    00000010     (__TI_cinit_table)

.sysmem    0    20017000    00000800     UNINITIALIZED
                  20017000    00000008     rtsv7M4_T_le_eabi.lib : memory.obj (.sysmem)
                  20017008    000007f8     --HOLE--

.bss       0    20017800    000006fc     UNINITIALIZED
                  20017800    00000400     (.common:gpCtlTbl)
                  20017c00    00000168     simplelink.a : driver.obj (.bss:g_StatMem)
                  20017d68    00000100     (.common:gfpAppCallbackHndl)
                  20017e68    00000050                  : cc_pal.obj (.bss:g_ucDinDout)
                  20017eb8    00000024     (.common:g_ucConnectionSSID)
                  20017edc    00000008     (.common:g_ucConnectionBSSID)
                  20017ee4    00000008     (.common:receiveBuf)
                  20017eec    00000008     (.common:sendBuf)
                  20017ef4    00000004     uart_if.obj (.bss)
                  20017ef8    00000001     (.common:RxIrqCnt)
                  20017ef9    00000001     (.common:g_bDeviceRestartIsRequired)
                  20017efa    00000001     (.common:g_cDummy)
                  20017efb    00000001     (.common:iDone)

.data      0    20017efc    000000a0     UNINITIALIZED
                  20017efc    0000003c     simplelink.a : nonos.obj (.data:g__SlNonOsCB)
                  20017f38    0000001c     main.obj (.data)
                  20017f54    0000000d     simplelink.a : driver.obj (.data)
                  20017f61    00000003     --HOLE--
                  20017f64    0000000c     rtsv7M4_T_le_eabi.lib : exit.obj (.data:$O1$$)
                  20017f70    0000000c                           : memory.obj (.data:$O1$$)
                  20017f7c    00000009     simplelink.a : cc_pal.obj (.data)
                  20017f85    00000003     --HOLE--
                  20017f88    00000008     rtsv7M4_T_le_eabi.lib : _lock.obj (.data:$O1$$)
                  20017f90    00000004                           : errno.obj (.data)
                  20017f94    00000004                           : stkdepth_vars.obj (.data)
                  20017f98    00000004                           : strtok.obj (.data)

.stack     0    2002f800    00000800     UNINITIALIZED
                  2002f800    00000800     --HOLE--

MODULE SUMMARY

       Module                     code    ro data   rw data
       ------                     ----    -------   -------
    .\
       main.obj                   5980    159       88     
       udma_if.obj                460     0         1281   
       startup_ccs.obj            14      1024      0      
       uart_if.obj                640     0         4      
       pinmux.obj                 260     0         0      
       network_common.obj         38      0         0      
    +--+--------------------------+-------+---------+---------+
       Total:                     7392    1183      1373   
                                                           
    C:/TI/CC3200SDK_1.2.0/cc3200-sdk/driverlib/ccs/Release/driverlib.a
       prcm.obj                   852     168       0      
       interrupt.obj              608     284       0      
       spi.obj                    798     60        0      
       udma.obj                   776     0         0      
       pin.obj                    300     256       0      
       uart.obj                   306     0         0      
       timer.obj                  282     0         0      
       gpio.obj                   86      0         0      
       cpu.obj                    20      0         0      
       utils.obj                  6       0         0      
    +--+--------------------------+-------+---------+---------+
       Total:                     4034    768       0      
                                                           
    C:/TI/CC3200SDK_1.2.0/cc3200-sdk/simplelink/ccs/NON_OS/simplelink.a
       driver.obj                 7832    192       375    
       socket.obj                 2314    68        0      
       cc_pal.obj                 1776    0         90     
       netapp.obj                 1192    40        0      
       wlan.obj                   1128    60        0      
       device.obj                 1018    28        0      
       nonos.obj                  412     20        60     
       netcfg.obj                 124     8         0      
    +--+--------------------------+-------+---------+---------+
       Total:                     15796   416       525    
                                                           
    C:\TI\ccsv6\tools\compiler\ti-cgt-arm_15.12.1.LTS\lib\rtsv7M4_T_le_eabi.lib
       _printfi.obj               4348    0         0      
       memory.obj                 988     0         12     
       ull_div_t2.obj             500     0         0      
       fd_add_t2.obj              438     0         0      
       fd_div_t2.obj              310     0         0      
       strtoul.obj                276     0         0      
       fd_cmp_t2.obj              268     0         0      
       ctype.obj                  0       257       0      
       fd_mul_t2.obj              252     0         0      
       s_scalbn.obj               208     0         0      
       memcpy_t2.obj              156     0         0      
       vsnprintf.obj              136     0         0      
       memset_t2.obj              122     0         0      
       autoinit.obj               112     0         0      
       copy_decompress_rle.obj    112     0         0      
       exit.obj                   84      0         12     
       s_frexp.obj                92      0         0      
       ltoa.obj                   86      0         0      
       atoi.obj                   76      0         0      
       cpy_tbl.obj                76      0         0      
       fd_toi_t2.obj              72      0         0      
       strtok.obj                 64      0         4      
       boot.obj                   64      0         0      
       i_tofd_t2.obj              46      0         0      
       strspn.obj                 42      0         0      
       memmov.obj                 36      0         0      
       strcspn.obj                36      0         0      
       _lock.obj                  20      0         8      
       memccpy.obj                28      0         0      
       args_main.obj              24      0         0      
       strchr.obj                 22      0         0      
       strlen.obj                 20      0         0      
       copy_decompress_none.obj   14      0         0      
       s_copysign.obj             8       0         0      
       errno.obj                  0       0         4      
       pre_init.obj               4       0         0      
       stkdepth_vars.obj          0       0         4      
       mpu_init.obj               2       0         0      
       startup.obj                2       0         0      
    +--+--------------------------+-------+---------+---------+
       Total:                     9144    257       44     
                                                           
       Heap:                      0       0         2048   
       Stack:                     0       0         2048   
       Linker Generated:          0       94        0      
    +--+--------------------------+-------+---------+---------+
       Grand Total:               36366   2718      6038   


LINKER GENERATED COPY TABLES

__TI_cinit_table @ 2000d8c4 records: 2, size/record: 8, table size: 16
	.data: load addr=2000d870, load size=0000003b bytes, run addr=20017efc, run size=000000a0 bytes, compression=rle
	.bss: load addr=2000d8b0, load size=0000000b bytes, run addr=20017800, run size=000006fc bytes, compression=rle


LINKER GENERATED HANDLER TABLE

__TI_handler_table @ 2000d8bc records: 2, size/record: 4, table size: 8
	index: 0, handler: __TI_decompress_rle24
	index: 1, handler: __TI_decompress_none


GLOBAL SYMBOLS: SORTED ALPHABETICALLY BY Name 

address   name                                  
-------   ----                                  
200052e1  BsdTcpClient                          
200054ad  BsdTcpServer                          
2000bef9  C$$EXIT                               
2000d101  CPUcpsie                              
20007605  ClearTerm                             
2000445d  DeInitPWMModules                      
2000829f  DmaErrorIntHandler                    
2000cbcd  DmaSpiSwIntHandler                    
20008289  DmaSwIntHandler                       
2000760f  Error                                 
2000c8a9  GPIODirModeSet                        
2000cce9  GPIOPinWrite                          
20007647  GetCmd                                
200075c5  InitTerm                              
2000a7b1  IntDisable                            
2000a859  IntEnable                             
2000d201  IntMasterEnable                       
2000bcf5  IntPendClear                          
2000bdfd  IntPrioritySet                        
2000cd09  IntRegister                           
2000cbf1  IntUnregister                         
2000d115  IntVTableBaseSet                      
20004ce7  IpAddressParser                       
200075e3  Message                               
2000d1c5  NwpMaskInterrupt                      
2000c871  NwpPowerOff                           
2000cd29  NwpPowerOn                            
2000c705  NwpRegisterInterruptHandler           
2000d1d1  NwpUnMaskInterrupt                    
2000d5f0  OpcodeTranslateTable                  
20008c8d  PRCMCC3200MCUInit                     
2000d07d  PRCMHIBRegRead                        
2000d093  PRCMHIBRegWrite                       
2000cb05  PRCMPeripheralClkDisable              
2000c781  PRCMPeripheralClkEnable               
2000acb1  PRCMPeripheralClockGet                
2000bd4d  PRCMPeripheralReset                   
2000c8e1  PRCMPeripheralStatusGet               
2000c9d9  PRCMSysResetCauseGet                  
2000b009  PinConfigSet                          
2000c585  PinModeSet                            
20009a2d  PinMuxConfig                          
2000c949  PinTypeGPIO                           
2000cf05  PinTypeTimer                          
2000cf1f  PinTypeUART                           
20007785  Report                                
2000d1b7  ResetISR                              
20017ef8  RxIrqCnt                              
UNDEFED   SHT$$INIT_ARRAY$$Base                 
UNDEFED   SHT$$INIT_ARRAY$$Limit                
2000cfbb  SPICSDisable                          
2000cfd3  SPICSEnable                           
2000a9a5  SPIConfigSetExpClk                    
2000cfeb  SPIDisable                            
2000cf39  SPIDmaDisable                         
2000cf53  SPIDmaEnable                          
2000d003  SPIEnable                             
2000cf6d  SPIFIFODisable                        
2000cf87  SPIFIFOEnable                         
2000c915  SPIFIFOLevelSet                       
2000c201  SPIIntClear                           
2000bfed  SPIIntEnable                          
2000cfa1  SPIIntUnregister                      
2000cca5  SPIReset                              
2000ccc7  SPIWordCountSet                       
2000441f  SetupTimerPWMMode                     
20004675  SimpleLinkGeneralEventHandler         
20004661  SimpleLinkHttpServerCallback          
200045b1  SimpleLinkNetAppEventHandler          
20004699  SimpleLinkSockEventHandler            
2000448d  SimpleLinkWlanEventHandler            
2000c365  TimerConfigure                        
2000cdc9  TimerDisable                          
2000cde7  TimerEnable                           
2000cd49  TimerGetCurrentTimestamp              
2000ca5d  TimerLoadSet                          
2000ca87  TimerMatchSet                         
2000cab1  TimerPrescaleSet                      
2000ce41  TimerValueGet                         
200076ed  TrimSpace                             
2000d0a9  UARTCharGet                           
2000ce5d  UARTCharGetNonBlocking                
2000ce05  UARTCharPut                           
2000d01b  UARTCharsAvail                        
2000b78d  UARTConfigSetExpClk                   
2000c979  UARTDisable                           
2000cc15  UARTEnable                            
20008313  UDMAChannelSelect                     
200083e7  UDMADeInit                            
200082ab  UDMAInit                              
20008341  UDMASetupAutoMemTransfer              
20008375  UDMASetupPingPongTransfer             
200083fb  UDMASetupTransfer                     
200083cf  UDMAStartTransfer                     
200083db  UDMAStopTransfer                      
20004401  UpdateDutyCycle                       
20004dcd  UserInput                             
2000d213  UtilsDelay                            
2000d668  _SlActionLookupTable                  
2000a901  _SlDriverHandleError                  
2000c249  _SlDrvBasicCmd                        
2000a591  _SlDrvCmdOp                           
2000b959  _SlDrvCmdSend                         
20007ed5  _SlDrvDataReadOp                      
200090e1  _SlDrvDataWriteOp                     
2000ab7d  _SlDrvDeviceEventHandler              
2000d18b  _SlDrvDispatchHttpServerEvents        
200095d9  _SlDrvDriverCBDeinit                  
2000860d  _SlDrvDriverCBInit                    
2000cb2d  _SlDrvGlobalObjUnLock                 
2000c3a9  _SlDrvHandleHttpServerEvents          
2000c5c5  _SlDrvHandleNetAppEvents              
2000c605  _SlDrvHandleWlanEvents                
2000af7d  _SlDrvIsTimeoutExpired                
2000d0bf  _SlDrvMemZero                         
2000a195  _SlDrvMsgReadSpawnCtx                 
20009929  _SlDrvNetAppEventHandler              
2000cc39  _SlDrvObjLockWaitForever              
2000cd69  _SlDrvObjUnLock                       
2000c085  _SlDrvProtectAsyncRespSetting         
2000ca31  _SlDrvProtectionObjLockWaitForever    
2000cb55  _SlDrvProtectionObjUnLock             
200080b9  _SlDrvReleasePoolObj                  
2000d19b  _SlDrvResetCmdExt                     
2000be51  _SlDrvRxIrqHandler                    
2000ce79  _SlDrvStartMeasureTimeout             
2000cd89  _SlDrvSyncObjSignal                   
2000cb7d  _SlDrvSyncObjWaitForever              
2000c3ed  _SlDrvSyncObjWaitTimeout              
20008afd  _SlDrvWaitForPoolObj                  
2000d71c  _SlNetAppSendTokenValueCmdCtrl        
2000b805  _SlNonOsMainLoopTask                  
2000a705  _SlNonOsSemGet                        
2000d033  _SlNonOsSemSet                        
2000bb09  _SlNonOsSpawn                         
20030000  __STACK_END                           
00000800  __STACK_SIZE                          
00000800  __SYSMEM_SIZE                         
2000d8c4  __TI_CINIT_Base                       
2000d8d4  __TI_CINIT_Limit                      
2000d8bc  __TI_Handler_Table_Base               
2000d8c4  __TI_Handler_Table_Limit              
2000b879  __TI_auto_init                        
20017f64  __TI_cleanup_ptr                      
2000d1a9  __TI_decompress_none                  
2000d219  __TI_decompress_rle24                 
20017f68  __TI_dtors_ptr                        
20017f6c  __TI_enable_exit_profile_output       
ffffffff  __TI_pprof_out_hndl                   
20006953  __TI_printfi                          
ffffffff  __TI_prof_data_size                   
ffffffff  __TI_prof_data_start                  
2000d870  __TI_static_base__                    
2000b1a1  __aeabi_cdcmpeq                       
2000b1a1  __aeabi_cdcmple                       
2000b227  __aeabi_cdrcmple                      
2000c291  __aeabi_d2iz                          
2000845f  __aeabi_dadd                          
20009379  __aeabi_ddiv                          
20009b31  __aeabi_dmul                          
20008455  __aeabi_dsub                          
2000c9a9  __aeabi_i2d                           
2000b621  __aeabi_memclr                        
2000b621  __aeabi_memclr4                       
2000b621  __aeabi_memclr8                       
2000aa45  __aeabi_memcpy                        
2000aa45  __aeabi_memcpy4                       
2000aa45  __aeabi_memcpy8                       
2000b623  __aeabi_memset                        
2000b623  __aeabi_memset4                       
2000b623  __aeabi_memset8                       
20007ce1  __aeabi_uldivmod                      
ffffffff  __binit__                             
ffffffff  __c_args__                            
200094af  __mpu_init                            
2002f800  __stack                               
2000d065  _args_main                            
2000c685  _c_int00                              
2000d224  _ctypes_                              
20017f88  _lock                                 
2000d137  _nop                                  
2000d12f  _register_lock                        
2000d129  _register_unlock                      
2000bb6d  _sl_HandleAsync_Accept                
2000b2ad  _sl_HandleAsync_Connect               
2000ad45  _sl_HandleAsync_DnsGetHostByName      
2000a339  _sl_HandleAsync_DnsGetHostByService   
2000b32d  _sl_HandleAsync_InitComplete          
2000add5  _sl_HandleAsync_PingResponse          
2000bea5  _sl_HandleAsync_Select                
2000bf4d  _sl_HandleAsync_Stop                  
2000b9c5  _sl_NetAppSendTokenValue              
20017000  _sys_memory                           
2000ac17  _system_post_cinit                    
2000d21f  _system_pre_init                      
20017f8c  _unlock                               
2000befd  abort                                 
2000c11d  atoi                                  
ffffffff  binit                                 
20007591  calloc                                
2000c169  copy_in                               
2000d20b  copysign                              
2000d20b  copysignl                             
20017f90  errno                                 
2000bf05  exit                                  
200072df  free                                  
2000bc99  frexp                                 
2000bc99  frexpl                                
20017f7c  g_SpiFd                               
20017efc  g__SlNonOsCB                          
20017ef9  g_bDeviceRestartIsRequired            
20017efa  g_cDummy                              
20017f58  g_pCB                                 
20017f80  g_pHostIntHdl                         
20004000  g_pfnVectors                          
20017edc  g_ucConnectionBSSID                   
20017eb8  g_ucConnectionSSID                    
20017f4c  g_ucConnectionStatus                  
20017f84  g_ucDMAEnabled                        
20017e68  g_ucDinDout                           
20017f4d  g_ucSimplelinkstarted                 
20017f44  g_uiPortNum                           
20017f40  g_ulDestinationIp                     
20017f3c  g_ulGatewayIP                         
20017f50  g_ulIpAddr                            
20017f48  g_ulPacketCount                       
20017f38  g_ulStatus                            
20017d68  gfpAppCallbackHndl                    
20017800  gpCtlTbl                              
20017efb  iDone                                 
2000a269  ldexp                                 
2000a269  ldexpl                                
2000bda5  ltoa                                  
20005841  main                                  
20017f94  main_func_sp                          
20007277  malloc                                
200074ad  memalign                              
2000ce95  memccpy                               
2000aa45  memcpy                                
2000cc5d  memmove                               
2000b629  memset                                
200071e9  minit                                 
20017f5c  pPingCallBackFunc                     
200073a1  realloc                               
20017ee4  receiveBuf                            
2000a269  scalbn                                
2000a269  scalbnl                               
20017eec  sendBuf                               
2000c7bd  simplelink_timerA2_start              
200087c1  sl_Accept                             
2000aae1  sl_Bind                               
2000c475  sl_Close                              
20008f75  sl_Connect                            
2000a651  sl_DevGet                             
2000c541  sl_Htonl                              
2000c7f9  sl_Htons                              
2000bf9d  sl_Listen                             
2000a405  sl_NetAppMDNSRegisterUnregisterService
2000c2d9  sl_NetAppMDNSUnRegisterService        
2000b4ad  sl_NetCfgSet                          
2000cba5  sl_Provisioning_HttpServerEventHdl    
2000cbb3  sl_Provisioning_NetAppEventHdl        
2000cbbf  sl_Provisioning_WlanEventHdl          
2000b119  sl_Recv                               
200096fd  sl_Send                               
2000b529  sl_SetSockOpt                         
2000b8e9  sl_Socket                             
20009fd9  sl_Start                              
20009ef5  sl_Stop                               
20007845  sl_WlanConnect                        
2000cda9  sl_WlanDisconnect                     
2000b69d  sl_WlanPolicySet                      
2000c4b9  sl_WlanProfileDel                     
2000ba31  sl_WlanRxFilterSet                    
2000b5a5  sl_WlanSet                            
2000c4fd  sl_WlanSetMode                        
2000b715  spi_Close                             
20009231  spi_Open                              
20009c2d  spi_Read                              
2000ac19  spi_Write                             
2000d0d5  strchr                                
2000cc81  strcspn                               
2000d13d  strlen                                
2000cadb  strspn                                
2000c6c5  strtok                                
20009815  strtoul                               
2000c1b5  uDMAChannelAssign                     
2000bbd1  uDMAChannelAttributeDisable           
2000bc35  uDMAChannelAttributeEnable            
2000c835  uDMAChannelControlSet                 
2000ceb1  uDMAChannelDisable                    
2000cecd  uDMAChannelEnable                     
2000cee9  uDMAChannelRequest                    
20009d1d  uDMAChannelTransferSet                
2000d151  uDMAControlBaseSet                    
2000d1dd  uDMADisable                           
2000d1e9  uDMAEnable                            
2000d165  uDMAIntClear                          
2000d0eb  uDMAIntRegister                       
2000d1f5  uDMAIntStatus                         
2000d179  uDMAIntUnregister                     
2000b091  vsnprintf                             


GLOBAL SYMBOLS: SORTED BY Symbol Address 

address   name                                  
-------   ----                                  
00000800  __STACK_SIZE                          
00000800  __SYSMEM_SIZE                         
20004000  g_pfnVectors                          
20004401  UpdateDutyCycle                       
2000441f  SetupTimerPWMMode                     
2000445d  DeInitPWMModules                      
2000448d  SimpleLinkWlanEventHandler            
200045b1  SimpleLinkNetAppEventHandler          
20004661  SimpleLinkHttpServerCallback          
20004675  SimpleLinkGeneralEventHandler         
20004699  SimpleLinkSockEventHandler            
20004ce7  IpAddressParser                       
20004dcd  UserInput                             
200052e1  BsdTcpClient                          
200054ad  BsdTcpServer                          
20005841  main                                  
20006953  __TI_printfi                          
200071e9  minit                                 
20007277  malloc                                
200072df  free                                  
200073a1  realloc                               
200074ad  memalign                              
20007591  calloc                                
200075c5  InitTerm                              
200075e3  Message                               
20007605  ClearTerm                             
2000760f  Error                                 
20007647  GetCmd                                
200076ed  TrimSpace                             
20007785  Report                                
20007845  sl_WlanConnect                        
20007ce1  __aeabi_uldivmod                      
20007ed5  _SlDrvDataReadOp                      
200080b9  _SlDrvReleasePoolObj                  
20008289  DmaSwIntHandler                       
2000829f  DmaErrorIntHandler                    
200082ab  UDMAInit                              
20008313  UDMAChannelSelect                     
20008341  UDMASetupAutoMemTransfer              
20008375  UDMASetupPingPongTransfer             
200083cf  UDMAStartTransfer                     
200083db  UDMAStopTransfer                      
200083e7  UDMADeInit                            
200083fb  UDMASetupTransfer                     
20008455  __aeabi_dsub                          
2000845f  __aeabi_dadd                          
2000860d  _SlDrvDriverCBInit                    
200087c1  sl_Accept                             
20008afd  _SlDrvWaitForPoolObj                  
20008c8d  PRCMCC3200MCUInit                     
20008f75  sl_Connect                            
200090e1  _SlDrvDataWriteOp                     
20009231  spi_Open                              
20009379  __aeabi_ddiv                          
200094af  __mpu_init                            
200095d9  _SlDrvDriverCBDeinit                  
200096fd  sl_Send                               
20009815  strtoul                               
20009929  _SlDrvNetAppEventHandler              
20009a2d  PinMuxConfig                          
20009b31  __aeabi_dmul                          
20009c2d  spi_Read                              
20009d1d  uDMAChannelTransferSet                
20009ef5  sl_Stop                               
20009fd9  sl_Start                              
2000a195  _SlDrvMsgReadSpawnCtx                 
2000a269  ldexp                                 
2000a269  ldexpl                                
2000a269  scalbn                                
2000a269  scalbnl                               
2000a339  _sl_HandleAsync_DnsGetHostByService   
2000a405  sl_NetAppMDNSRegisterUnregisterService
2000a591  _SlDrvCmdOp                           
2000a651  sl_DevGet                             
2000a705  _SlNonOsSemGet                        
2000a7b1  IntDisable                            
2000a859  IntEnable                             
2000a901  _SlDriverHandleError                  
2000a9a5  SPIConfigSetExpClk                    
2000aa45  __aeabi_memcpy                        
2000aa45  __aeabi_memcpy4                       
2000aa45  __aeabi_memcpy8                       
2000aa45  memcpy                                
2000aae1  sl_Bind                               
2000ab7d  _SlDrvDeviceEventHandler              
2000ac17  _system_post_cinit                    
2000ac19  spi_Write                             
2000acb1  PRCMPeripheralClockGet                
2000ad45  _sl_HandleAsync_DnsGetHostByName      
2000add5  _sl_HandleAsync_PingResponse          
2000af7d  _SlDrvIsTimeoutExpired                
2000b009  PinConfigSet                          
2000b091  vsnprintf                             
2000b119  sl_Recv                               
2000b1a1  __aeabi_cdcmpeq                       
2000b1a1  __aeabi_cdcmple                       
2000b227  __aeabi_cdrcmple                      
2000b2ad  _sl_HandleAsync_Connect               
2000b32d  _sl_HandleAsync_InitComplete          
2000b4ad  sl_NetCfgSet                          
2000b529  sl_SetSockOpt                         
2000b5a5  sl_WlanSet                            
2000b621  __aeabi_memclr                        
2000b621  __aeabi_memclr4                       
2000b621  __aeabi_memclr8                       
2000b623  __aeabi_memset                        
2000b623  __aeabi_memset4                       
2000b623  __aeabi_memset8                       
2000b629  memset                                
2000b69d  sl_WlanPolicySet                      
2000b715  spi_Close                             
2000b78d  UARTConfigSetExpClk                   
2000b805  _SlNonOsMainLoopTask                  
2000b879  __TI_auto_init                        
2000b8e9  sl_Socket                             
2000b959  _SlDrvCmdSend                         
2000b9c5  _sl_NetAppSendTokenValue              
2000ba31  sl_WlanRxFilterSet                    
2000bb09  _SlNonOsSpawn                         
2000bb6d  _sl_HandleAsync_Accept                
2000bbd1  uDMAChannelAttributeDisable           
2000bc35  uDMAChannelAttributeEnable            
2000bc99  frexp                                 
2000bc99  frexpl                                
2000bcf5  IntPendClear                          
2000bd4d  PRCMPeripheralReset                   
2000bda5  ltoa                                  
2000bdfd  IntPrioritySet                        
2000be51  _SlDrvRxIrqHandler                    
2000bea5  _sl_HandleAsync_Select                
2000bef9  C$$EXIT                               
2000befd  abort                                 
2000bf05  exit                                  
2000bf4d  _sl_HandleAsync_Stop                  
2000bf9d  sl_Listen                             
2000bfed  SPIIntEnable                          
2000c085  _SlDrvProtectAsyncRespSetting         
2000c11d  atoi                                  
2000c169  copy_in                               
2000c1b5  uDMAChannelAssign                     
2000c201  SPIIntClear                           
2000c249  _SlDrvBasicCmd                        
2000c291  __aeabi_d2iz                          
2000c2d9  sl_NetAppMDNSUnRegisterService        
2000c365  TimerConfigure                        
2000c3a9  _SlDrvHandleHttpServerEvents          
2000c3ed  _SlDrvSyncObjWaitTimeout              
2000c475  sl_Close                              
2000c4b9  sl_WlanProfileDel                     
2000c4fd  sl_WlanSetMode                        
2000c541  sl_Htonl                              
2000c585  PinModeSet                            
2000c5c5  _SlDrvHandleNetAppEvents              
2000c605  _SlDrvHandleWlanEvents                
2000c685  _c_int00                              
2000c6c5  strtok                                
2000c705  NwpRegisterInterruptHandler           
2000c781  PRCMPeripheralClkEnable               
2000c7bd  simplelink_timerA2_start              
2000c7f9  sl_Htons                              
2000c835  uDMAChannelControlSet                 
2000c871  NwpPowerOff                           
2000c8a9  GPIODirModeSet                        
2000c8e1  PRCMPeripheralStatusGet               
2000c915  SPIFIFOLevelSet                       
2000c949  PinTypeGPIO                           
2000c979  UARTDisable                           
2000c9a9  __aeabi_i2d                           
2000c9d9  PRCMSysResetCauseGet                  
2000ca31  _SlDrvProtectionObjLockWaitForever    
2000ca5d  TimerLoadSet                          
2000ca87  TimerMatchSet                         
2000cab1  TimerPrescaleSet                      
2000cadb  strspn                                
2000cb05  PRCMPeripheralClkDisable              
2000cb2d  _SlDrvGlobalObjUnLock                 
2000cb55  _SlDrvProtectionObjUnLock             
2000cb7d  _SlDrvSyncObjWaitForever              
2000cba5  sl_Provisioning_HttpServerEventHdl    
2000cbb3  sl_Provisioning_NetAppEventHdl        
2000cbbf  sl_Provisioning_WlanEventHdl          
2000cbcd  DmaSpiSwIntHandler                    
2000cbf1  IntUnregister                         
2000cc15  UARTEnable                            
2000cc39  _SlDrvObjLockWaitForever              
2000cc5d  memmove                               
2000cc81  strcspn                               
2000cca5  SPIReset                              
2000ccc7  SPIWordCountSet                       
2000cce9  GPIOPinWrite                          
2000cd09  IntRegister                           
2000cd29  NwpPowerOn                            
2000cd49  TimerGetCurrentTimestamp              
2000cd69  _SlDrvObjUnLock                       
2000cd89  _SlDrvSyncObjSignal                   
2000cda9  sl_WlanDisconnect                     
2000cdc9  TimerDisable                          
2000cde7  TimerEnable                           
2000ce05  UARTCharPut                           
2000ce41  TimerValueGet                         
2000ce5d  UARTCharGetNonBlocking                
2000ce79  _SlDrvStartMeasureTimeout             
2000ce95  memccpy                               
2000ceb1  uDMAChannelDisable                    
2000cecd  uDMAChannelEnable                     
2000cee9  uDMAChannelRequest                    
2000cf05  PinTypeTimer                          
2000cf1f  PinTypeUART                           
2000cf39  SPIDmaDisable                         
2000cf53  SPIDmaEnable                          
2000cf6d  SPIFIFODisable                        
2000cf87  SPIFIFOEnable                         
2000cfa1  SPIIntUnregister                      
2000cfbb  SPICSDisable                          
2000cfd3  SPICSEnable                           
2000cfeb  SPIDisable                            
2000d003  SPIEnable                             
2000d01b  UARTCharsAvail                        
2000d033  _SlNonOsSemSet                        
2000d065  _args_main                            
2000d07d  PRCMHIBRegRead                        
2000d093  PRCMHIBRegWrite                       
2000d0a9  UARTCharGet                           
2000d0bf  _SlDrvMemZero                         
2000d0d5  strchr                                
2000d0eb  uDMAIntRegister                       
2000d101  CPUcpsie                              
2000d115  IntVTableBaseSet                      
2000d129  _register_unlock                      
2000d12f  _register_lock                        
2000d137  _nop                                  
2000d13d  strlen                                
2000d151  uDMAControlBaseSet                    
2000d165  uDMAIntClear                          
2000d179  uDMAIntUnregister                     
2000d18b  _SlDrvDispatchHttpServerEvents        
2000d19b  _SlDrvResetCmdExt                     
2000d1a9  __TI_decompress_none                  
2000d1b7  ResetISR                              
2000d1c5  NwpMaskInterrupt                      
2000d1d1  NwpUnMaskInterrupt                    
2000d1dd  uDMADisable                           
2000d1e9  uDMAEnable                            
2000d1f5  uDMAIntStatus                         
2000d201  IntMasterEnable                       
2000d20b  copysign                              
2000d20b  copysignl                             
2000d213  UtilsDelay                            
2000d219  __TI_decompress_rle24                 
2000d21f  _system_pre_init                      
2000d224  _ctypes_                              
2000d5f0  OpcodeTranslateTable                  
2000d668  _SlActionLookupTable                  
2000d71c  _SlNetAppSendTokenValueCmdCtrl        
2000d870  __TI_static_base__                    
2000d8bc  __TI_Handler_Table_Base               
2000d8c4  __TI_CINIT_Base                       
2000d8c4  __TI_Handler_Table_Limit              
2000d8d4  __TI_CINIT_Limit                      
20017000  _sys_memory                           
20017800  gpCtlTbl                              
20017d68  gfpAppCallbackHndl                    
20017e68  g_ucDinDout                           
20017eb8  g_ucConnectionSSID                    
20017edc  g_ucConnectionBSSID                   
20017ee4  receiveBuf                            
20017eec  sendBuf                               
20017ef8  RxIrqCnt                              
20017ef9  g_bDeviceRestartIsRequired            
20017efa  g_cDummy                              
20017efb  iDone                                 
20017efc  g__SlNonOsCB                          
20017f38  g_ulStatus                            
20017f3c  g_ulGatewayIP                         
20017f40  g_ulDestinationIp                     
20017f44  g_uiPortNum                           
20017f48  g_ulPacketCount                       
20017f4c  g_ucConnectionStatus                  
20017f4d  g_ucSimplelinkstarted                 
20017f50  g_ulIpAddr                            
20017f58  g_pCB                                 
20017f5c  pPingCallBackFunc                     
20017f64  __TI_cleanup_ptr                      
20017f68  __TI_dtors_ptr                        
20017f6c  __TI_enable_exit_profile_output       
20017f7c  g_SpiFd                               
20017f80  g_pHostIntHdl                         
20017f84  g_ucDMAEnabled                        
20017f88  _lock                                 
20017f8c  _unlock                               
20017f90  errno                                 
20017f94  main_func_sp                          
2002f800  __stack                               
20030000  __STACK_END                           
ffffffff  __TI_pprof_out_hndl                   
ffffffff  __TI_prof_data_size                   
ffffffff  __TI_prof_data_start                  
ffffffff  __binit__                             
ffffffff  __c_args__                            
ffffffff  binit                                 
UNDEFED   SHT$$INIT_ARRAY$$Base                 
UNDEFED   SHT$$INIT_ARRAY$$Limit                

[302 symbols]
