******************************************************************************
                  TI ARM Linker PC v15.12.1                    
******************************************************************************
>> Linked Sun Nov 27 20:28:00 2016

OUTPUT FILE NAME:   <tcp_socket.out>
ENTRY POINT SYMBOL: "_c_int00"  address: 2000c3f5


MEMORY CONFIGURATION

         name            origin    length      used     unused   attr    fill
----------------------  --------  ---------  --------  --------  ----  --------
  SRAM_CODE             20004000   00013000  0000958f  00009a71  RW X
  SRAM_DATA             20017000   00019000  000017d4  0001782c  RW X


SEGMENT ALLOCATION MAP

run origin  load origin   length   init length attrs members
----------  ----------- ---------- ----------- ----- -------
20004000    20004000    00009594   00009594    r-x
  20004000    20004000    00000400   00000400    r-- .intvecs
  20004400    20004400    00008ac6   00008ac6    r-x .text
  2000cec8    2000cec8    00000665   00000665    r-- .const
  2000d530    2000d530    00000064   00000064    r-- .cinit
20017000    20017000    00000fd4   00000000    rw-
  20017000    20017000    00000800   00000000    rw- .sysmem
  20017800    20017800    00000734   00000000    rw- .bss
  20017f34    20017f34    000000a0   00000000    rw- .data
2002f800    2002f800    00000800   00000000    rw-
  2002f800    2002f800    00000800   00000000    rw- .stack


SECTION ALLOCATION MAP

 output                                  attributes/
section   page    origin      length       input sections
--------  ----  ----------  ----------   ----------------
.intvecs   0    20004000    00000400     
                  20004000    00000400     startup_ccs.obj (.intvecs)

.init_array 
*          0    20004000    00000000     UNINITIALIZED

.text      0    20004400    00008ac6     
                  20004400    000015d0     main.obj (.text)
                  200059d0    000010fc     rtsv7M4_T_le_eabi.lib : _printfi.obj (.text)
                  20006acc    00000590     simplelink.a : driver.obj (.text:_SlDrvMsgRead)
                  2000705c    000003dc     rtsv7M4_T_le_eabi.lib : memory.obj (.text)
                  20007438    00000280     uart_if.obj (.text)
                  200076b8    00000260     simplelink.a : wlan.obj (.text:sl_WlanConnect)
                  20007918    0000023c                  : driver.obj (.text:_SlDrvRxHdrRead)
                  20007b54    000001f4     rtsv7M4_T_le_eabi.lib : ull_div_t2.obj (.text)
                  20007d48    000001e4     simplelink.a : driver.obj (.text:_SlDrvDataReadOp)
                  20007f2c    000001d0                  : driver.obj (.text:_SlDrvReleasePoolObj)
                  200080fc    000001cc     udma_if.obj (.text)
                  200082c8    000001b6     rtsv7M4_T_le_eabi.lib : fd_add_t2.obj (.text)
                  2000847e    00000002     driverlib.a : interrupt.obj (.text:IntDefaultHandler)
                  20008480    000001b4     simplelink.a : driver.obj (.text:_SlDrvDriverCBInit)
                  20008634    000001a0                  : socket.obj (.text:sl_Accept)
                  200087d4    0000019c                  : driver.obj (.text:_SlDrvMsgWrite)
                  20008970    00000190                  : driver.obj (.text:_SlDrvWaitForPoolObj)
                  20008b00    00000178     driverlib.a : prcm.obj (.text:PRCMCC3200MCUInit)
                  20008c78    00000170     simplelink.a : driver.obj (.text:_SlFindAndSetActiveObj)
                  20008de8    0000016c                  : socket.obj (.text:sl_Connect)
                  20008f54    00000150                  : driver.obj (.text:_SlDrvDataWriteOp)
                  200090a4    00000148                  : cc_pal.obj (.text:spi_Open)
                  200091ec    00000136     rtsv7M4_T_le_eabi.lib : fd_div_t2.obj (.text)
                  20009322    00000002                           : mpu_init.obj (.text)
                  20009324    00000128     simplelink.a : driver.obj (.text:_SlDrvMsgReadCmdCtx)
                  2000944c    00000124                  : driver.obj (.text:_SlDrvDriverCBDeinit)
                  20009570    00000118                  : socket.obj (.text:sl_Send)
                  20009688    00000114     rtsv7M4_T_le_eabi.lib : strtoul.obj (.text)
                  2000979c    00000104     simplelink.a : netapp.obj (.text:_SlDrvNetAppEventHandler)
                  200098a0    000000fc     rtsv7M4_T_le_eabi.lib : fd_mul_t2.obj (.text)
                  2000999c    000000f0     simplelink.a : cc_pal.obj (.text:spi_Read)
                  20009a8c    000000f0     driverlib.a : udma.obj (.text:uDMAChannelTransferSet)
                  20009b7c    000000e8     simplelink.a : driver.obj (.text:_SlAsyncEventGenericHandler)
                  20009c64    000000e4                  : device.obj (.text:sl_Stop)
                  20009d48    000000e0                  : device.obj (.text:sl_Start)
                  20009e28    000000dc                  : driver.obj (.text:_SlDrvClassifyRxMsg)
                  20009f04    000000d4                  : driver.obj (.text:_SlDrvMsgReadSpawnCtx)
                  20009fd8    000000d0     rtsv7M4_T_le_eabi.lib : s_scalbn.obj (.text)
                  2000a0a8    000000cc     simplelink.a : netapp.obj (.text:_sl_HandleAsync_DnsGetHostByService)
                  2000a174    000000c8                  : netapp.obj (.text:sl_NetAppMDNSRegisterUnregisterService)
                  2000a23c    000000c4                  : driver.obj (.text:_SlRemoveFromList)
                  2000a300    000000c0                  : driver.obj (.text:_SlDrvCmdOp)
                  2000a3c0    000000b4                  : device.obj (.text:sl_DevGet)
                  2000a474    000000ac                  : nonos.obj (.text:_SlNonOsSemGet)
                  2000a520    000000a8     driverlib.a : interrupt.obj (.text:IntDisable)
                  2000a5c8    000000a8                 : interrupt.obj (.text:IntEnable)
                  2000a670    000000a4     simplelink.a : driver.obj (.text:_SlDriverHandleError)
                  2000a714    000000a0     driverlib.a : spi.obj (.text:SPIConfigSetExpClk)
                  2000a7b4    0000009c     rtsv7M4_T_le_eabi.lib : memcpy_t2.obj (.text)
                  2000a850    0000009c     simplelink.a : socket.obj (.text:sl_Bind)
                  2000a8ec    0000009a                  : device.obj (.text:_SlDrvDeviceEventHandler)
                  2000a986    00000002     rtsv7M4_T_le_eabi.lib : startup.obj (.text)
                  2000a988    00000098     simplelink.a : cc_pal.obj (.text:spi_Write)
                  2000aa20    00000094     driverlib.a : prcm.obj (.text:PRCMPeripheralClockGet)
                  2000aab4    00000090     simplelink.a : netapp.obj (.text:_sl_HandleAsync_DnsGetHostByName)
                  2000ab44    00000090                  : netapp.obj (.text:_sl_HandleAsync_PingResponse)
                  2000abd4    0000008c                  : cc_pal.obj (.text:SetupDMAReceive)
                  2000ac60    0000008c                  : cc_pal.obj (.text:SetupDMASend)
                  2000acec    0000008c                  : driver.obj (.text:_SlDrvIsTimeoutExpired)
                  2000ad78    00000088     driverlib.a : pin.obj (.text:PinConfigSet)
                  2000ae00    00000088     rtsv7M4_T_le_eabi.lib : vsnprintf.obj (.text)
                  2000ae88    00000088     simplelink.a : socket.obj (.text:sl_Recv)
                  2000af10    00000086     rtsv7M4_T_le_eabi.lib : fd_cmp_t2.obj (.text:__aeabi_cdcmple)
                  2000af96    00000086                           : fd_cmp_t2.obj (.text:__aeabi_cdrcmple)
                  2000b01c    00000080     simplelink.a : socket.obj (.text:_sl_HandleAsync_Connect)
                  2000b09c    00000080                  : device.obj (.text:_sl_HandleAsync_InitComplete)
                  2000b11c    00000080                  : cc_pal.obj (.text:spi_Read_CPU)
                  2000b19c    00000080                  : cc_pal.obj (.text:spi_Write_CPU)
                  2000b21c    0000007c                  : netcfg.obj (.text:sl_NetCfgSet)
                  2000b298    0000007c                  : socket.obj (.text:sl_SetSockOpt)
                  2000b314    0000007c                  : wlan.obj (.text:sl_WlanSet)
                  2000b390    0000007a     rtsv7M4_T_le_eabi.lib : memset_t2.obj (.text)
                  2000b40a    00000002     --HOLE-- [fill = 0]
                  2000b40c    00000078     simplelink.a : wlan.obj (.text:sl_WlanPolicySet)
                  2000b484    00000078                  : cc_pal.obj (.text:spi_Close)
                  2000b4fc    00000076     driverlib.a : uart.obj (.text:UARTConfigSetExpClk)
                  2000b572    00000002     --HOLE-- [fill = 0]
                  2000b574    00000074     simplelink.a : nonos.obj (.text:_SlNonOsMainLoopTask)
                  2000b5e8    00000070     rtsv7M4_T_le_eabi.lib : autoinit.obj (.text)
                  2000b658    00000070     simplelink.a : socket.obj (.text:sl_Socket)
                  2000b6c8    0000006c                  : driver.obj (.text:_SlDrvCmdSend)
                  2000b734    0000006c                  : netapp.obj (.text:_sl_NetAppSendTokenValue)
                  2000b7a0    0000006c                  : wlan.obj (.text:sl_WlanRxFilterSet)
                  2000b80c    0000006a     rtsv7M4_T_le_eabi.lib : copy_decompress_rle.obj (.text)
                  2000b876    00000002     --HOLE-- [fill = 0]
                  2000b878    00000064     simplelink.a : nonos.obj (.text:_SlNonOsSpawn)
                  2000b8dc    00000064                  : socket.obj (.text:_sl_HandleAsync_Accept)
                  2000b940    00000064     driverlib.a : udma.obj (.text:uDMAChannelAttributeDisable)
                  2000b9a4    00000064                 : udma.obj (.text:uDMAChannelAttributeEnable)
                  2000ba08    0000005c     rtsv7M4_T_le_eabi.lib : s_frexp.obj (.text)
                  2000ba64    00000058     driverlib.a : interrupt.obj (.text:IntPendClear)
                  2000babc    00000058                 : prcm.obj (.text:PRCMPeripheralReset)
                  2000bb14    00000056     rtsv7M4_T_le_eabi.lib : ltoa.obj (.text)
                  2000bb6a    00000002     --HOLE-- [fill = 0]
                  2000bb6c    00000054     driverlib.a : interrupt.obj (.text:IntPrioritySet)
                  2000bbc0    00000054     simplelink.a : driver.obj (.text:_SlDrvRxIrqHandler)
                  2000bc14    00000054                  : socket.obj (.text:_sl_HandleAsync_Select)
                  2000bc68    00000054     rtsv7M4_T_le_eabi.lib : exit.obj (.text)
                  2000bcbc    00000050     simplelink.a : device.obj (.text:_sl_HandleAsync_Stop)
                  2000bd0c    00000050                  : socket.obj (.text:sl_Listen)
                  2000bd5c    0000004c     driverlib.a : spi.obj (.text:SPIIntEnable)
                  2000bda8    0000004c                 : spi.obj (.text:SPIIntNumberGet)
                  2000bdf4    0000004c     simplelink.a : driver.obj (.text:_SlDrvProtectAsyncRespSetting)
                  2000be40    0000004c                  : socket.obj (.text:_sl_BuildAddress)
                  2000be8c    0000004c     rtsv7M4_T_le_eabi.lib : atoi.obj (.text)
                  2000bed8    0000004c                           : cpy_tbl.obj (.text)
                  2000bf24    0000004c     driverlib.a : udma.obj (.text:uDMAChannelAssign)
                  2000bf70    00000048                 : spi.obj (.text:SPIIntClear)
                  2000bfb8    00000048     simplelink.a : driver.obj (.text:_SlDrvBasicCmd)
                  2000c000    00000048     rtsv7M4_T_le_eabi.lib : fd_toi_t2.obj (.text)
                  2000c048    00000048     simplelink.a : netapp.obj (.text:sl_NetAppMDNSUnRegisterService)
                  2000c090    00000044     driverlib.a : spi.obj (.text:SPIDmaMaskGet)
                  2000c0d4    00000044                 : timer.obj (.text:TimerConfigure)
                  2000c118    00000044     simplelink.a : driver.obj (.text:_SlDrvHandleHttpServerEvents)
                  2000c15c    00000044                  : driver.obj (.text:_SlDrvSyncObjWaitTimeout)
                  2000c1a0    00000044                  : cc_pal.obj (.text:cc_SetupTransfer)
                  2000c1e4    00000044                  : socket.obj (.text:sl_Close)
                  2000c228    00000044                  : wlan.obj (.text:sl_WlanProfileDel)
                  2000c26c    00000044                  : wlan.obj (.text:sl_WlanSetMode)
                  2000c2b0    00000042                  : socket.obj (.text:sl_Htonl)
                  2000c2f2    00000002     --HOLE-- [fill = 0]
                  2000c2f4    00000040     driverlib.a : pin.obj (.text:PinModeSet)
                  2000c334    00000040     simplelink.a : driver.obj (.text:_SlDrvHandleNetAppEvents)
                  2000c374    00000040                  : driver.obj (.text:_SlDrvHandleWlanEvents)
                  2000c3b4    00000040                  : socket.obj (.text:_sl_TruncatePayloadByProtocol)
                  2000c3f4    00000040     rtsv7M4_T_le_eabi.lib : boot.obj (.text)
                  2000c434    00000040                           : strtok.obj (.text)
                  2000c474    0000003e     simplelink.a : cc_pal.obj (.text:NwpRegisterInterruptHandler)
                  2000c4b2    0000003c                  : netapp.obj (.text:CopyPingResultsToReport)
                  2000c4ee    00000002     --HOLE-- [fill = 0]
                  2000c4f0    0000003c     driverlib.a : prcm.obj (.text:PRCMPeripheralClkEnable)
                  2000c52c    0000003c     simplelink.a : cc_pal.obj (.text:simplelink_timerA2_start)
                  2000c568    0000003c                  : socket.obj (.text:sl_Htons)
                  2000c5a4    0000003c     driverlib.a : udma.obj (.text:uDMAChannelControlSet)
                  2000c5e0    00000038     simplelink.a : cc_pal.obj (.text:NwpPowerOff)
                  2000c618    00000034     driverlib.a : prcm.obj (.text:PRCMPeripheralStatusGet)
                  2000c64c    00000034                 : spi.obj (.text:SPIFIFOLevelSet)
                  2000c680    00000030                 : uart.obj (.text:UARTDisable)
                  2000c6b0    0000002e     rtsv7M4_T_le_eabi.lib : i_tofd_t2.obj (.text)
                  2000c6de    00000002     --HOLE-- [fill = 0]
                  2000c6e0    0000002c     driverlib.a : prcm.obj (.text:PRCMSysResetCauseGet)
                  2000c70c    0000002c     simplelink.a : driver.obj (.text:_SlDrvObjGlobalLockWaitForever)
                  2000c738    0000002c                  : driver.obj (.text:_SlDrvProtectionObjLockWaitForever)
                  2000c764    0000002a     driverlib.a : timer.obj (.text:TimerLoadSet)
                  2000c78e    0000002a                 : timer.obj (.text:TimerPrescaleSet)
                  2000c7b8    0000002a     rtsv7M4_T_le_eabi.lib : strspn.obj (.text)
                  2000c7e2    00000002     --HOLE-- [fill = 0]
                  2000c7e4    00000028     driverlib.a : prcm.obj (.text:PRCMPeripheralClkDisable)
                  2000c80c    00000028     simplelink.a : driver.obj (.text:_SlDrvGlobalObjUnLock)
                  2000c834    00000028                  : driver.obj (.text:_SlDrvProtectionObjUnLock)
                  2000c85c    00000028                  : driver.obj (.text:_SlDrvSyncObjWaitForever)
                  2000c884    00000026     network_common.obj (.text)
                  2000c8aa    00000002     --HOLE-- [fill = 0]
                  2000c8ac    00000024     simplelink.a : cc_pal.obj (.text:DmaSpiSwIntHandler)
                  2000c8d0    00000024     driverlib.a : interrupt.obj (.text:IntUnregister)
                  2000c8f4    00000024                 : uart.obj (.text:UARTEnable)
                  2000c918    00000024     simplelink.a : driver.obj (.text:_SlDrvObjLockWaitForever)
                  2000c93c    00000024     rtsv7M4_T_le_eabi.lib : memmov.obj (.text)
                  2000c960    00000024                           : strcspn.obj (.text)
                  2000c984    00000022     driverlib.a : spi.obj (.text:SPIReset)
                  2000c9a6    00000022                 : spi.obj (.text:SPIWordCountSet)
                  2000c9c8    00000020                 : interrupt.obj (.text:IntRegister)
                  2000c9e8    00000020     simplelink.a : cc_pal.obj (.text:NwpPowerOn)
                  2000ca08    00000020                  : cc_pal.obj (.text:TimerGetCurrentTimestamp)
                  2000ca28    00000020                  : driver.obj (.text:_SlDrvObjUnLock)
                  2000ca48    00000020                  : driver.obj (.text:_SlDrvSyncObjSignal)
                  2000ca68    00000020                  : wlan.obj (.text:sl_WlanDisconnect)
                  2000ca88    0000001e     driverlib.a : timer.obj (.text:TimerEnable)
                  2000caa6    0000001e                 : uart.obj (.text:UARTCharPut)
                  2000cac4    0000001e     simplelink.a : cc_pal.obj (.text:cc_UDMAChannelSelect)
                  2000cae2    0000001c     driverlib.a : timer.obj (.text:TimerValueGet)
                  2000cafe    0000001c                 : uart.obj (.text:UARTCharGetNonBlocking)
                  2000cb1a    0000001c     simplelink.a : driver.obj (.text:_SlDrvStartMeasureTimeout)
                  2000cb36    0000001c     pinmux.obj (.text)
                  2000cb52    0000001c     rtsv7M4_T_le_eabi.lib : memccpy.obj (.text)
                  2000cb6e    00000002     --HOLE-- [fill = 0]
                  2000cb70    0000001c     driverlib.a : udma.obj (.text:uDMAChannelDisable)
                  2000cb8c    0000001c                 : udma.obj (.text:uDMAChannelEnable)
                  2000cba8    0000001c                 : udma.obj (.text:uDMAChannelRequest)
                  2000cbc4    0000001a                 : pin.obj (.text:PinTypeUART)
                  2000cbde    0000001a                 : spi.obj (.text:SPIDmaDisable)
                  2000cbf8    0000001a                 : spi.obj (.text:SPIDmaEnable)
                  2000cc12    0000001a                 : spi.obj (.text:SPIFIFODisable)
                  2000cc2c    0000001a                 : spi.obj (.text:SPIFIFOEnable)
                  2000cc46    0000001a                 : spi.obj (.text:SPIIntUnregister)
                  2000cc60    00000018                 : spi.obj (.text:SPICSDisable)
                  2000cc78    00000018                 : spi.obj (.text:SPICSEnable)
                  2000cc90    00000018                 : spi.obj (.text:SPIDisable)
                  2000cca8    00000018                 : spi.obj (.text:SPIEnable)
                  2000ccc0    00000018                 : uart.obj (.text:UARTCharsAvail)
                  2000ccd8    00000018     simplelink.a : nonos.obj (.text:_SlNonOsSemSet)
                  2000ccf0    00000018                  : device.obj (.text:_sl_GetStartResponseConvert)
                  2000cd08    00000018     rtsv7M4_T_le_eabi.lib : args_main.obj (.text)
                  2000cd20    00000016     driverlib.a : prcm.obj (.text:PRCMHIBRegRead)
                  2000cd36    00000016                 : prcm.obj (.text:PRCMHIBRegWrite)
                  2000cd4c    00000016                 : uart.obj (.text:UARTCharGet)
                  2000cd62    00000016     simplelink.a : driver.obj (.text:_SlDrvMemZero)
                  2000cd78    00000016     rtsv7M4_T_le_eabi.lib : strchr.obj (.text)
                  2000cd8e    00000016     driverlib.a : udma.obj (.text:uDMAIntRegister)
                  2000cda4    00000014                 : cpu.obj (.text:CPUcpsie)
                  2000cdb8    00000014                 : interrupt.obj (.text:IntVTableBaseSet)
                  2000cdcc    00000014     rtsv7M4_T_le_eabi.lib : _lock.obj (.text)
                  2000cde0    00000014                           : strlen.obj (.text)
                  2000cdf4    00000014     driverlib.a : udma.obj (.text:uDMAControlBaseSet)
                  2000ce08    00000014                 : udma.obj (.text:uDMAIntClear)
                  2000ce1c    00000012                 : udma.obj (.text:uDMAIntUnregister)
                  2000ce2e    00000010     simplelink.a : driver.obj (.text:_SlDrvDispatchHttpServerEvents)
                  2000ce3e    0000000e                  : driver.obj (.text:_SlDrvResetCmdExt)
                  2000ce4c    0000000e     rtsv7M4_T_le_eabi.lib : copy_decompress_none.obj (.text:decompress:none)
                  2000ce5a    0000000e     startup_ccs.obj (.text)
                  2000ce68    0000000c     simplelink.a : cc_pal.obj (.text:NwpMaskInterrupt)
                  2000ce74    0000000c                  : cc_pal.obj (.text:NwpUnMaskInterrupt)
                  2000ce80    0000000c     driverlib.a : udma.obj (.text:uDMADisable)
                  2000ce8c    0000000c                 : udma.obj (.text:uDMAEnable)
                  2000ce98    0000000c                 : udma.obj (.text:uDMAIntStatus)
                  2000cea4    0000000a                 : interrupt.obj (.text:IntMasterEnable)
                  2000ceae    00000008     rtsv7M4_T_le_eabi.lib : s_copysign.obj (.text)
                  2000ceb6    00000006     driverlib.a : utils.obj (.text:UtilsDelay)
                  2000cebc    00000006     rtsv7M4_T_le_eabi.lib : copy_decompress_rle.obj (.text:decompress:rle24)
                  2000cec2    00000004                           : pre_init.obj (.text)

.const     0    2000cec8    00000665     
                  2000cec8    00000101     rtsv7M4_T_le_eabi.lib : ctype.obj (.const:.string:_ctypes_)
                  2000cfc9    00000003     --HOLE-- [fill = 0]
                  2000cfcc    00000100     driverlib.a : pin.obj (.const:g_ulPinToPadMap)
                  2000d0cc    000000d4                 : interrupt.obj (.const:g_pulRegs)
                  2000d1a0    000000a8                 : prcm.obj (.const:PRCM_PeriphRegsList)
                  2000d248    0000004c     simplelink.a : driver.obj (.const)
                  2000d294    0000003c                  : driver.obj (.const:OpcodeTranslateTable)
                  2000d2d0    0000003c                  : wlan.obj (.const)
                  2000d30c    00000038                  : driver.obj (.const:_SlActionLookupTable)
                  2000d344    00000034                  : socket.obj (.const)
                  2000d378    0000002c     main.obj (.const:$P$T1$2)
                  2000d3a4    00000028     simplelink.a : netapp.obj (.const)
                  2000d3cc    00000024     main.obj (.const:.string:$P$T4$5)
                  2000d3f0    00000024     driverlib.a : spi.obj (.const:g_ppulSPIIntMap)
                  2000d414    00000022     main.obj (.const:.string:$P$T0$1)
                  2000d436    0000001c     simplelink.a : device.obj (.const)
                  2000d452    00000002     --HOLE-- [fill = 0]
                  2000d454    00000018     driverlib.a : interrupt.obj (.const:g_pulDisRegs)
                  2000d46c    00000018                 : interrupt.obj (.const:g_pulEnRegs)
                  2000d484    00000018                 : interrupt.obj (.const:g_pulUnpendRegs)
                  2000d49c    00000018                 : spi.obj (.const:g_ulSPIDmaMaskMap)
                  2000d4b4    00000014     main.obj (.const:$P$T2$3)
                  2000d4c8    00000014     simplelink.a : nonos.obj (.const)
                  2000d4dc    00000010                  : socket.obj (.const:.string)
                  2000d4ec    0000000d     main.obj (.const:.string:$P$T3$4)
                  2000d4f9    0000000d     main.obj (.const:.string:$P$T5$6)
                  2000d506    00000002     --HOLE-- [fill = 0]
                  2000d508    0000000c     main.obj (.const:$P$T7$8)
                  2000d514    0000000c     main.obj (.const:.string:$P$T6$7)
                  2000d520    00000008     simplelink.a : netcfg.obj (.const)
                  2000d528    00000005     main.obj (.const:.string:$P$T8$9)

.cinit     0    2000d530    00000064     
                  2000d530    0000003c     (.cinit..data.load) [load image, compression = rle]
                  2000d56c    00000004     --HOLE-- [fill = 0]
                  2000d570    0000000b     (.cinit..bss.load) [load image, compression = rle]
                  2000d57b    00000001     --HOLE-- [fill = 0]
                  2000d57c    00000008     (__TI_handler_table)
                  2000d584    00000010     (__TI_cinit_table)

.sysmem    0    20017000    00000800     UNINITIALIZED
                  20017000    00000008     rtsv7M4_T_le_eabi.lib : memory.obj (.sysmem)
                  20017008    000007f8     --HOLE--

.bss       0    20017800    00000734     UNINITIALIZED
                  20017800    00000400     (.common:gpCtlTbl)
                  20017c00    00000168     simplelink.a : driver.obj (.bss:g_StatMem)
                  20017d68    00000100     (.common:gfpAppCallbackHndl)
                  20017e68    00000050                  : cc_pal.obj (.bss:g_ucDinDout)
                  20017eb8    00000024     (.common:g_ucConnectionSSID)
                  20017edc    00000024     (.common:receiveBuf)
                  20017f00    00000024     (.common:sendBuf)
                  20017f24    00000008     (.common:g_ucConnectionBSSID)
                  20017f2c    00000004     uart_if.obj (.bss)
                  20017f30    00000001     (.common:RxIrqCnt)
                  20017f31    00000001     (.common:g_bDeviceRestartIsRequired)
                  20017f32    00000001     (.common:g_cDummy)
                  20017f33    00000001     (.common:iDone)

.data      0    20017f34    000000a0     UNINITIALIZED
                  20017f34    0000003c     simplelink.a : nonos.obj (.data:g__SlNonOsCB)
                  20017f70    0000001c     main.obj (.data)
                  20017f8c    0000000d     simplelink.a : driver.obj (.data)
                  20017f99    00000003     --HOLE--
                  20017f9c    0000000c     rtsv7M4_T_le_eabi.lib : exit.obj (.data:$O1$$)
                  20017fa8    0000000c                           : memory.obj (.data:$O1$$)
                  20017fb4    00000009     simplelink.a : cc_pal.obj (.data)
                  20017fbd    00000003     --HOLE--
                  20017fc0    00000008     rtsv7M4_T_le_eabi.lib : _lock.obj (.data:$O1$$)
                  20017fc8    00000004                           : errno.obj (.data)
                  20017fcc    00000004                           : stkdepth_vars.obj (.data)
                  20017fd0    00000004                           : strtok.obj (.data)

.stack     0    2002f800    00000800     UNINITIALIZED
                  2002f800    00000800     --HOLE--

MODULE SUMMARY

       Module                     code    ro data   rw data
       ------                     ----    -------   -------
    .\
       main.obj                   5584    189       144    
       udma_if.obj                460     0         1281   
       startup_ccs.obj            14      1024      0      
       uart_if.obj                640     0         4      
       network_common.obj         38      0         0      
       pinmux.obj                 28      0         0      
    +--+--------------------------+-------+---------+---------+
       Total:                     6764    1213      1429   
                                                           
    C:/TI/CC3200SDK_1.2.0/cc3200-sdk/driverlib/ccs/Release/driverlib.a
       prcm.obj                   852     168       0      
       interrupt.obj              608     284       0      
       spi.obj                    798     60        0      
       udma.obj                   776     0         0      
       pin.obj                    226     256       0      
       uart.obj                   306     0         0      
       timer.obj                  210     0         0      
       cpu.obj                    20      0         0      
       utils.obj                  6       0         0      
    +--+--------------------------+-------+---------+---------+
       Total:                     3802    768       0      
                                                           
    C:/TI/CC3200SDK_1.2.0/cc3200-sdk/simplelink/ccs/NON_OS/simplelink.a
       driver.obj                 7832    192       375    
       socket.obj                 2314    68        0      
       cc_pal.obj                 1776    0         90     
       netapp.obj                 1192    40        0      
       wlan.obj                   1128    60        0      
       device.obj                 1018    28        0      
       nonos.obj                  412     20        60     
       netcfg.obj                 124     8         0      
    +--+--------------------------+-------+---------+---------+
       Total:                     15796   416       525    
                                                           
    C:\TI\ccsv6\tools\compiler\ti-cgt-arm_15.12.1.LTS\lib\rtsv7M4_T_le_eabi.lib
       _printfi.obj               4348    0         0      
       memory.obj                 988     0         12     
       ull_div_t2.obj             500     0         0      
       fd_add_t2.obj              438     0         0      
       fd_div_t2.obj              310     0         0      
       strtoul.obj                276     0         0      
       fd_cmp_t2.obj              268     0         0      
       ctype.obj                  0       257       0      
       fd_mul_t2.obj              252     0         0      
       s_scalbn.obj               208     0         0      
       memcpy_t2.obj              156     0         0      
       vsnprintf.obj              136     0         0      
       memset_t2.obj              122     0         0      
       autoinit.obj               112     0         0      
       copy_decompress_rle.obj    112     0         0      
       exit.obj                   84      0         12     
       s_frexp.obj                92      0         0      
       ltoa.obj                   86      0         0      
       atoi.obj                   76      0         0      
       cpy_tbl.obj                76      0         0      
       fd_toi_t2.obj              72      0         0      
       strtok.obj                 64      0         4      
       boot.obj                   64      0         0      
       i_tofd_t2.obj              46      0         0      
       strspn.obj                 42      0         0      
       memmov.obj                 36      0         0      
       strcspn.obj                36      0         0      
       _lock.obj                  20      0         8      
       memccpy.obj                28      0         0      
       args_main.obj              24      0         0      
       strchr.obj                 22      0         0      
       strlen.obj                 20      0         0      
       copy_decompress_none.obj   14      0         0      
       s_copysign.obj             8       0         0      
       errno.obj                  0       0         4      
       pre_init.obj               4       0         0      
       stkdepth_vars.obj          0       0         4      
       mpu_init.obj               2       0         0      
       startup.obj                2       0         0      
    +--+--------------------------+-------+---------+---------+
       Total:                     9144    257       44     
                                                           
       Heap:                      0       0         2048   
       Stack:                     0       0         2048   
       Linker Generated:          0       95        0      
    +--+--------------------------+-------+---------+---------+
       Grand Total:               35506   2749      6094   


LINKER GENERATED COPY TABLES

__TI_cinit_table @ 2000d584 records: 2, size/record: 8, table size: 16
	.data: load addr=2000d530, load size=0000003c bytes, run addr=20017f34, run size=000000a0 bytes, compression=rle
	.bss: load addr=2000d570, load size=0000000b bytes, run addr=20017800, run size=00000734 bytes, compression=rle


LINKER GENERATED HANDLER TABLE

__TI_handler_table @ 2000d57c records: 2, size/record: 4, table size: 8
	index: 0, handler: __TI_decompress_rle24
	index: 1, handler: __TI_decompress_none


GLOBAL SYMBOLS: SORTED ALPHABETICALLY BY Name 

address   name                                  
-------   ----                                  
20005249  BsdTcpClient                          
200053f5  BsdTcpServer                          
2000bc69  C$$EXIT                               
2000cda5  CPUcpsie                              
20007479  ClearTerm                             
20008113  DmaErrorIntHandler                    
2000c8ad  DmaSpiSwIntHandler                    
200080fd  DmaSwIntHandler                       
20007483  Error                                 
200074bb  GetCmd                                
20007439  InitTerm                              
2000a521  IntDisable                            
2000a5c9  IntEnable                             
2000cea5  IntMasterEnable                       
2000ba65  IntPendClear                          
2000bb6d  IntPrioritySet                        
2000c9c9  IntRegister                           
2000c8d1  IntUnregister                         
2000cdb9  IntVTableBaseSet                      
20004c53  IpAddressParser                       
20007457  Message                               
2000ce69  NwpMaskInterrupt                      
2000c5e1  NwpPowerOff                           
2000c9e9  NwpPowerOn                            
2000c475  NwpRegisterInterruptHandler           
2000ce75  NwpUnMaskInterrupt                    
2000d294  OpcodeTranslateTable                  
20008b01  PRCMCC3200MCUInit                     
2000cd21  PRCMHIBRegRead                        
2000cd37  PRCMHIBRegWrite                       
2000c7e5  PRCMPeripheralClkDisable              
2000c4f1  PRCMPeripheralClkEnable               
2000aa21  PRCMPeripheralClockGet                
2000babd  PRCMPeripheralReset                   
2000c619  PRCMPeripheralStatusGet               
2000c6e1  PRCMSysResetCauseGet                  
2000ad79  PinConfigSet                          
2000c2f5  PinModeSet                            
2000cb37  PinMuxConfig                          
2000cbc5  PinTypeUART                           
200075f9  Report                                
2000ce5b  ResetISR                              
20017f30  RxIrqCnt                              
UNDEFED   SHT$$INIT_ARRAY$$Base                 
UNDEFED   SHT$$INIT_ARRAY$$Limit                
2000cc61  SPICSDisable                          
2000cc79  SPICSEnable                           
2000a715  SPIConfigSetExpClk                    
2000cc91  SPIDisable                            
2000cbdf  SPIDmaDisable                         
2000cbf9  SPIDmaEnable                          
2000cca9  SPIEnable                             
2000cc13  SPIFIFODisable                        
2000cc2d  SPIFIFOEnable                         
2000c64d  SPIFIFOLevelSet                       
2000bf71  SPIIntClear                           
2000bd5d  SPIIntEnable                          
2000cc47  SPIIntUnregister                      
2000c985  SPIReset                              
2000c9a7  SPIWordCountSet                       
200045dd  SimpleLinkGeneralEventHandler         
200045bd  SimpleLinkHttpServerCallback          
2000450f  SimpleLinkNetAppEventHandler          
20004601  SimpleLinkSockEventHandler            
20004401  SimpleLinkWlanEventHandler            
2000c0d5  TimerConfigure                        
2000ca89  TimerEnable                           
2000ca09  TimerGetCurrentTimestamp              
2000c765  TimerLoadSet                          
2000c78f  TimerPrescaleSet                      
2000cae3  TimerValueGet                         
20007561  TrimSpace                             
2000cd4d  UARTCharGet                           
2000caff  UARTCharGetNonBlocking                
2000caa7  UARTCharPut                           
2000ccc1  UARTCharsAvail                        
2000b4fd  UARTConfigSetExpClk                   
2000c681  UARTDisable                           
2000c8f5  UARTEnable                            
20008187  UDMAChannelSelect                     
2000825b  UDMADeInit                            
2000811f  UDMAInit                              
200081b5  UDMASetupAutoMemTransfer              
200081e9  UDMASetupPingPongTransfer             
2000826f  UDMASetupTransfer                     
20008243  UDMAStartTransfer                     
2000824f  UDMAStopTransfer                      
20004d39  UserInput                             
2000ceb7  UtilsDelay                            
2000d30c  _SlActionLookupTable                  
2000a671  _SlDriverHandleError                  
2000bfb9  _SlDrvBasicCmd                        
2000a301  _SlDrvCmdOp                           
2000b6c9  _SlDrvCmdSend                         
20007d49  _SlDrvDataReadOp                      
20008f55  _SlDrvDataWriteOp                     
2000a8ed  _SlDrvDeviceEventHandler              
2000ce2f  _SlDrvDispatchHttpServerEvents        
2000944d  _SlDrvDriverCBDeinit                  
20008481  _SlDrvDriverCBInit                    
2000c80d  _SlDrvGlobalObjUnLock                 
2000c119  _SlDrvHandleHttpServerEvents          
2000c335  _SlDrvHandleNetAppEvents              
2000c375  _SlDrvHandleWlanEvents                
2000aced  _SlDrvIsTimeoutExpired                
2000cd63  _SlDrvMemZero                         
20009f05  _SlDrvMsgReadSpawnCtx                 
2000979d  _SlDrvNetAppEventHandler              
2000c919  _SlDrvObjLockWaitForever              
2000ca29  _SlDrvObjUnLock                       
2000bdf5  _SlDrvProtectAsyncRespSetting         
2000c739  _SlDrvProtectionObjLockWaitForever    
2000c835  _SlDrvProtectionObjUnLock             
20007f2d  _SlDrvReleasePoolObj                  
2000ce3f  _SlDrvResetCmdExt                     
2000bbc1  _SlDrvRxIrqHandler                    
2000cb1b  _SlDrvStartMeasureTimeout             
2000ca49  _SlDrvSyncObjSignal                   
2000c85d  _SlDrvSyncObjWaitForever              
2000c15d  _SlDrvSyncObjWaitTimeout              
20008971  _SlDrvWaitForPoolObj                  
2000d3c0  _SlNetAppSendTokenValueCmdCtrl        
2000b575  _SlNonOsMainLoopTask                  
2000a475  _SlNonOsSemGet                        
2000ccd9  _SlNonOsSemSet                        
2000b879  _SlNonOsSpawn                         
20030000  __STACK_END                           
00000800  __STACK_SIZE                          
00000800  __SYSMEM_SIZE                         
2000d584  __TI_CINIT_Base                       
2000d594  __TI_CINIT_Limit                      
2000d57c  __TI_Handler_Table_Base               
2000d584  __TI_Handler_Table_Limit              
2000b5e9  __TI_auto_init                        
20017f9c  __TI_cleanup_ptr                      
2000ce4d  __TI_decompress_none                  
2000cebd  __TI_decompress_rle24                 
20017fa0  __TI_dtors_ptr                        
20017fa4  __TI_enable_exit_profile_output       
ffffffff  __TI_pprof_out_hndl                   
200067c7  __TI_printfi                          
ffffffff  __TI_prof_data_size                   
ffffffff  __TI_prof_data_start                  
2000d530  __TI_static_base__                    
2000af11  __aeabi_cdcmpeq                       
2000af11  __aeabi_cdcmple                       
2000af97  __aeabi_cdrcmple                      
2000c001  __aeabi_d2iz                          
200082d3  __aeabi_dadd                          
200091ed  __aeabi_ddiv                          
200098a1  __aeabi_dmul                          
200082c9  __aeabi_dsub                          
2000c6b1  __aeabi_i2d                           
2000b391  __aeabi_memclr                        
2000b391  __aeabi_memclr4                       
2000b391  __aeabi_memclr8                       
2000a7b5  __aeabi_memcpy                        
2000a7b5  __aeabi_memcpy4                       
2000a7b5  __aeabi_memcpy8                       
2000b393  __aeabi_memset                        
2000b393  __aeabi_memset4                       
2000b393  __aeabi_memset8                       
20007b55  __aeabi_uldivmod                      
ffffffff  __binit__                             
ffffffff  __c_args__                            
20009323  __mpu_init                            
2002f800  __stack                               
2000cd09  _args_main                            
2000c3f5  _c_int00                              
2000cec8  _ctypes_                              
20017fc0  _lock                                 
2000cddb  _nop                                  
2000cdd3  _register_lock                        
2000cdcd  _register_unlock                      
2000b8dd  _sl_HandleAsync_Accept                
2000b01d  _sl_HandleAsync_Connect               
2000aab5  _sl_HandleAsync_DnsGetHostByName      
2000a0a9  _sl_HandleAsync_DnsGetHostByService   
2000b09d  _sl_HandleAsync_InitComplete          
2000ab45  _sl_HandleAsync_PingResponse          
2000bc15  _sl_HandleAsync_Select                
2000bcbd  _sl_HandleAsync_Stop                  
2000b735  _sl_NetAppSendTokenValue              
20017000  _sys_memory                           
2000a987  _system_post_cinit                    
2000cec3  _system_pre_init                      
20017fc4  _unlock                               
2000bc6d  abort                                 
2000be8d  atoi                                  
ffffffff  binit                                 
20007405  calloc                                
2000bed9  copy_in                               
2000ceaf  copysign                              
2000ceaf  copysignl                             
20017fc8  errno                                 
2000bc75  exit                                  
20007153  free                                  
2000ba09  frexp                                 
2000ba09  frexpl                                
20017fb4  g_SpiFd                               
20017f34  g__SlNonOsCB                          
20017f31  g_bDeviceRestartIsRequired            
20017f32  g_cDummy                              
20017f90  g_pCB                                 
20017fb8  g_pHostIntHdl                         
20004000  g_pfnVectors                          
20017f24  g_ucConnectionBSSID                   
20017eb8  g_ucConnectionSSID                    
20017f84  g_ucConnectionStatus                  
20017fbc  g_ucDMAEnabled                        
20017e68  g_ucDinDout                           
20017f85  g_ucSimplelinkstarted                 
20017f7c  g_uiPortNum                           
20017f78  g_ulDestinationIp                     
20017f74  g_ulGatewayIP                         
20017f88  g_ulIpAddr                            
20017f80  g_ulPacketCount                       
20017f70  g_ulStatus                            
20017d68  gfpAppCallbackHndl                    
20017800  gpCtlTbl                              
20017f33  iDone                                 
20009fd9  ldexp                                 
20009fd9  ldexpl                                
2000bb15  ltoa                                  
200056fd  main                                  
20017fcc  main_func_sp                          
200070eb  malloc                                
20007321  memalign                              
2000cb53  memccpy                               
2000a7b5  memcpy                                
2000c93d  memmove                               
2000b399  memset                                
2000705d  minit                                 
20017f94  pPingCallBackFunc                     
20007215  realloc                               
20017edc  receiveBuf                            
20009fd9  scalbn                                
20009fd9  scalbnl                               
20017f00  sendBuf                               
2000c52d  simplelink_timerA2_start              
20008635  sl_Accept                             
2000a851  sl_Bind                               
2000c1e5  sl_Close                              
20008de9  sl_Connect                            
2000a3c1  sl_DevGet                             
2000c2b1  sl_Htonl                              
2000c569  sl_Htons                              
2000bd0d  sl_Listen                             
2000a175  sl_NetAppMDNSRegisterUnregisterService
2000c049  sl_NetAppMDNSUnRegisterService        
2000b21d  sl_NetCfgSet                          
2000c885  sl_Provisioning_HttpServerEventHdl    
2000c893  sl_Provisioning_NetAppEventHdl        
2000c89f  sl_Provisioning_WlanEventHdl          
2000ae89  sl_Recv                               
20009571  sl_Send                               
2000b299  sl_SetSockOpt                         
2000b659  sl_Socket                             
20009d49  sl_Start                              
20009c65  sl_Stop                               
200076b9  sl_WlanConnect                        
2000ca69  sl_WlanDisconnect                     
2000b40d  sl_WlanPolicySet                      
2000c229  sl_WlanProfileDel                     
2000b7a1  sl_WlanRxFilterSet                    
2000b315  sl_WlanSet                            
2000c26d  sl_WlanSetMode                        
2000b485  spi_Close                             
200090a5  spi_Open                              
2000999d  spi_Read                              
2000a989  spi_Write                             
2000cd79  strchr                                
2000c961  strcspn                               
2000cde1  strlen                                
2000c7b9  strspn                                
2000c435  strtok                                
20009689  strtoul                               
2000bf25  uDMAChannelAssign                     
2000b941  uDMAChannelAttributeDisable           
2000b9a5  uDMAChannelAttributeEnable            
2000c5a5  uDMAChannelControlSet                 
2000cb71  uDMAChannelDisable                    
2000cb8d  uDMAChannelEnable                     
2000cba9  uDMAChannelRequest                    
20009a8d  uDMAChannelTransferSet                
2000cdf5  uDMAControlBaseSet                    
2000ce81  uDMADisable                           
2000ce8d  uDMAEnable                            
2000ce09  uDMAIntClear                          
2000cd8f  uDMAIntRegister                       
2000ce99  uDMAIntStatus                         
2000ce1d  uDMAIntUnregister                     
2000ae01  vsnprintf                             


GLOBAL SYMBOLS: SORTED BY Symbol Address 

address   name                                  
-------   ----                                  
00000800  __STACK_SIZE                          
00000800  __SYSMEM_SIZE                         
20004000  g_pfnVectors                          
20004401  SimpleLinkWlanEventHandler            
2000450f  SimpleLinkNetAppEventHandler          
200045bd  SimpleLinkHttpServerCallback          
200045dd  SimpleLinkGeneralEventHandler         
20004601  SimpleLinkSockEventHandler            
20004c53  IpAddressParser                       
20004d39  UserInput                             
20005249  BsdTcpClient                          
200053f5  BsdTcpServer                          
200056fd  main                                  
200067c7  __TI_printfi                          
2000705d  minit                                 
200070eb  malloc                                
20007153  free                                  
20007215  realloc                               
20007321  memalign                              
20007405  calloc                                
20007439  InitTerm                              
20007457  Message                               
20007479  ClearTerm                             
20007483  Error                                 
200074bb  GetCmd                                
20007561  TrimSpace                             
200075f9  Report                                
200076b9  sl_WlanConnect                        
20007b55  __aeabi_uldivmod                      
20007d49  _SlDrvDataReadOp                      
20007f2d  _SlDrvReleasePoolObj                  
200080fd  DmaSwIntHandler                       
20008113  DmaErrorIntHandler                    
2000811f  UDMAInit                              
20008187  UDMAChannelSelect                     
200081b5  UDMASetupAutoMemTransfer              
200081e9  UDMASetupPingPongTransfer             
20008243  UDMAStartTransfer                     
2000824f  UDMAStopTransfer                      
2000825b  UDMADeInit                            
2000826f  UDMASetupTransfer                     
200082c9  __aeabi_dsub                          
200082d3  __aeabi_dadd                          
20008481  _SlDrvDriverCBInit                    
20008635  sl_Accept                             
20008971  _SlDrvWaitForPoolObj                  
20008b01  PRCMCC3200MCUInit                     
20008de9  sl_Connect                            
20008f55  _SlDrvDataWriteOp                     
200090a5  spi_Open                              
200091ed  __aeabi_ddiv                          
20009323  __mpu_init                            
2000944d  _SlDrvDriverCBDeinit                  
20009571  sl_Send                               
20009689  strtoul                               
2000979d  _SlDrvNetAppEventHandler              
200098a1  __aeabi_dmul                          
2000999d  spi_Read                              
20009a8d  uDMAChannelTransferSet                
20009c65  sl_Stop                               
20009d49  sl_Start                              
20009f05  _SlDrvMsgReadSpawnCtx                 
20009fd9  ldexp                                 
20009fd9  ldexpl                                
20009fd9  scalbn                                
20009fd9  scalbnl                               
2000a0a9  _sl_HandleAsync_DnsGetHostByService   
2000a175  sl_NetAppMDNSRegisterUnregisterService
2000a301  _SlDrvCmdOp                           
2000a3c1  sl_DevGet                             
2000a475  _SlNonOsSemGet                        
2000a521  IntDisable                            
2000a5c9  IntEnable                             
2000a671  _SlDriverHandleError                  
2000a715  SPIConfigSetExpClk                    
2000a7b5  __aeabi_memcpy                        
2000a7b5  __aeabi_memcpy4                       
2000a7b5  __aeabi_memcpy8                       
2000a7b5  memcpy                                
2000a851  sl_Bind                               
2000a8ed  _SlDrvDeviceEventHandler              
2000a987  _system_post_cinit                    
2000a989  spi_Write                             
2000aa21  PRCMPeripheralClockGet                
2000aab5  _sl_HandleAsync_DnsGetHostByName      
2000ab45  _sl_HandleAsync_PingResponse          
2000aced  _SlDrvIsTimeoutExpired                
2000ad79  PinConfigSet                          
2000ae01  vsnprintf                             
2000ae89  sl_Recv                               
2000af11  __aeabi_cdcmpeq                       
2000af11  __aeabi_cdcmple                       
2000af97  __aeabi_cdrcmple                      
2000b01d  _sl_HandleAsync_Connect               
2000b09d  _sl_HandleAsync_InitComplete          
2000b21d  sl_NetCfgSet                          
2000b299  sl_SetSockOpt                         
2000b315  sl_WlanSet                            
2000b391  __aeabi_memclr                        
2000b391  __aeabi_memclr4                       
2000b391  __aeabi_memclr8                       
2000b393  __aeabi_memset                        
2000b393  __aeabi_memset4                       
2000b393  __aeabi_memset8                       
2000b399  memset                                
2000b40d  sl_WlanPolicySet                      
2000b485  spi_Close                             
2000b4fd  UARTConfigSetExpClk                   
2000b575  _SlNonOsMainLoopTask                  
2000b5e9  __TI_auto_init                        
2000b659  sl_Socket                             
2000b6c9  _SlDrvCmdSend                         
2000b735  _sl_NetAppSendTokenValue              
2000b7a1  sl_WlanRxFilterSet                    
2000b879  _SlNonOsSpawn                         
2000b8dd  _sl_HandleAsync_Accept                
2000b941  uDMAChannelAttributeDisable           
2000b9a5  uDMAChannelAttributeEnable            
2000ba09  frexp                                 
2000ba09  frexpl                                
2000ba65  IntPendClear                          
2000babd  PRCMPeripheralReset                   
2000bb15  ltoa                                  
2000bb6d  IntPrioritySet                        
2000bbc1  _SlDrvRxIrqHandler                    
2000bc15  _sl_HandleAsync_Select                
2000bc69  C$$EXIT                               
2000bc6d  abort                                 
2000bc75  exit                                  
2000bcbd  _sl_HandleAsync_Stop                  
2000bd0d  sl_Listen                             
2000bd5d  SPIIntEnable                          
2000bdf5  _SlDrvProtectAsyncRespSetting         
2000be8d  atoi                                  
2000bed9  copy_in                               
2000bf25  uDMAChannelAssign                     
2000bf71  SPIIntClear                           
2000bfb9  _SlDrvBasicCmd                        
2000c001  __aeabi_d2iz                          
2000c049  sl_NetAppMDNSUnRegisterService        
2000c0d5  TimerConfigure                        
2000c119  _SlDrvHandleHttpServerEvents          
2000c15d  _SlDrvSyncObjWaitTimeout              
2000c1e5  sl_Close                              
2000c229  sl_WlanProfileDel                     
2000c26d  sl_WlanSetMode                        
2000c2b1  sl_Htonl                              
2000c2f5  PinModeSet                            
2000c335  _SlDrvHandleNetAppEvents              
2000c375  _SlDrvHandleWlanEvents                
2000c3f5  _c_int00                              
2000c435  strtok                                
2000c475  NwpRegisterInterruptHandler           
2000c4f1  PRCMPeripheralClkEnable               
2000c52d  simplelink_timerA2_start              
2000c569  sl_Htons                              
2000c5a5  uDMAChannelControlSet                 
2000c5e1  NwpPowerOff                           
2000c619  PRCMPeripheralStatusGet               
2000c64d  SPIFIFOLevelSet                       
2000c681  UARTDisable                           
2000c6b1  __aeabi_i2d                           
2000c6e1  PRCMSysResetCauseGet                  
2000c739  _SlDrvProtectionObjLockWaitForever    
2000c765  TimerLoadSet                          
2000c78f  TimerPrescaleSet                      
2000c7b9  strspn                                
2000c7e5  PRCMPeripheralClkDisable              
2000c80d  _SlDrvGlobalObjUnLock                 
2000c835  _SlDrvProtectionObjUnLock             
2000c85d  _SlDrvSyncObjWaitForever              
2000c885  sl_Provisioning_HttpServerEventHdl    
2000c893  sl_Provisioning_NetAppEventHdl        
2000c89f  sl_Provisioning_WlanEventHdl          
2000c8ad  DmaSpiSwIntHandler                    
2000c8d1  IntUnregister                         
2000c8f5  UARTEnable                            
2000c919  _SlDrvObjLockWaitForever              
2000c93d  memmove                               
2000c961  strcspn                               
2000c985  SPIReset                              
2000c9a7  SPIWordCountSet                       
2000c9c9  IntRegister                           
2000c9e9  NwpPowerOn                            
2000ca09  TimerGetCurrentTimestamp              
2000ca29  _SlDrvObjUnLock                       
2000ca49  _SlDrvSyncObjSignal                   
2000ca69  sl_WlanDisconnect                     
2000ca89  TimerEnable                           
2000caa7  UARTCharPut                           
2000cae3  TimerValueGet                         
2000caff  UARTCharGetNonBlocking                
2000cb1b  _SlDrvStartMeasureTimeout             
2000cb37  PinMuxConfig                          
2000cb53  memccpy                               
2000cb71  uDMAChannelDisable                    
2000cb8d  uDMAChannelEnable                     
2000cba9  uDMAChannelRequest                    
2000cbc5  PinTypeUART                           
2000cbdf  SPIDmaDisable                         
2000cbf9  SPIDmaEnable                          
2000cc13  SPIFIFODisable                        
2000cc2d  SPIFIFOEnable                         
2000cc47  SPIIntUnregister                      
2000cc61  SPICSDisable                          
2000cc79  SPICSEnable                           
2000cc91  SPIDisable                            
2000cca9  SPIEnable                             
2000ccc1  UARTCharsAvail                        
2000ccd9  _SlNonOsSemSet                        
2000cd09  _args_main                            
2000cd21  PRCMHIBRegRead                        
2000cd37  PRCMHIBRegWrite                       
2000cd4d  UARTCharGet                           
2000cd63  _SlDrvMemZero                         
2000cd79  strchr                                
2000cd8f  uDMAIntRegister                       
2000cda5  CPUcpsie                              
2000cdb9  IntVTableBaseSet                      
2000cdcd  _register_unlock                      
2000cdd3  _register_lock                        
2000cddb  _nop                                  
2000cde1  strlen                                
2000cdf5  uDMAControlBaseSet                    
2000ce09  uDMAIntClear                          
2000ce1d  uDMAIntUnregister                     
2000ce2f  _SlDrvDispatchHttpServerEvents        
2000ce3f  _SlDrvResetCmdExt                     
2000ce4d  __TI_decompress_none                  
2000ce5b  ResetISR                              
2000ce69  NwpMaskInterrupt                      
2000ce75  NwpUnMaskInterrupt                    
2000ce81  uDMADisable                           
2000ce8d  uDMAEnable                            
2000ce99  uDMAIntStatus                         
2000cea5  IntMasterEnable                       
2000ceaf  copysign                              
2000ceaf  copysignl                             
2000ceb7  UtilsDelay                            
2000cebd  __TI_decompress_rle24                 
2000cec3  _system_pre_init                      
2000cec8  _ctypes_                              
2000d294  OpcodeTranslateTable                  
2000d30c  _SlActionLookupTable                  
2000d3c0  _SlNetAppSendTokenValueCmdCtrl        
2000d530  __TI_static_base__                    
2000d57c  __TI_Handler_Table_Base               
2000d584  __TI_CINIT_Base                       
2000d584  __TI_Handler_Table_Limit              
2000d594  __TI_CINIT_Limit                      
20017000  _sys_memory                           
20017800  gpCtlTbl                              
20017d68  gfpAppCallbackHndl                    
20017e68  g_ucDinDout                           
20017eb8  g_ucConnectionSSID                    
20017edc  receiveBuf                            
20017f00  sendBuf                               
20017f24  g_ucConnectionBSSID                   
20017f30  RxIrqCnt                              
20017f31  g_bDeviceRestartIsRequired            
20017f32  g_cDummy                              
20017f33  iDone                                 
20017f34  g__SlNonOsCB                          
20017f70  g_ulStatus                            
20017f74  g_ulGatewayIP                         
20017f78  g_ulDestinationIp                     
20017f7c  g_uiPortNum                           
20017f80  g_ulPacketCount                       
20017f84  g_ucConnectionStatus                  
20017f85  g_ucSimplelinkstarted                 
20017f88  g_ulIpAddr                            
20017f90  g_pCB                                 
20017f94  pPingCallBackFunc                     
20017f9c  __TI_cleanup_ptr                      
20017fa0  __TI_dtors_ptr                        
20017fa4  __TI_enable_exit_profile_output       
20017fb4  g_SpiFd                               
20017fb8  g_pHostIntHdl                         
20017fbc  g_ucDMAEnabled                        
20017fc0  _lock                                 
20017fc4  _unlock                               
20017fc8  errno                                 
20017fcc  main_func_sp                          
2002f800  __stack                               
20030000  __STACK_END                           
ffffffff  __TI_pprof_out_hndl                   
ffffffff  __TI_prof_data_size                   
ffffffff  __TI_prof_data_start                  
ffffffff  __binit__                             
ffffffff  __c_args__                            
ffffffff  binit                                 
UNDEFED   SHT$$INIT_ARRAY$$Base                 
UNDEFED   SHT$$INIT_ARRAY$$Limit                

[293 symbols]
