******************************************************************************
                  TI ARM Linker PC v15.12.3                    
******************************************************************************
>> Linked Tue Nov 29 01:17:08 2016

OUTPUT FILE NAME:   <i2c_compass.out>
ENTRY POINT SYMBOL: "_c_int00"  address: 2000809d


MEMORY CONFIGURATION

         name            origin    length      used     unused   attr    fill
----------------------  --------  ---------  --------  --------  ----  --------
  SRAM_CODE             20004000   00013000  00004a06  0000e5fa  RW X
  SRAM_DATA             20017000   00019000  00001030  00017fd0  RW X


SEGMENT ALLOCATION MAP

run origin  load origin   length   init length attrs members
----------  ----------- ---------- ----------- ----- -------
20004000    20004000    00004a0c   00004a0c    r-x
  20004000    20004000    00000400   00000400    r-- .intvecs
  20004400    20004400    0000415a   0000415a    r-x .text
  20008560    20008560    00000460   00000460    r-- .const
  200089c0    200089c0    0000004c   0000004c    r-- .cinit
20017000    20017000    00000830   00000000    rw-
  20017000    20017000    00000800   00000000    rw- .sysmem
  20017800    20017800    0000002c   00000000    rw- .data
  2001782c    2001782c    00000004   00000000    rw- .bss
2002f800    2002f800    00000800   00000000    rw-
  2002f800    2002f800    00000800   00000000    rw- .stack


SECTION ALLOCATION MAP

 output                                  attributes/
section   page    origin      length       input sections
--------  ----  ----------  ----------   ----------------
.intvecs   0    20004000    00000400     
                  20004000    00000400     startup_ccs.obj (.intvecs)

.init_array 
*          0    20004000    00000000     UNINITIALIZED

.text      0    20004400    0000415a     
                  20004400    000010fc     rtsv7M4_T_le_eabi.lib : _printfi.obj (.text)
                  200054fc    00000bf4     main.obj (.text)
                  200060f0    000003dc     rtsv7M4_T_le_eabi.lib : memory.obj (.text)
                  200064cc    000002ec                           : s_atan.obj (.text)
                  200067b8    00000290     i2c_if.obj (.text)
                  20006a48    00000280     uart_if.obj (.text)
                  20006cc8    000001f4     rtsv7M4_T_le_eabi.lib : ull_div_t2.obj (.text)
                  20006ebc    000001d4                           : e_atan2.obj (.text)
                  20007090    000001b6                           : fd_add_t2.obj (.text)
                  20007246    00000002                           : mpu_init.obj (.text)
                  20007248    00000178     driverlib.a : prcm.obj (.text:PRCMCC3200MCUInit)
                  200073c0    00000136     rtsv7M4_T_le_eabi.lib : fd_div_t2.obj (.text)
                  200074f6    00000002                           : startup.obj (.text)
                  200074f8    00000114                           : strtoul.obj (.text)
                  2000760c    000000fc                           : fd_mul_t2.obj (.text)
                  20007708    000000d0                           : s_scalbn.obj (.text)
                  200077d8    000000a8     driverlib.a : interrupt.obj (.text:IntEnable)
                  20007880    0000009c     rtsv7M4_T_le_eabi.lib : memcpy_t2.obj (.text)
                  2000791c    00000094     driverlib.a : prcm.obj (.text:PRCMPeripheralClockGet)
                  200079b0    00000088                 : pin.obj (.text:PinConfigSet)
                  20007a38    00000088     rtsv7M4_T_le_eabi.lib : vsnprintf.obj (.text)
                  20007ac0    00000086                           : fd_cmp_t2.obj (.text:__aeabi_cdcmple)
                  20007b46    00000086                           : fd_cmp_t2.obj (.text:__aeabi_cdrcmple)
                  20007bcc    00000084     driverlib.a : i2c.obj (.text:I2CMasterInitExpClk)
                  20007c50    0000007a     rtsv7M4_T_le_eabi.lib : memset_t2.obj (.text)
                  20007cca    00000076     driverlib.a : uart.obj (.text:UARTConfigSetExpClk)
                  20007d40    00000070     rtsv7M4_T_le_eabi.lib : autoinit.obj (.text)
                  20007db0    0000006a                           : copy_decompress_rle.obj (.text)
                  20007e1a    00000002     --HOLE-- [fill = 0]
                  20007e1c    0000005c                           : s_frexp.obj (.text)
                  20007e78    00000058     driverlib.a : prcm.obj (.text:PRCMPeripheralReset)
                  20007ed0    00000056     rtsv7M4_T_le_eabi.lib : ltoa.obj (.text)
                  20007f26    00000002     --HOLE-- [fill = 0]
                  20007f28    00000054                           : exit.obj (.text)
                  20007f7c    0000004c                           : atoi.obj (.text)
                  20007fc8    0000004c                           : cpy_tbl.obj (.text)
                  20008014    00000048                           : fd_toi_t2.obj (.text)
                  2000805c    00000040     driverlib.a : pin.obj (.text:PinModeSet)
                  2000809c    00000040     rtsv7M4_T_le_eabi.lib : boot.obj (.text)
                  200080dc    00000040                           : strtok.obj (.text)
                  2000811c    0000003c     driverlib.a : prcm.obj (.text:PRCMPeripheralClkEnable)
                  20008158    00000034     pinmux.obj (.text)
                  2000818c    00000030     driverlib.a : uart.obj (.text:UARTDisable)
                  200081bc    0000002e     rtsv7M4_T_le_eabi.lib : i_tofd_t2.obj (.text)
                  200081ea    0000002c     driverlib.a : i2c.obj (.text:I2CMasterErr)
                  20008216    00000002     --HOLE-- [fill = 0]
                  20008218    0000002c                 : prcm.obj (.text:PRCMSysResetCauseGet)
                  20008244    0000002a     rtsv7M4_T_le_eabi.lib : strspn.obj (.text)
                  2000826e    00000002     --HOLE-- [fill = 0]
                  20008270    00000028     driverlib.a : prcm.obj (.text:PRCMPeripheralClkDisable)
                  20008298    00000024                 : uart.obj (.text:UARTEnable)
                  200082bc    00000024     rtsv7M4_T_le_eabi.lib : memmov.obj (.text)
                  200082e0    00000024                           : strcspn.obj (.text)
                  20008304    00000022     driverlib.a : i2c.obj (.text:I2CMasterSlaveAddrSet)
                  20008326    0000001e                 : i2c.obj (.text:I2CMasterIntStatusEx)
                  20008344    0000001e                 : uart.obj (.text:UARTCharPut)
                  20008362    0000001c                 : pin.obj (.text:PinTypeI2C)
                  2000837e    0000001c                 : uart.obj (.text:UARTCharGetNonBlocking)
                  2000839a    0000001c     rtsv7M4_T_le_eabi.lib : memccpy.obj (.text)
                  200083b6    0000001a     driverlib.a : pin.obj (.text:PinTypeUART)
                  200083d0    00000018                 : uart.obj (.text:UARTCharsAvail)
                  200083e8    00000018     rtsv7M4_T_le_eabi.lib : args_main.obj (.text)
                  20008400    00000018                           : strcmp.obj (.text)
                  20008418    00000016     driverlib.a : i2c.obj (.text:I2CMasterDataPut)
                  2000842e    00000016                 : i2c.obj (.text:I2CMasterEnable)
                  20008444    00000016                 : prcm.obj (.text:PRCMHIBRegRead)
                  2000845a    00000016                 : prcm.obj (.text:PRCMHIBRegWrite)
                  20008470    00000016     rtsv7M4_T_le_eabi.lib : strchr.obj (.text)
                  20008486    00000014     driverlib.a : cpu.obj (.text:CPUcpsie)
                  2000849a    00000002     --HOLE-- [fill = 0]
                  2000849c    00000014                 : interrupt.obj (.text:IntVTableBaseSet)
                  200084b0    00000014     rtsv7M4_T_le_eabi.lib : _lock.obj (.text)
                  200084c4    00000014                           : strlen.obj (.text)
                  200084d8    00000012     driverlib.a : i2c.obj (.text:I2CMasterControl)
                  200084ea    00000012                 : i2c.obj (.text:I2CMasterIntClearEx)
                  200084fc    00000012                 : i2c.obj (.text:I2CMasterTimeoutSet)
                  2000850e    0000000e                 : i2c.obj (.text:I2CMasterDataGet)
                  2000851c    0000000e     rtsv7M4_T_le_eabi.lib : copy_decompress_none.obj (.text:decompress:none)
                  2000852a    0000000e     startup_ccs.obj (.text)
                  20008538    0000000a     driverlib.a : interrupt.obj (.text:IntMasterEnable)
                  20008542    00000008     rtsv7M4_T_le_eabi.lib : s_copysign.obj (.text)
                  2000854a    00000006     driverlib.a : utils.obj (.text:UtilsDelay)
                  20008550    00000006     rtsv7M4_T_le_eabi.lib : copy_decompress_rle.obj (.text:decompress:rle24)
                  20008556    00000004                           : pre_init.obj (.text)

.const     0    20008560    00000460     
                  20008560    00000101     rtsv7M4_T_le_eabi.lib : ctype.obj (.const:.string:_ctypes_)
                  20008661    00000100     main.obj (.const:.string:$P$T0$1)
                  20008761    00000003     --HOLE-- [fill = 0]
                  20008764    00000100     driverlib.a : pin.obj (.const:g_ulPinToPadMap)
                  20008864    000000a8                 : prcm.obj (.const:PRCM_PeriphRegsList)
                  2000890c    00000004     --HOLE-- [fill = 0]
                  20008910    00000098     rtsv7M4_T_le_eabi.lib : s_atan.obj (.const:$O1$$)
                  200089a8    00000018     driverlib.a : interrupt.obj (.const:g_pulEnRegs)

.cinit     0    200089c0    0000004c     
                  200089c0    00000023     (.cinit..data.load) [load image, compression = rle]
                  200089e3    00000005     --HOLE-- [fill = 0]
                  200089e8    00000009     (.cinit..bss.load) [load image, compression = rle]
                  200089f1    00000003     --HOLE-- [fill = 0]
                  200089f4    00000008     (__TI_handler_table)
                  200089fc    00000010     (__TI_cinit_table)

.sysmem    0    20017000    00000800     UNINITIALIZED
                  20017000    00000008     rtsv7M4_T_le_eabi.lib : memory.obj (.sysmem)
                  20017008    000007f8     --HOLE--

.data      0    20017800    0000002c     UNINITIALIZED
                  20017800    0000000c     rtsv7M4_T_le_eabi.lib : exit.obj (.data:$O1$$)
                  2001780c    0000000c                           : memory.obj (.data:$O1$$)
                  20017818    00000008                           : _lock.obj (.data:$O1$$)
                  20017820    00000004                           : errno.obj (.data)
                  20017824    00000004                           : stkdepth_vars.obj (.data)
                  20017828    00000004                           : strtok.obj (.data)

.bss       0    2001782c    00000004     UNINITIALIZED
                  2001782c    00000004     uart_if.obj (.bss)

.stack     0    2002f800    00000800     UNINITIALIZED
                  2002f800    00000800     --HOLE--

MODULE SUMMARY

       Module                     code    ro data   rw data
       ------                     ----    -------   -------
    .\
       main.obj                   3060    256       0      
       startup_ccs.obj            14      1024      0      
       i2c_if.obj                 656     0         0      
       uart_if.obj                640     0         4      
       pinmux.obj                 52      0         0      
    +--+--------------------------+-------+---------+---------+
       Total:                     4422    1280      4      
                                                           
    C:/ti/CC3200SDK_1.2.0/cc3200-sdk/driverlib/ccs/Release/driverlib.a
       prcm.obj                   800     168       0      
       pin.obj                    254     256       0      
       i2c.obj                    352     0         0      
       uart.obj                   284     0         0      
       interrupt.obj              198     24        0      
       cpu.obj                    20      0         0      
       utils.obj                  6       0         0      
    +--+--------------------------+-------+---------+---------+
       Total:                     1914    448       0      
                                                           
    C:\ti\ccsv6\tools\compiler\arm_15.12.3.LTS\lib\rtsv7M4_T_le_eabi.lib
       _printfi.obj               4348    0         0      
       memory.obj                 988     0         12     
       s_atan.obj                 748     152       0      
       ull_div_t2.obj             500     0         0      
       e_atan2.obj                468     0         0      
       fd_add_t2.obj              438     0         0      
       fd_div_t2.obj              310     0         0      
       strtoul.obj                276     0         0      
       fd_cmp_t2.obj              268     0         0      
       ctype.obj                  0       257       0      
       fd_mul_t2.obj              252     0         0      
       s_scalbn.obj               208     0         0      
       memcpy_t2.obj              156     0         0      
       vsnprintf.obj              136     0         0      
       memset_t2.obj              122     0         0      
       autoinit.obj               112     0         0      
       copy_decompress_rle.obj    112     0         0      
       exit.obj                   84      0         12     
       s_frexp.obj                92      0         0      
       ltoa.obj                   86      0         0      
       atoi.obj                   76      0         0      
       cpy_tbl.obj                76      0         0      
       fd_toi_t2.obj              72      0         0      
       strtok.obj                 64      0         4      
       boot.obj                   64      0         0      
       i_tofd_t2.obj              46      0         0      
       strspn.obj                 42      0         0      
       memmov.obj                 36      0         0      
       strcspn.obj                36      0         0      
       _lock.obj                  20      0         8      
       memccpy.obj                28      0         0      
       args_main.obj              24      0         0      
       strcmp.obj                 24      0         0      
       strchr.obj                 22      0         0      
       strlen.obj                 20      0         0      
       copy_decompress_none.obj   14      0         0      
       s_copysign.obj             8       0         0      
       errno.obj                  0       0         4      
       pre_init.obj               4       0         0      
       stkdepth_vars.obj          0       0         4      
       mpu_init.obj               2       0         0      
       startup.obj                2       0         0      
    +--+--------------------------+-------+---------+---------+
       Total:                     10384   409       44     
                                                           
       Heap:                      0       0         2048   
       Stack:                     0       0         2048   
       Linker Generated:          0       68        0      
    +--+--------------------------+-------+---------+---------+
       Grand Total:               16720   2205      4144   


LINKER GENERATED COPY TABLES

__TI_cinit_table @ 200089fc records: 2, size/record: 8, table size: 16
	.data: load addr=200089c0, load size=00000023 bytes, run addr=20017800, run size=0000002c bytes, compression=rle
	.bss: load addr=200089e8, load size=00000009 bytes, run addr=2001782c, run size=00000004 bytes, compression=rle


LINKER GENERATED HANDLER TABLE

__TI_handler_table @ 200089f4 records: 2, size/record: 4, table size: 8
	index: 0, handler: __TI_decompress_rle24
	index: 1, handler: __TI_decompress_none


GLOBAL SYMBOLS: SORTED ALPHABETICALLY BY Name 

address   name                           
-------   ----                           
20007f29  C$$EXIT                        
20008487  CPUcpsie                       
20006a89  ClearTerm                      
20005959  DisplayBuffer                  
200054fd  DisplayPrompt                  
20005507  DisplayUsage                   
20006a93  Error                          
20006acb  GetCmd                         
200084d9  I2CMasterControl               
2000850f  I2CMasterDataGet               
20008419  I2CMasterDataPut               
2000842f  I2CMasterEnable                
200081eb  I2CMasterErr                   
20007bcd  I2CMasterInitExpClk            
200084eb  I2CMasterIntClearEx            
20008327  I2CMasterIntStatusEx           
20008305  I2CMasterSlaveAddrSet          
200084fd  I2CMasterTimeoutSet            
20006a31  I2C_IF_Close                   
200069e9  I2C_IF_Open                    
200068e3  I2C_IF_Read                    
2000699f  I2C_IF_ReadFrom                
2000682d  I2C_IF_Write                   
20006a49  InitTerm                       
200077d9  IntEnable                      
20008539  IntMasterEnable                
2000849d  IntVTableBaseSet               
20006a67  Message                        
20007249  PRCMCC3200MCUInit              
20008445  PRCMHIBRegRead                 
2000845b  PRCMHIBRegWrite                
20008271  PRCMPeripheralClkDisable       
2000811d  PRCMPeripheralClkEnable        
2000791d  PRCMPeripheralClockGet         
20007e79  PRCMPeripheralReset            
20008219  PRCMSysResetCauseGet           
20005dcf  ParseNProcessCmd               
200079b1  PinConfigSet                   
2000805d  PinModeSet                     
20008159  PinMuxConfig                   
20008363  PinTypeI2C                     
200083b7  PinTypeUART                    
200059df  ProcessReadCommand             
20005a69  ProcessReadRegCommand          
20005cc3  ProcessWriteCommand            
20005b2d  ProcessWriteRegCommand         
20006c09  Report                         
2000852b  ResetISR                       
UNDEFED   SHT$$INIT_ARRAY$$Base          
UNDEFED   SHT$$INIT_ARRAY$$Limit         
20006b71  TrimSpace                      
2000837f  UARTCharGetNonBlocking         
20008345  UARTCharPut                    
200083d1  UARTCharsAvail                 
20007ccb  UARTConfigSetExpClk            
2000818d  UARTDisable                    
20008299  UARTEnable                     
2000854b  UtilsDelay                     
20030000  __STACK_END                    
00000800  __STACK_SIZE                   
00000800  __SYSMEM_SIZE                  
200089fc  __TI_CINIT_Base                
20008a0c  __TI_CINIT_Limit               
200089f4  __TI_Handler_Table_Base        
200089fc  __TI_Handler_Table_Limit       
20007d41  __TI_auto_init                 
20017800  __TI_cleanup_ptr               
2000851d  __TI_decompress_none           
20008551  __TI_decompress_rle24          
20017804  __TI_dtors_ptr                 
20017808  __TI_enable_exit_profile_output
ffffffff  __TI_pprof_out_hndl            
200051f7  __TI_printfi                   
ffffffff  __TI_prof_data_size            
ffffffff  __TI_prof_data_start           
200089c0  __TI_static_base__             
20007ac1  __aeabi_cdcmpeq                
20007ac1  __aeabi_cdcmple                
20007b47  __aeabi_cdrcmple               
20008015  __aeabi_d2iz                   
2000709b  __aeabi_dadd                   
200073c1  __aeabi_ddiv                   
2000760d  __aeabi_dmul                   
20007091  __aeabi_dsub                   
200081bd  __aeabi_i2d                    
20007c51  __aeabi_memclr                 
20007c51  __aeabi_memclr4                
20007c51  __aeabi_memclr8                
20007881  __aeabi_memcpy                 
20007881  __aeabi_memcpy4                
20007881  __aeabi_memcpy8                
20007c53  __aeabi_memset                 
20007c53  __aeabi_memset4                
20007c53  __aeabi_memset8                
20006cc9  __aeabi_uldivmod               
ffffffff  __binit__                      
ffffffff  __c_args__                     
20007247  __mpu_init                     
2002f800  __stack                        
200083e9  _args_main                     
2000809d  _c_int00                       
20008560  _ctypes_                       
20017818  _lock                          
200084bf  _nop                           
200084b7  _register_lock                 
200084b1  _register_unlock               
20017000  _sys_memory                    
200074f7  _system_post_cinit             
20008557  _system_pre_init               
2001781c  _unlock                        
20007f2d  abort                          
200064cd  atan                           
20006ebd  atan2                          
20006ebd  atan2l                         
200064cd  atanl                          
20007f7d  atoi                           
ffffffff  binit                          
20006499  calloc                         
20007fc9  copy_in                        
20008543  copysign                       
20008543  copysignl                      
20017820  errno                          
20007f35  exit                           
200061e7  free                           
20007e1d  frexp                          
20007e1d  frexpl                         
20004000  g_pfnVectors                   
20007709  ldexp                          
20007709  ldexpl                         
20007ed1  ltoa                           
20005e85  main                           
20017824  main_func_sp                   
2000617f  malloc                         
200063b5  memalign                       
2000839b  memccpy                        
20007881  memcpy                         
200082bd  memmove                        
20007c59  memset                         
200060f1  minit                          
200062a9  realloc                        
20007709  scalbn                         
20007709  scalbnl                        
20008471  strchr                         
20008401  strcmp                         
200082e1  strcspn                        
200084c5  strlen                         
20008245  strspn                         
200080dd  strtok                         
200074f9  strtoul                        
20007a39  vsnprintf                      


GLOBAL SYMBOLS: SORTED BY Symbol Address 

address   name                           
-------   ----                           
00000800  __STACK_SIZE                   
00000800  __SYSMEM_SIZE                  
20004000  g_pfnVectors                   
200051f7  __TI_printfi                   
200054fd  DisplayPrompt                  
20005507  DisplayUsage                   
20005959  DisplayBuffer                  
200059df  ProcessReadCommand             
20005a69  ProcessReadRegCommand          
20005b2d  ProcessWriteRegCommand         
20005cc3  ProcessWriteCommand            
20005dcf  ParseNProcessCmd               
20005e85  main                           
200060f1  minit                          
2000617f  malloc                         
200061e7  free                           
200062a9  realloc                        
200063b5  memalign                       
20006499  calloc                         
200064cd  atan                           
200064cd  atanl                          
2000682d  I2C_IF_Write                   
200068e3  I2C_IF_Read                    
2000699f  I2C_IF_ReadFrom                
200069e9  I2C_IF_Open                    
20006a31  I2C_IF_Close                   
20006a49  InitTerm                       
20006a67  Message                        
20006a89  ClearTerm                      
20006a93  Error                          
20006acb  GetCmd                         
20006b71  TrimSpace                      
20006c09  Report                         
20006cc9  __aeabi_uldivmod               
20006ebd  atan2                          
20006ebd  atan2l                         
20007091  __aeabi_dsub                   
2000709b  __aeabi_dadd                   
20007247  __mpu_init                     
20007249  PRCMCC3200MCUInit              
200073c1  __aeabi_ddiv                   
200074f7  _system_post_cinit             
200074f9  strtoul                        
2000760d  __aeabi_dmul                   
20007709  ldexp                          
20007709  ldexpl                         
20007709  scalbn                         
20007709  scalbnl                        
200077d9  IntEnable                      
20007881  __aeabi_memcpy                 
20007881  __aeabi_memcpy4                
20007881  __aeabi_memcpy8                
20007881  memcpy                         
2000791d  PRCMPeripheralClockGet         
200079b1  PinConfigSet                   
20007a39  vsnprintf                      
20007ac1  __aeabi_cdcmpeq                
20007ac1  __aeabi_cdcmple                
20007b47  __aeabi_cdrcmple               
20007bcd  I2CMasterInitExpClk            
20007c51  __aeabi_memclr                 
20007c51  __aeabi_memclr4                
20007c51  __aeabi_memclr8                
20007c53  __aeabi_memset                 
20007c53  __aeabi_memset4                
20007c53  __aeabi_memset8                
20007c59  memset                         
20007ccb  UARTConfigSetExpClk            
20007d41  __TI_auto_init                 
20007e1d  frexp                          
20007e1d  frexpl                         
20007e79  PRCMPeripheralReset            
20007ed1  ltoa                           
20007f29  C$$EXIT                        
20007f2d  abort                          
20007f35  exit                           
20007f7d  atoi                           
20007fc9  copy_in                        
20008015  __aeabi_d2iz                   
2000805d  PinModeSet                     
2000809d  _c_int00                       
200080dd  strtok                         
2000811d  PRCMPeripheralClkEnable        
20008159  PinMuxConfig                   
2000818d  UARTDisable                    
200081bd  __aeabi_i2d                    
200081eb  I2CMasterErr                   
20008219  PRCMSysResetCauseGet           
20008245  strspn                         
20008271  PRCMPeripheralClkDisable       
20008299  UARTEnable                     
200082bd  memmove                        
200082e1  strcspn                        
20008305  I2CMasterSlaveAddrSet          
20008327  I2CMasterIntStatusEx           
20008345  UARTCharPut                    
20008363  PinTypeI2C                     
2000837f  UARTCharGetNonBlocking         
2000839b  memccpy                        
200083b7  PinTypeUART                    
200083d1  UARTCharsAvail                 
200083e9  _args_main                     
20008401  strcmp                         
20008419  I2CMasterDataPut               
2000842f  I2CMasterEnable                
20008445  PRCMHIBRegRead                 
2000845b  PRCMHIBRegWrite                
20008471  strchr                         
20008487  CPUcpsie                       
2000849d  IntVTableBaseSet               
200084b1  _register_unlock               
200084b7  _register_lock                 
200084bf  _nop                           
200084c5  strlen                         
200084d9  I2CMasterControl               
200084eb  I2CMasterIntClearEx            
200084fd  I2CMasterTimeoutSet            
2000850f  I2CMasterDataGet               
2000851d  __TI_decompress_none           
2000852b  ResetISR                       
20008539  IntMasterEnable                
20008543  copysign                       
20008543  copysignl                      
2000854b  UtilsDelay                     
20008551  __TI_decompress_rle24          
20008557  _system_pre_init               
20008560  _ctypes_                       
200089c0  __TI_static_base__             
200089f4  __TI_Handler_Table_Base        
200089fc  __TI_CINIT_Base                
200089fc  __TI_Handler_Table_Limit       
20008a0c  __TI_CINIT_Limit               
20017000  _sys_memory                    
20017800  __TI_cleanup_ptr               
20017804  __TI_dtors_ptr                 
20017808  __TI_enable_exit_profile_output
20017818  _lock                          
2001781c  _unlock                        
20017820  errno                          
20017824  main_func_sp                   
2002f800  __stack                        
20030000  __STACK_END                    
ffffffff  __TI_pprof_out_hndl            
ffffffff  __TI_prof_data_size            
ffffffff  __TI_prof_data_start           
ffffffff  __binit__                      
ffffffff  __c_args__                     
ffffffff  binit                          
UNDEFED   SHT$$INIT_ARRAY$$Base          
UNDEFED   SHT$$INIT_ARRAY$$Limit         

[150 symbols]
